22:59:35.752 > TimeMs,Seq,T_round,T_reply,CFO_ppm,RSSI,FPP,T_ESP,RawDist
22:59:35.758 > 1126,1,95859591,95846191,8181.38,-71.15,-78.82,34.4,31.4348
22:59:35.811 > 1179,2,95859321,95845920,8181.38,-72.38,-80.29,35.4,31.4348
22:59:35.864 > 1232,3,95859459,95846052,8195.60,-71.27,-81.55,34.4,31.4489
22:59:35.917 > 1285,4,95859566,95846158,8181.82,-71.67,-79.60,34.4,31.4536
22:59:35.970 > 1338,5,95859662,95846257,8181.38,-73.59,-81.41,35.4,31.4442
22:59:36.023 > 1391,6,95859766,95846357,8178.88,-73.17,-81.82,35.4,31.4536
22:59:36.076 > 1444,7,95859377,95845964,8174.48,-73.83,-82.57,35.4,31.4630
22:59:36.129 > 1497,8,95859472,95846064,8176.46,-73.94,-80.98,34.4,31.4536
22:59:36.182 > 1550,9,95859590,95846187,8182.48,-72.74,-79.34,34.4,31.4395
22:59:36.235 > 1603,10,95859701,95846303,8175.29,-72.16,-80.08,34.4,31.4301
22:59:36.288 > 1656,11,95859305,95845897,8178.96,-71.48,-78.77,34.4,31.4536
22:59:36.353 > 1709,12,95859419,95846010,8179.54,-72.64,-80.97,34.4,31.4536
22:59:36.394 > 1762,13,95859526,95846127,8178.37,-72.42,-81.00,34.4,31.4301
22:59:36.447 > 1815,14,95859659,95846243,8179.91,-71.91,-79.65,34.4,31.4724
22:59:36.500 > 1868,15,95859770,95846361,8179.54,-70.69,-80.71,34.4,31.4536
22:59:36.553 > 1921,16,95859386,95845957,8178.88,-70.76,-79.47,34.4,31.5005
22:59:36.606 > 1974,17,95859509,95846095,8179.84,-70.14,-80.15,35.4,31.4677
22:59:36.659 > 2027,18,95859633,95846218,8176.61,-69.92,-79.97,34.4,31.4677
22:59:36.712 > 2080,19,95859757,95846343,8180.13,-71.13,-81.41,35.4,31.4677
22:59:36.765 > 2133,20,95859375,95845954,8182.62,-70.23,-81.50,34.4,31.4817
22:59:36.818 > 2186,21,95859503,95846084,8179.32,-70.05,-80.11,34.4,31.4770
22:59:36.871 > 2239,22,95859631,95846215,8178.08,-70.15,-80.02,34.4,31.4724
22:59:36.924 > 2292,23,95859766,95846354,8174.78,-69.26,-80.18,34.4,31.4630
22:59:36.977 > 2345,24,95859384,95845966,8182.26,-69.62,-80.30,35.4,31.4770
22:59:37.030 > 2398,25,95859511,95846108,8178.15,-69.76,-78.94,35.4,31.4395
22:59:37.083 > 2451,26,95859657,95846241,8174.92,-70.57,-78.23,34.4,31.4724
22:59:37.136 > 2504,27,95859786,95846380,8175.07,-72.45,-81.65,35.4,31.4489
22:59:37.189 > 2557,28,95859403,95846002,8180.86,-71.43,-81.20,35.4,31.4348
22:59:37.242 > 2610,29,95859563,95846159,8182.99,-71.57,-81.75,34.4,31.4442
22:59:37.295 > 2663,30,95859696,95846289,8181.38,-70.50,-79.71,34.4,31.4489
22:59:37.348 > 2716,31,95859330,95845921,8182.33,-70.03,-78.32,34.4,31.4536
22:59:37.401 > 2769,32,95859473,95846058,8181.60,-69.56,-78.86,34.4,31.4677
22:59:37.454 > 2822,33,95859607,95846202,8177.71,-71.19,-79.44,35.4,31.4442
22:59:37.507 > 2875,34,95859752,95846344,8176.39,-71.05,-79.66,34.4,31.4536
22:59:37.560 > 2928,35,95859396,95845982,8175.95,-71.76,-79.62,34.4,31.4677
22:59:37.613 > 2981,36,95859543,95846134,8178.08,-69.23,-79.25,34.4,31.4536
22:59:37.666 > 3034,37,95859694,95846277,8177.56,-73.18,-82.28,34.4,31.4724
22:59:37.719 > 3087,38,95859335,95845922,8182.62,-70.79,-80.85,34.4,31.4630
22:59:37.772 > 3140,39,95859472,95846066,8178.44,-70.64,-79.40,35.4,31.4489
22:59:37.825 > 3193,40,95859628,95846221,8181.08,-69.96,-80.58,34.4,31.4489
22:59:37.878 > 3246,41,95859791,95846383,8176.17,-74.37,-81.82,34.4,31.4536
22:59:37.931 > 3299,42,95859433,95846014,8179.18,-68.90,-79.21,34.4,31.4770
22:59:37.984 > 3352,43,95859581,95846172,8180.20,-70.81,-80.69,34.4,31.4536
22:59:38.037 > 3405,44,95859750,95846343,8175.88,-70.51,-79.52,34.4,31.4489
22:59:38.090 > 3458,45,95859390,95845983,8175.00,-70.44,-78.61,34.4,31.4489
22:59:38.143 > 3511,46,95859562,95846141,8177.05,-71.64,-82.46,34.4,31.4817
22:59:38.196 > 3564,47,95859728,95846309,8179.54,-70.27,-78.31,34.4,31.4770
22:59:38.249 > 3617,48,95859365,95845968,8182.33,-72.07,-79.98,34.4,31.4254
22:59:38.302 > 3670,49,95859545,95846129,8181.82,-70.38,-78.45,34.4,31.4724
22:59:38.356 > 3723,50,95859701,95846297,8174.70,-71.64,-78.76,34.4,31.4442
22:59:38.408 > 3776,51,95859364,95845961,8181.67,-73.01,-83.04,34.4,31.4395
22:59:38.461 > 3829,52,95859538,95846122,8176.76,-71.14,-79.19,34.4,31.4724
22:59:38.514 > 3882,53,95859715,95846303,8179.03,-71.01,-78.82,34.4,31.4630
22:59:38.567 > 3935,54,95859382,95845960,8178.88,-70.00,-79.44,34.4,31.4864
22:59:38.620 > 3988,55,95859562,95846144,8174.34,-69.62,-78.96,34.4,31.4770
22:59:38.673 > 4041,56,95859738,95846336,8178.66,-70.07,-79.04,34.4,31.4395
22:59:38.726 > 4094,57,95859402,95845993,8177.34,-71.98,-79.01,34.4,31.4536
22:59:38.779 > 4147,58,95859578,95846166,8179.69,-71.17,-78.69,34.4,31.4630
22:59:38.832 > 4200,59,95859781,95846366,8182.70,-71.64,-80.12,34.4,31.4677
22:59:38.885 > 4253,60,95859445,95846033,8175.51,-71.07,-81.12,34.4,31.4630
22:59:38.938 > 4306,61,95859634,95846227,8177.86,-70.14,-80.67,34.4,31.4489
22:59:38.991 > 4359,62,95859314,95845908,8174.85,-71.58,-83.87,34.4,31.4489
22:59:39.044 > 4412,63,95859501,95846093,8181.38,-70.78,-80.25,34.4,31.4536
22:59:39.097 > 4465,64,95859696,95846287,8181.82,-72.04,-80.73,34.4,31.4536
22:59:39.150 > 4518,65,95859387,95845987,8178.22,-72.94,-82.60,34.4,31.4348
22:59:39.203 > 4571,66,95859576,95846163,8181.16,-71.64,-81.02,34.4,31.4630
22:59:39.256 > 4624,67,95859779,95846365,8174.70,-71.22,-79.02,34.4,31.4677
22:59:39.320 > 4677,68,95859467,95846049,8175.88,-71.58,-78.50,34.4,31.4770
22:59:39.362 > 4730,69,95859669,95846241,8174.78,-71.58,-79.40,34.4,31.5005
22:59:39.415 > 4783,70,95859350,95845938,8175.00,-69.99,-78.73,34.4,31.4630
22:59:39.468 > 4836,71,95859560,95846143,8181.23,-70.36,-78.91,34.4,31.4724
22:59:39.521 > 4889,72,95859754,95846346,8183.65,-71.79,-80.52,34.4,31.4536
22:59:39.574 > 4942,73,95859440,95846033,8175.00,-70.90,-81.66,34.4,31.4489
22:59:39.627 > 4995,74,95859660,95846237,8177.56,-71.40,-78.49,34.4,31.4864
22:59:39.680 > 5048,75,95859354,95845940,8175.58,-70.89,-78.56,34.4,31.4677
22:59:39.733 > 5101,76,95859561,95846153,8177.78,-70.82,-79.09,34.4,31.4536
22:59:39.786 > 5154,77,95859762,95846348,8182.33,-70.87,-79.78,34.4,31.4677
22:59:39.839 > 5207,78,95859466,95846041,8177.71,-69.80,-78.81,34.4,31.4911
22:59:39.892 > 5260,79,95859673,95846252,8175.29,-71.58,-81.91,34.4,31.4817
22:59:39.945 > 5313,80,95859363,95845956,8175.88,-70.93,-79.84,34.4,31.4489
22:59:39.998 > 5366,81,95859584,95846175,8179.62,-71.10,-78.90,34.4,31.4536
22:59:40.051 > 5419,82,95859797,95846377,8175.88,-71.31,-78.97,34.4,31.4817
22:59:40.104 > 5472,83,95859495,95846094,8178.15,-72.61,-82.05,34.4,31.4348
22:59:40.157 > 5525,84,95859722,95846307,8179.84,-70.59,-78.52,34.4,31.4677
22:59:40.210 > 5578,85,95859420,95846007,8174.34,-70.19,-79.10,34.4,31.4630
22:59:40.263 > 5631,86,95859624,95846219,8180.64,-69.49,-81.18,34.4,31.4442
22:59:40.316 > 5684,87,95859349,95845933,8180.13,-70.36,-78.83,34.4,31.4724
22:59:40.370 > 5737,88,95859559,95846156,8174.92,-72.42,-80.98,34.4,31.4395
22:59:40.422 > 5790,89,95859787,95846369,8181.96,-69.97,-78.57,35.4,31.4770
22:59:40.475 > 5843,90,95859501,95846083,8176.61,-70.32,-78.73,34.4,31.4770
22:59:40.528 > 5896,91,95859711,95846301,8181.60,-70.50,-82.14,34.4,31.4583
22:59:40.581 > 5949,92,95859429,95846010,8183.14,-72.51,-82.30,34.4,31.4770
22:59:40.634 > 6002,93,95859650,95846239,8181.38,-72.07,-80.16,34.4,31.4583
22:59:40.687 > 6055,94,95859360,95845951,8180.42,-72.01,-81.96,34.4,31.4536
22:59:40.740 > 6108,95,95859589,95846182,8178.96,-71.25,-79.55,34.4,31.4489
22:59:40.793 > 6161,96,95859814,95846398,8176.61,-69.88,-79.21,34.4,31.4724
22:59:40.846 > 6214,97,95859534,95846118,8180.57,-69.97,-78.43,34.4,31.4724
22:59:40.899 > 6267,98,95859762,95846340,8181.60,-70.04,-79.62,34.4,31.4864
22:59:40.952 > 6320,99,95859484,95846069,8181.67,-69.92,-78.38,34.4,31.4677
22:59:41.005 > 6373,100,95859709,95846288,8178.96,-71.73,-83.25,34.4,31.4817
22:59:41.058 > 6426,101,95859430,95846019,8183.65,-70.75,-79.01,34.4,31.4583
22:59:41.111 > 6479,102,95859665,95846251,8177.12,-72.29,-79.32,34.4,31.4677
22:59:41.164 > 6532,103,95859380,95845970,8175.00,-70.95,-79.96,35.4,31.4583
22:59:41.217 > 6585,104,95859606,95846193,8174.92,-71.46,-79.22,34.4,31.4630
22:59:41.270 > 6638,105,95859331,95845926,8175.44,-71.37,-78.45,34.4,31.4442
22:59:41.340 > 6691,106,95859563,95846162,8179.47,-71.85,-81.32,34.4,31.4348
22:59:41.376 > 6744,107,95859812,95846398,8182.62,-73.11,-81.73,34.4,31.4677
22:59:41.429 > 6797,108,95859529,95846121,8176.24,-71.73,-79.66,34.4,31.4536
22:59:41.482 > 6850,109,95859762,95846352,8175.58,-70.69,-81.24,34.4,31.4583
22:59:41.535 > 6903,110,95859494,95846074,8179.54,-72.51,-80.20,34.4,31.4817
22:59:41.588 > 6956,111,95859739,95846321,8183.58,-71.57,-78.70,35.4,31.4770
22:59:41.641 > 7009,112,95859451,95846039,8182.92,-70.98,-78.96,34.4,31.4630
22:59:41.694 > 7062,113,95859697,95846285,8174.70,-70.11,-80.28,34.4,31.4630
22:59:41.747 > 7115,114,95859431,95846024,8180.35,-70.85,-79.24,34.4,31.4489
22:59:41.800 > 7168,115,95859665,95846251,8181.38,-71.55,-78.60,34.4,31.4677
22:59:41.853 > 7221,116,95859391,95845985,8175.88,-71.61,-78.68,34.4,31.4489
22:59:41.906 > 7274,117,95859646,95846230,8181.08,-74.12,-84.69,34.4,31.4724
22:59:41.959 > 7327,118,95859370,95845950,8174.56,-71.52,-79.80,34.4,31.4817
22:59:42.012 > 7380,119,95859620,95846209,8182.11,-71.67,-79.33,34.4,31.4583
22:59:42.065 > 7433,120,95859351,95845939,8176.68,-71.08,-78.66,34.4,31.4630
22:59:42.118 > 7486,121,95859598,95846174,8183.65,-71.61,-78.72,34.4,31.4911
22:59:42.171 > 7539,122,95859324,95845914,8179.32,-71.64,-78.98,34.4,31.4583
22:59:42.224 > 7592,123,95859576,95846166,8183.28,-73.66,-81.77,34.4,31.4583
22:59:42.277 > 7645,124,95859315,95845899,8181.74,-71.34,-80.16,34.4,31.4724
22:59:42.330 > 7698,125,95859561,95846159,8175.58,-73.18,-82.55,34.4,31.4395
22:59:42.383 > 7751,126,95859306,95845890,8182.62,-71.17,-79.23,34.4,31.4724
22:59:42.436 > 7804,127,95859554,95846140,8178.66,-71.31,-78.58,34.4,31.4677
22:59:42.489 > 7857,128,95859806,95846383,8181.67,-73.78,-81.83,34.4,31.4864
22:59:42.542 > 7910,129,95859555,95846137,8180.35,-71.55,-78.63,34.4,31.4770
22:59:42.595 > 7963,130,95859801,95846383,8181.52,-71.49,-79.74,34.4,31.4770
22:59:42.648 > 8016,131,95859546,95846125,8182.33,-70.90,-78.63,34.4,31.4817
22:59:42.701 > 8069,132,95859804,95846383,8175.14,-71.02,-78.44,34.4,31.4817
22:59:42.754 > 8122,133,95859540,95846122,8177.78,-70.01,-78.43,34.4,31.4770
22:59:42.807 > 8175,134,95859805,95846385,8180.72,-71.21,-78.75,34.4,31.4817
22:59:42.860 > 8228,135,95859555,95846133,8181.38,-70.81,-78.62,34.4,31.4864
22:59:42.913 > 8281,136,95859802,95846385,8180.50,-72.01,-79.29,34.4,31.4724
22:59:42.966 > 8334,137,95859564,95846147,8174.85,-73.21,-80.42,34.4,31.4724
22:59:43.019 > 8387,138,95859306,95845897,8176.32,-72.29,-79.57,34.4,31.4536
22:59:43.072 > 8440,139,95859562,95846165,8176.46,-71.07,-80.75,34.4,31.4254
22:59:43.125 > 8493,140,95859330,95845911,8181.16,-71.34,-78.49,34.4,31.4770
22:59:43.178 > 8546,141,95859594,95846178,8177.71,-73.73,-81.33,34.4,31.4724
22:59:43.231 > 8599,142,95859344,95845922,8181.23,-70.68,-78.76,34.4,31.4864
22:59:43.284 > 8652,143,95859613,95846205,8176.90,-71.40,-79.63,34.4,31.4536
22:59:43.343 > 8705,144,95859366,95845965,8174.92,-69.92,-79.57,34.4,31.4348
22:59:43.390 > 8758,145,95859643,95846221,8182.84,-73.31,-81.95,34.4,31.4864
22:59:43.443 > 8811,146,95859407,95845988,8181.67,-71.45,-78.21,34.4,31.4770
22:59:43.496 > 8864,147,95859672,95846257,8179.18,-71.49,-78.60,34.4,31.4677
22:59:43.549 > 8917,148,95859426,95846023,8178.15,-71.52,-80.09,34.4,31.4395
22:59:43.602 > 8970,149,95859718,95846303,8176.10,-69.68,-78.68,34.4,31.4677
22:59:43.655 > 9023,150,95859474,95846055,8178.44,-71.07,-81.34,34.4,31.4770
22:59:43.708 > 9076,151,95859756,95846342,8178.44,-69.60,-80.44,34.4,31.4677
22:59:43.761 > 9129,152,95859523,95846115,8183.50,-70.34,-78.31,34.4,31.4536
22:59:43.814 > 9182,153,95859806,95846388,8175.29,-73.01,-81.92,34.4,31.4770
22:59:43.867 > 9235,154,95859568,95846145,8181.89,-74.39,-83.66,34.4,31.4864
22:59:43.920 > 9288,155,95859350,95845925,8181.38,-70.72,-78.87,34.4,31.4911
22:59:43.973 > 9341,156,95859617,95846211,8180.64,-73.21,-80.09,34.4,31.4489
22:59:44.026 > 9394,157,95859399,95845986,8179.18,-71.04,-78.30,34.4,31.4630
22:59:44.079 > 9447,158,95859688,95846263,8175.88,-70.51,-78.81,34.4,31.4911
22:59:44.132 > 9500,159,95859452,95846031,8177.93,-70.87,-80.68,34.4,31.4817
22:59:44.185 > 9553,160,95859735,95846321,8175.29,-70.51,-78.53,34.4,31.4677
22:59:44.238 > 9606,161,95859528,95846098,8176.17,-71.82,-79.89,34.4,31.5052
22:59:44.291 > 9659,162,95859816,95846397,8183.58,-70.03,-78.61,34.4,31.4770
22:59:44.357 > 9712,163,95859588,95846170,8182.04,-71.10,-82.28,35.4,31.4770
22:59:44.397 > 9765,164,95859363,95845954,8179.47,-70.15,-79.34,34.4,31.4536
22:59:44.450 > 9818,165,95859656,95846234,8174.78,-71.04,-79.01,34.4,31.4864
22:59:44.503 > 9871,166,95859433,95846019,8177.71,-71.02,-79.38,34.4,31.4677
22:59:44.556 > 9924,167,95859727,95846329,8183.43,-71.13,-78.70,35.4,31.4301
22:59:44.609 > 9977,168,95859511,95846098,8182.77,-71.85,-82.07,34.4,31.4630
22:59:44.662 > 10030,169,95859300,95845895,8182.77,-70.58,-78.62,34.4,31.4442
22:59:44.715 > 10083,170,95859601,95846179,8174.41,-70.88,-78.77,34.4,31.4864
22:59:44.768 > 10136,171,95859377,95845973,8181.67,-70.78,-81.42,34.4,31.4442
22:59:44.821 > 10189,172,95859683,95846266,8176.10,-70.76,-78.79,34.4,31.4724
22:59:44.874 > 10242,173,95859473,95846056,8182.26,-70.92,-78.93,34.4,31.4724
22:59:44.927 > 10295,174,95859762,95846353,8180.42,-71.82,-83.21,34.4,31.4536
22:59:44.980 > 10348,175,95859563,95846149,8177.56,-70.78,-79.86,34.4,31.4677
22:59:45.033 > 10401,176,95859353,95845950,8176.98,-71.02,-78.87,34.4,31.4395
22:59:45.086 > 10454,177,95859659,95846249,8178.96,-72.07,-81.27,34.4,31.4583
22:59:45.139 > 10507,178,95859445,95846033,8182.04,-70.62,-81.33,34.4,31.4630
22:59:45.192 > 10560,179,95859754,95846342,8181.96,-70.64,-80.81,34.4,31.4630
22:59:45.245 > 10613,180,95859559,95846146,8180.57,-71.31,-79.25,34.4,31.4630
22:59:45.298 > 10666,181,95859358,95845940,8175.00,-71.04,-78.41,34.4,31.4770
22:59:45.351 > 10719,182,95859668,95846246,8181.01,-72.77,-81.88,34.4,31.4864
22:59:45.404 > 10772,183,95859464,95846051,8182.26,-70.61,-78.13,34.4,31.4630
22:59:45.457 > 10825,184,95859777,95846359,8180.79,-71.11,-78.97,34.4,31.4770
22:59:45.510 > 10878,185,95859579,95846165,8176.02,-70.84,-78.53,34.4,31.4677
22:59:45.563 > 10931,186,95859382,95845961,8180.94,-70.87,-80.03,34.4,31.4817
22:59:45.616 > 10984,187,95859692,95846288,8182.11,-70.38,-80.82,34.4,31.4442
22:59:45.669 > 11037,188,95859503,95846089,8180.42,-71.08,-80.46,34.4,31.4677
22:59:45.722 > 11090,189,95859312,95845895,8177.20,-72.42,-83.36,34.4,31.4724
22:59:45.775 > 11143,190,95859629,95846200,8175.22,-72.10,-81.21,34.4,31.5005
22:59:45.828 > 11196,191,95859440,95846023,8176.24,-70.38,-80.08,34.4,31.4724
22:59:45.881 > 11249,192,95859751,95846338,8174.48,-71.58,-79.73,34.4,31.4630
22:59:45.934 > 11302,193,95859564,95846148,8178.00,-70.38,-80.17,34.4,31.4724
22:59:45.987 > 11355,194,95859367,95845963,8180.57,-70.68,-80.63,34.4,31.4442
22:59:46.040 > 11408,195,95859692,95846280,8178.96,-70.87,-80.33,35.4,31.4630
22:59:46.093 > 11461,196,95859497,95846091,8179.69,-70.68,-80.43,34.4,31.4489
22:59:46.146 > 11514,197,95859317,95845908,8180.79,-71.49,-82.95,34.4,31.4536
22:59:46.199 > 11567,198,95859642,95846230,8182.99,-70.22,-81.26,34.4,31.4630
22:59:46.252 > 11620,199,95859466,95846040,8175.00,-70.36,-78.48,34.4,31.4958
22:59:46.305 > 11673,200,95859785,95846374,8178.22,-70.76,-78.09,34.4,31.4583
22:59:46.373 > 11726,201,95859609,95846188,8179.84,-70.50,-78.57,34.4,31.4817
22:59:46.411 > 11779,202,95859419,95846002,8178.52,-70.68,-78.85,34.4,31.4724
22:59:46.464 > 11832,203,95859757,95846340,8181.60,-69.92,-79.16,34.4,31.4724
22:59:46.517 > 11885,204,95859571,95846159,8176.24,-71.49,-84.16,34.4,31.4630
22:59:46.570 > 11938,205,95859402,95845982,8179.10,-69.92,-78.35,34.4,31.4817
22:59:46.623 > 11991,206,95859732,95846314,8178.96,-70.57,-78.65,34.4,31.4770
22:59:46.676 > 12044,207,95859557,95846132,8180.79,-73.94,-81.47,34.4,31.4911
22:59:46.729 > 12097,208,95859368,95845953,8183.36,-71.25,-80.25,34.4,31.4677
22:59:46.782 > 12150,209,95859722,95846310,8177.42,-71.22,-78.29,34.4,31.4630
22:59:46.835 > 12203,210,95859536,95846118,8179.18,-73.48,-81.37,34.4,31.4770
22:59:46.888 > 12256,211,95859374,95845959,8176.68,-71.55,-79.65,34.4,31.4677
22:59:46.941 > 12309,212,95859709,95846301,8181.16,-71.91,-78.84,34.4,31.4536
22:59:46.994 > 12362,213,95859536,95846123,8177.27,-72.48,-79.82,34.4,31.4630
22:59:47.047 > 12415,214,95859363,95845943,8175.36,-71.17,-79.00,34.4,31.4817
22:59:47.100 > 12468,215,95859714,95846304,8179.25,-72.71,-79.67,34.4,31.4583
22:59:47.153 > 12521,216,95859547,95846124,8178.52,-71.82,-78.95,34.4,31.4864
22:59:47.206 > 12574,217,95859370,95845958,8177.71,-71.28,-79.10,34.4,31.4630
22:59:47.259 > 12627,218,95859718,95846307,8181.23,-72.16,-79.15,34.4,31.4583
22:59:47.326 > 12680,219,95859555,95846138,8181.67,-71.22,-78.46,34.4,31.4724
22:59:47.365 > 12733,220,95859379,95845971,8176.76,-72.23,-81.84,34.4,31.4536
22:59:47.418 > 12786,221,95859741,95846326,8180.57,-75.01,-82.12,34.4,31.4677
22:59:47.471 > 12839,222,95859567,95846165,8182.04,-71.64,-80.91,34.4,31.4395
22:59:47.524 > 12892,223,95859423,95846002,8178.00,-72.29,-79.07,34.4,31.4817
22:59:47.577 > 12945,224,95859773,95846357,8175.80,-71.49,-81.59,34.4,31.4724
22:59:47.630 > 12998,225,95859616,95846194,8177.20,-72.97,-80.25,34.4,31.4864
22:59:47.683 > 13051,226,95859451,95846034,8178.81,-72.48,-79.93,34.4,31.4724
22:59:47.736 > 13104,227,95859820,95846396,8179.98,-71.04,-79.33,34.4,31.4911
22:59:47.789 > 13157,228,95859662,95846248,8179.10,-71.03,-78.45,34.4,31.4677
22:59:47.842 > 13210,229,95859503,95846095,8175.88,-71.19,-80.91,34.4,31.4536
22:59:47.895 > 13263,230,95859350,95845936,8182.55,-72.67,-82.39,34.4,31.4677
22:59:47.948 > 13316,231,95859722,95846306,8178.08,-70.55,-78.45,34.4,31.4724
22:59:48.001 > 13369,232,95859563,95846151,8179.40,-70.30,-79.57,34.4,31.4630
22:59:48.054 > 13422,233,95859430,95846002,8182.26,-70.92,-78.91,34.4,31.5005
22:59:48.107 > 13475,234,95859788,95846370,8178.81,-73.03,-82.22,35.4,31.4770
22:59:48.160 > 13528,235,95859628,95846217,8182.18,-70.58,-81.01,34.4,31.4583
22:59:48.213 > 13581,236,95859483,95846076,8182.26,-70.21,-78.62,34.4,31.4489
22:59:48.266 > 13634,237,95859357,95845931,8176.46,-70.30,-78.33,34.4,31.4958
22:59:48.319 > 13687,238,95859724,95846305,8175.36,-71.98,-80.66,34.4,31.4770
22:59:48.372 > 13740,239,95859579,95846159,8179.54,-70.19,-79.22,35.4,31.4817
22:59:48.425 > 13793,240,95859436,95846030,8177.49,-69.75,-80.80,34.4,31.4489
22:59:48.478 > 13846,241,95859823,95846396,8178.88,-69.60,-78.89,34.4,31.4958
22:59:48.531 > 13899,242,95859680,95846264,8175.14,-69.51,-78.51,34.4,31.4724
22:59:48.584 > 13952,243,95859544,95846128,8179.25,-71.13,-79.99,34.4,31.4724
22:59:48.637 > 14005,244,95859406,95845987,8174.56,-69.84,-78.39,34.4,31.4770
22:59:48.690 > 14058,245,95859798,95846377,8177.49,-70.14,-78.40,35.4,31.4817
22:59:48.743 > 14111,246,95859657,95846241,8183.21,-69.91,-78.34,34.4,31.4724
22:59:48.796 > 14164,247,95859529,95846114,8182.55,-70.08,-78.16,34.4,31.4677
22:59:48.849 > 14217,248,95859390,95845981,8176.61,-70.10,-78.38,34.4,31.4536
22:59:48.902 > 14270,249,95859786,95846362,8175.44,-71.37,-79.70,34.4,31.4911
22:59:48.955 > 14323,250,95859650,95846231,8175.36,-70.30,-78.60,34.4,31.4770
22:59:49.008 > 14376,251,95859532,95846100,8175.29,-69.97,-78.36,35.4,31.5099
22:59:49.061 > 14429,252,95859398,95845975,8176.76,-70.10,-78.27,34.4,31.4864
22:59:49.114 > 14482,253,95859780,95846371,8176.39,-70.38,-78.38,34.4,31.4536
22:59:49.167 > 14535,254,95859649,95846228,8177.34,-71.85,-80.67,34.4,31.4817
22:59:49.220 > 14588,255,95859542,95846111,8163.27,-71.19,-78.59,35.4,31.5052
22:59:49.273 > 14641,256,95859413,95845986,8164.44,-71.55,-78.46,34.4,31.4958
22:59:49.326 > 14694,257,95859799,95846379,8181.74,-72.07,-80.68,34.4,31.4817
22:59:49.379 > 14747,258,95859683,95846262,8179.91,-72.93,-81.52,34.4,31.4817
22:59:49.432 > 14800,259,95859551,95846135,8179.47,-71.22,-78.94,34.4,31.4724
22:59:49.485 > 14853,260,95859427,95846016,8176.32,-70.99,-79.77,34.4,31.4583
22:59:49.538 > 14906,261,95859317,95845905,8176.61,-71.55,-81.61,34.4,31.4630
22:59:49.591 > 14959,262,95859716,95846298,8175.07,-73.55,-81.54,34.4,31.4770
22:59:49.644 > 15012,263,95859608,95846184,8178.59,-71.34,-78.63,34.4,31.4911
22:59:49.697 > 15065,264,95859483,95846066,8175.66,-71.37,-78.66,34.4,31.4724
22:59:49.750 > 15118,265,95859380,95845944,8164.00,-72.87,-81.05,35.4,31.5193
22:59:49.803 > 15171,266,95859757,95846351,8179.91,-71.20,-80.87,34.4,31.4489
22:59:49.856 > 15224,267,95859661,95846246,8177.93,-72.39,-79.87,34.4,31.4677
22:59:49.909 > 15277,268,95859552,95846126,8175.80,-70.30,-78.40,34.4,31.4958
22:59:49.962 > 15330,269,95859444,95846018,8178.88,-70.47,-80.58,34.4,31.4958
22:59:50.015 > 15383,270,95859330,95845917,8164.44,-70.59,-78.61,34.4,31.4630
22:59:50.068 > 15436,271,95859740,95846319,8163.63,-70.72,-79.16,34.4,31.4817
22:59:50.121 > 15489,272,95859634,95846224,8176.83,-70.39,-79.58,34.4,31.4583
22:59:50.174 > 15542,273,95859532,95846121,8175.58,-71.19,-78.68,34.4,31.4583
22:59:50.227 > 15595,274,95859420,95846006,8175.51,-70.75,-78.73,34.4,31.4677
22:59:50.280 > 15648,275,95859316,95845906,8181.01,-71.25,-81.67,34.4,31.4583
22:59:50.333 > 15701,276,95859741,95846320,8176.98,-73.27,-82.26,34.4,31.4817
22:59:50.386 > 15754,277,95859632,95846216,8181.52,-72.51,-81.65,34.4,31.4724
22:59:50.439 > 15807,278,95859529,95846115,8174.92,-70.71,-78.11,34.4,31.4677
22:59:50.492 > 15860,279,95859440,95846029,8164.22,-71.07,-80.11,34.4,31.4583
22:59:50.545 > 15913,280,95859343,95845922,8162.75,-71.61,-78.91,34.4,31.4817
22:59:50.598 > 15966,281,95859760,95846349,8179.47,-72.87,-82.32,34.4,31.4583
22:59:50.651 > 16019,282,95859670,95846246,8178.59,-73.47,-81.35,34.4,31.4911
22:59:50.704 > 16072,283,95859570,95846156,8177.20,-71.10,-79.55,34.4,31.4677
22:59:50.757 > 16125,284,95859478,95846061,8177.05,-70.59,-78.39,34.4,31.4724
22:59:50.810 > 16178,285,95859397,95845977,8177.86,-73.24,-80.73,34.4,31.4817
22:59:50.863 > 16231,286,95859314,95845890,8164.22,-72.74,-80.73,35.4,31.4911
22:59:50.916 > 16284,287,95859730,95846308,8180.64,-71.25,-78.68,34.4,31.4864
22:59:50.969 > 16337,288,95859635,95846223,8177.93,-72.29,-82.70,34.4,31.4630
22:59:51.022 > 16390,289,95859563,95846140,8174.78,-72.42,-80.00,34.4,31.4864
22:59:51.075 > 16443,290,95859463,95846041,8178.08,-72.64,-80.01,34.4,31.4864
22:59:51.128 > 16496,291,95859379,95845970,8177.64,-71.25,-81.33,34.4,31.4536
22:59:51.181 > 16549,292,95859807,95846395,8176.98,-71.19,-79.44,34.4,31.4630
22:59:51.234 > 16602,293,95859733,95846314,8177.56,-71.49,-78.83,34.4,31.4770
22:59:51.287 > 16655,294,95859652,95846228,8164.59,-73.40,-81.42,34.4,31.4911
22:59:51.342 > 16708,295,95859566,95846153,8175.58,-71.31,-80.00,34.4,31.4630
22:59:51.393 > 16761,296,95859481,95846071,8177.20,-71.31,-79.41,34.4,31.4583
22:59:51.446 > 16814,297,95859416,95845999,8176.32,-73.14,-80.62,34.4,31.4724
22:59:51.499 > 16867,298,95859336,95845922,8177.49,-71.31,-78.42,34.4,31.4677
22:59:51.552 > 16920,299,95859778,95846351,8175.36,-73.98,-82.08,34.4,31.4958
22:59:51.605 > 16973,300,95859690,95846275,8176.32,-71.79,-81.36,34.4,31.4677
22:59:51.658 > 17026,301,95859617,95846200,8177.20,-70.81,-79.01,34.4,31.4724
22:59:51.711 > 17079,302,95859540,95846119,8175.36,-70.99,-78.34,34.4,31.4817
22:59:51.764 > 17132,303,95859484,95846059,8178.15,-70.12,-78.28,34.4,31.4911
22:59:51.817 > 17185,304,95859410,95845978,8175.51,-71.22,-79.16,34.4,31.5099
22:59:51.870 > 17238,305,95859345,95845918,8164.15,-70.50,-78.78,34.4,31.4958
22:59:51.923 > 17291,306,95859784,95846360,8179.10,-70.54,-79.35,34.4,31.4911
22:59:51.976 > 17344,307,95859709,95846283,8177.93,-70.38,-82.13,34.4,31.4958
22:59:52.029 > 17397,308,95859632,95846215,8164.44,-69.96,-81.03,34.4,31.4724
22:59:52.082 > 17450,309,95859589,95846165,8175.51,-70.58,-78.90,34.4,31.4911
22:59:52.135 > 17503,310,95859517,95846099,8176.39,-71.24,-82.36,34.4,31.4770
22:59:52.188 > 17556,311,95859460,95846047,8175.44,-70.55,-78.97,34.4,31.4630
22:59:52.241 > 17609,312,95859387,95845971,8163.34,-70.43,-78.96,34.4,31.4724
22:59:52.294 > 17662,313,95859344,95845920,8161.58,-70.19,-78.48,34.4,31.4911
22:59:52.352 > 17715,314,95859784,95846367,8178.37,-71.85,-80.79,34.4,31.4724
22:59:52.400 > 17768,315,95859728,95846308,8174.34,-70.08,-79.04,34.4,31.4817
22:59:52.453 > 17821,316,95859677,95846250,8164.73,-70.29,-78.74,34.4,31.4958
22:59:52.506 > 17874,317,95859616,95846186,8164.37,-70.03,-78.54,34.4,31.5052
22:59:52.559 > 17927,318,95859551,95846126,8176.24,-70.32,-78.95,34.4,31.4911
22:59:52.612 > 17980,319,95859502,95846093,8175.58,-71.28,-82.23,34.4,31.4536
22:59:52.665 > 18033,320,95859443,95846027,8178.81,-70.61,-81.63,34.4,31.4724
22:59:52.718 > 18086,321,95859402,95845980,8177.05,-71.25,-78.83,34.4,31.4864
22:59:52.771 > 18139,322,95859350,95845938,8178.08,-71.37,-78.81,34.4,31.4630
22:59:52.824 > 18192,323,95859812,95846395,8175.95,-74.15,-82.59,35.4,31.4724
22:59:52.877 > 18245,324,95859754,95846350,8175.88,-70.79,-80.26,34.4,31.4442
22:59:52.930 > 18298,325,95859724,95846298,8175.51,-70.55,-79.02,35.4,31.4958
22:59:52.983 > 18351,326,95859676,95846253,8162.68,-70.04,-78.96,34.4,31.4864
22:59:53.036 > 18404,327,95859628,95846219,8161.95,-69.81,-79.97,34.4,31.4536
22:59:53.089 > 18457,328,95859584,95846170,8164.73,-70.32,-78.65,34.4,31.4677
22:59:53.142 > 18510,329,95859558,95846133,8174.70,-69.92,-78.87,34.4,31.4911
22:59:53.195 > 18563,330,95859509,95846093,8162.39,-70.52,-80.94,34.4,31.4724
22:59:53.248 > 18616,331,95859475,95846054,8175.29,-70.30,-78.30,34.4,31.4817
22:59:53.301 > 18669,332,95859440,95846021,8177.27,-70.15,-80.28,34.4,31.4770
22:59:53.354 > 18722,333,95859400,95845982,8163.41,-71.19,-80.72,34.4,31.4770
22:59:53.407 > 18775,334,95859374,95845950,8162.68,-70.37,-79.66,34.4,31.4911
22:59:53.460 > 18828,335,95859345,95845928,8179.47,-70.58,-78.41,34.4,31.4724
22:59:53.513 > 18881,336,95859319,95845900,8161.80,-70.50,-80.27,35.4,31.4770
22:59:53.566 > 18934,337,95859800,95846377,8164.15,-70.67,-79.16,34.4,31.4864
22:59:53.619 > 18987,338,95859780,95846356,8164.15,-70.23,-78.39,34.4,31.4911
22:59:53.672 > 19040,339,95859759,95846330,8163.12,-69.89,-78.70,35.4,31.5005
22:59:53.725 > 19093,340,95859728,95846306,8175.58,-70.73,-79.18,34.4,31.4864
22:59:53.778 > 19146,341,95859712,95846291,8177.49,-73.22,-80.73,34.4,31.4817
22:59:53.831 > 19199,342,95859681,95846264,8164.73,-73.62,-82.95,34.4,31.4724
22:59:53.884 > 19252,343,95859668,95846251,8176.10,-71.52,-78.29,34.4,31.4724
22:59:53.937 > 19305,344,95859648,95846235,8177.20,-71.46,-78.18,34.4,31.4630
22:59:53.990 > 19358,345,95859631,95846215,8174.70,-71.49,-80.00,34.4,31.4724
22:59:54.043 > 19411,346,95859617,95846191,8162.02,-73.27,-80.86,34.4,31.4958
22:59:54.096 > 19464,347,95859608,95846190,8161.65,-74.41,-82.25,34.4,31.4770
22:59:54.149 > 19517,348,95859594,95846175,8174.70,-71.97,-78.99,34.4,31.4770
22:59:54.202 > 19570,349,95859588,95846167,8162.17,-72.01,-78.73,34.4,31.4817
22:59:54.255 > 19623,350,95859571,95846147,8174.70,-71.20,-81.31,34.4,31.4911
22:59:54.308 > 19676,351,95859557,95846142,8175.58,-70.95,-79.80,34.4,31.4677
22:59:54.372 > 19729,352,95859558,95846137,8179.25,-71.14,-79.40,34.4,31.4817
22:59:54.414 > 19782,353,95859548,95846125,8163.63,-74.23,-81.87,34.4,31.4864
22:59:54.467 > 19835,354,95859546,95846116,8177.12,-71.79,-78.61,34.4,31.5052
22:59:54.520 > 19888,355,95859547,95846122,8175.73,-71.46,-78.69,34.4,31.4911
22:59:54.573 > 19941,356,95859540,95846114,8160.48,-70.75,-78.48,34.4,31.4958
22:59:54.626 > 19994,357,95859544,95846110,8176.39,-72.42,-81.12,34.4,31.5146
22:59:54.679 > 20047,358,95859544,95846113,8164.00,-71.40,-79.36,34.4,31.5052
22:59:54.732 > 20100,359,95859545,95846121,8159.09,-70.92,-78.52,34.4,31.4911
22:59:54.785 > 20153,360,95859543,95846114,8160.85,-70.68,-78.56,34.4,31.5005
22:59:54.838 > 20206,361,95859558,95846135,8176.17,-70.44,-78.50,34.4,31.4864
22:59:54.891 > 20259,362,95859557,95846132,8164.51,-70.03,-78.81,34.4,31.4911
22:59:54.944 > 20312,363,95859560,95846145,8162.61,-69.94,-80.21,34.4,31.4677
22:59:54.997 > 20365,364,95859581,95846154,8162.75,-70.15,-81.50,34.4,31.4958
22:59:55.050 > 20418,365,95859591,95846163,8162.75,-70.52,-78.69,34.4,31.5005
22:59:55.103 > 20471,366,95859601,95846172,8163.12,-72.29,-80.18,34.4,31.5005
22:59:55.156 > 20524,367,95859620,95846205,8158.57,-70.69,-79.07,34.4,31.4677
22:59:55.209 > 20577,368,95859638,95846221,8160.26,-71.82,-79.70,34.4,31.4724
22:59:55.262 > 20630,369,95859658,95846234,8161.58,-71.37,-78.65,34.4,31.4911
22:59:55.322 > 20683,370,95859685,95846262,8176.02,-72.41,-80.02,34.4,31.4864
22:59:55.368 > 20736,371,95859694,95846277,8164.22,-73.29,-82.39,34.4,31.4724
22:59:55.421 > 20789,372,95859727,95846303,8175.58,-72.04,-79.49,34.4,31.4911
22:59:55.474 > 20842,373,95859751,95846331,8162.68,-71.28,-78.77,34.4,31.4817
22:59:55.527 > 20895,374,95859774,95846353,8161.58,-73.30,-80.48,34.4,31.4817
22:59:55.580 > 20948,375,95859805,95846378,8161.65,-73.04,-81.00,34.4,31.4958
22:59:55.633 > 21001,376,95859312,95845904,8178.00,-73.44,-84.37,34.4,31.4536
22:59:55.686 > 21054,377,95859349,95845921,8162.68,-70.50,-78.37,34.4,31.5005
22:59:55.739 > 21107,378,95859377,95845960,8160.77,-71.49,-81.63,34.4,31.4724
22:59:55.792 > 21160,379,95859416,95845992,8158.43,-71.19,-79.14,34.4,31.4911
22:59:55.845 > 21213,380,95859445,95846026,8175.95,-71.02,-82.29,35.4,31.4770
22:59:55.898 > 21266,381,95859490,95846069,8161.36,-70.74,-79.31,34.4,31.4817
22:59:55.951 > 21319,382,95859521,95846104,8156.96,-70.85,-78.72,34.4,31.4724
22:59:56.004 > 21372,383,95859556,95846142,8176.46,-71.28,-79.90,34.4,31.4677
22:59:56.057 > 21425,384,95859607,95846176,8174.48,-72.54,-79.98,34.4,31.5052
22:59:56.110 > 21478,385,95859636,95846225,8162.61,-71.07,-80.78,34.4,31.4583
22:59:56.163 > 21531,386,95859679,95846259,8163.71,-71.85,-80.01,34.4,31.4817
22:59:56.216 > 21584,387,95859733,95846312,8161.58,-70.87,-78.26,34.4,31.4817
22:59:56.269 > 21637,388,95859774,95846355,8159.31,-71.22,-82.51,34.4,31.4770
22:59:56.322 > 21690,389,95859316,95845893,8159.97,-70.25,-79.59,34.4,31.4864
22:59:56.375 > 21743,390,95859366,95845934,8163.71,-71.28,-79.70,34.4,31.5099
22:59:56.428 > 21796,391,95859408,95845982,8164.59,-70.25,-78.91,34.4,31.4958
22:59:56.481 > 21849,392,95859450,95846036,8162.90,-69.88,-78.72,34.4,31.4677
22:59:56.534 > 21902,393,95859503,95846096,8160.11,-70.08,-81.64,34.4,31.4489
22:59:56.587 > 21955,394,95859573,95846149,8160.70,-69.52,-79.85,34.4,31.4911
22:59:56.640 > 22008,395,95859636,95846208,8162.68,-69.49,-78.84,34.4,31.5005
22:59:56.693 > 22061,396,95859687,95846253,8160.04,-72.70,-82.33,34.4,31.5146
22:59:56.746 > 22114,397,95859747,95846320,8163.34,-72.01,-80.67,34.4,31.4958
22:59:56.799 > 22167,398,95859799,95846378,8161.65,-70.15,-78.71,35.4,31.4817
22:59:56.852 > 22220,399,95859359,95845940,8164.00,-70.26,-78.88,34.4,31.4770
22:59:56.905 > 22273,400,95859419,95845986,8162.90,-70.27,-79.03,34.4,31.5099
22:59:56.958 > 22326,401,95859480,95846064,8157.69,-70.16,-79.13,34.4,31.4724
22:59:57.011 > 22379,402,95859550,95846130,8174.63,-70.04,-79.36,34.4,31.4817
22:59:57.064 > 22432,403,95859619,95846191,8164.59,-70.65,-79.72,34.4,31.5005
22:59:57.117 > 22485,404,95859683,95846256,8161.80,-69.54,-78.68,34.4,31.4958
22:59:57.170 > 22538,405,95859757,95846321,8162.90,-69.62,-79.08,34.4,31.5193
22:59:57.223 > 22591,406,95859827,95846393,8163.49,-69.23,-79.71,34.4,31.5146
22:59:57.276 > 22644,407,95859380,95845953,8156.37,-69.84,-79.66,34.4,31.4958
22:59:57.343 > 22697,408,95859447,95846018,8161.43,-71.11,-82.65,34.4,31.5005
22:59:57.382 > 22750,409,95859529,95846107,8161.51,-70.16,-78.88,34.4,31.4864
22:59:57.435 > 22803,410,95859599,95846179,8157.03,-70.50,-78.73,34.4,31.4817
22:59:57.488 > 22856,411,95859681,95846258,8161.95,-69.94,-78.92,34.4,31.4864
22:59:57.541 > 22909,412,95859761,95846347,8162.83,-70.57,-80.91,34.4,31.4677
22:59:57.594 > 22962,413,95859336,95845913,8163.93,-70.84,-78.83,34.4,31.4864
22:59:57.646 > 23015,414,95859419,95845985,8164.88,-72.10,-80.10,34.4,31.5146
22:59:57.699 > 23068,415,95859497,95846082,8159.23,-70.78,-79.53,34.4,31.4677
22:59:57.752 > 23121,416,95859574,95846161,8162.53,-70.67,-81.75,34.4,31.4630
22:59:57.805 > 23174,417,95859673,95846248,8161.43,-70.69,-78.29,34.4,31.4911
22:59:57.858 > 23227,418,95859760,95846336,8162.09,-70.83,-79.19,34.4,31.4911
22:59:57.911 > 23280,419,95859329,95845911,8157.77,-71.91,-84.92,34.4,31.4770
22:59:57.964 > 23333,420,95859419,95845991,8161.95,-71.14,-80.36,34.4,31.5005
22:59:58.018 > 23386,421,95859517,95846091,8156.89,-69.57,-80.27,35.4,31.4958
22:59:58.071 > 23439,422,95859597,95846173,8159.82,-70.38,-79.75,34.4,31.4911
22:59:58.124 > 23492,423,95859689,95846273,8162.61,-69.60,-79.53,34.4,31.4724
22:59:58.177 > 23545,424,95859788,95846361,8160.55,-69.49,-78.90,34.4,31.4958
22:59:58.230 > 23598,425,95859364,95845946,8162.17,-69.54,-79.28,34.4,31.4770
22:59:58.283 > 23651,426,95859458,95846032,8155.57,-69.72,-78.85,34.4,31.4958
22:59:58.348 > 23704,427,95859571,95846138,8162.09,-70.22,-79.86,34.4,31.5099
22:59:58.388 > 23757,428,95859659,95846236,8159.45,-69.62,-78.53,34.4,31.4864
22:59:58.442 > 23810,429,95859763,95846335,8158.57,-70.16,-79.75,34.4,31.5005
22:59:58.495 > 23863,430,95859353,95845926,8160.85,-69.52,-78.46,34.4,31.4958
22:59:58.547 > 23916,431,95859445,95846026,8160.63,-69.73,-80.68,34.4,31.4770
22:59:58.600 > 23969,432,95859557,95846123,8156.81,-70.34,-79.07,35.4,31.5146
22:59:58.654 > 24022,433,95859658,95846239,8160.55,-73.45,-82.18,34.4,31.4770
22:59:58.706 > 24075,434,95859761,95846347,8158.21,-70.55,-79.49,34.4,31.4677
22:59:58.760 > 24128,435,95859363,95845945,8176.02,-70.58,-78.64,35.4,31.4770
22:59:58.812 > 24181,436,95859480,95846053,8159.16,-71.45,-79.00,34.4,31.4958
22:59:58.866 > 24234,437,95859575,95846157,8159.82,-71.43,-81.90,34.4,31.4770
22:59:58.919 > 24287,438,95859689,95846269,8155.86,-71.05,-79.20,34.4,31.4817
22:59:58.972 > 24340,439,95859809,95846386,8158.06,-70.98,-78.58,34.4,31.4864
22:59:59.025 > 24393,440,95859405,95845982,8158.13,-73.87,-81.86,34.4,31.4864
22:59:59.078 > 24446,441,95859527,95846098,8156.67,-71.73,-79.84,34.4,31.5005
22:59:59.131 > 24499,442,95859630,95846222,8159.45,-70.76,-81.18,34.4,31.4536
22:59:59.184 > 24552,443,95859762,95846334,8158.65,-70.75,-79.19,34.4,31.5005
22:59:59.237 > 24605,444,95859360,95845930,8157.33,-70.99,-78.89,35.4,31.5052
22:59:59.289 > 24658,445,95859494,95846059,8157.18,-71.43,-78.47,34.4,31.5146
22:59:59.343 > 24711,446,95859608,95846178,8164.73,-72.91,-79.79,35.4,31.5052
22:59:59.395 > 24764,447,95859733,95846307,8159.60,-71.64,-79.08,34.4,31.4958
22:59:59.448 > 24817,448,95859346,95845925,8156.81,-73.07,-80.52,35.4,31.4817
22:59:59.502 > 24870,449,95859472,95846042,8159.01,-70.98,-78.27,34.4,31.5052
22:59:59.555 > 24923,450,95859594,95846170,8158.79,-73.96,-82.12,34.4,31.4911
22:59:59.608 > 24976,451,95859733,95846307,8156.15,-71.19,-78.85,34.4,31.4958
22:59:59.660 > 25029,452,95859340,95845913,8163.49,-70.78,-78.17,34.4,31.4958
22:59:59.714 > 25082,453,95859479,95846048,8158.35,-70.98,-79.11,34.4,31.5052
22:59:59.766 > 25135,454,95859608,95846177,8159.38,-70.71,-78.92,34.4,31.5052
22:59:59.819 > 25188,455,95859739,95846310,8160.55,-70.55,-78.89,34.4,31.5005
22:59:59.872 > 25241,456,95859358,95845922,8163.93,-70.26,-78.55,34.4,31.5193
22:59:59.925 > 25294,457,95859503,95846072,8163.63,-70.50,-79.06,34.4,31.5052
22:59:59.978 > 25347,458,95859638,95846213,8158.21,-72.78,-83.22,34.4,31.4911
23:00:00.031 > 25400,459,95859771,95846347,8164.88,-70.84,-81.55,34.4,31.4911
23:00:00.084 > 25453,460,95859404,95845984,8159.60,-70.73,-78.35,34.4,31.4817
23:00:00.137 > 25506,461,95859544,95846110,8161.95,-71.13,-78.71,34.4,31.5146
23:00:00.190 > 25559,462,95859685,95846252,8164.88,-72.35,-80.43,34.4,31.5099
23:00:00.243 > 25612,463,95859318,95845897,8158.87,-72.35,-81.69,34.4,31.4817
23:00:00.297 > 25665,464,95859462,95846041,8163.41,-72.16,-79.52,34.4,31.4817
23:00:00.352 > 25718,465,95859611,95846184,8163.93,-71.46,-78.74,34.4,31.4958
23:00:00.402 > 25771,466,95859755,95846338,8162.97,-72.16,-80.58,34.4,31.4724
23:00:00.455 > 25824,467,95859379,95845970,8162.09,-70.90,-81.37,34.4,31.4536
23:00:00.508 > 25877,468,95859533,95846107,8162.31,-74.03,-81.89,34.4,31.4958
23:00:00.561 > 25930,469,95859696,95846271,8157.91,-71.40,-79.59,34.4,31.4911
23:00:00.615 > 25983,470,95859321,95845898,8156.45,-71.07,-79.07,34.4,31.4864
23:00:00.668 > 26036,471,95859485,95846059,8160.77,-70.41,-78.48,34.4,31.4958
23:00:00.721 > 26089,472,95859640,95846216,8163.49,-72.72,-81.97,34.4,31.4911
23:00:00.773 > 26142,473,95859789,95846363,8158.50,-70.44,-78.51,34.4,31.4958
23:00:00.826 > 26195,474,95859440,95846015,8155.57,-70.53,-78.75,34.4,31.4911
23:00:00.879 > 26248,475,95859590,95846173,8157.55,-70.95,-79.16,34.4,31.4724
23:00:00.932 > 26301,476,95859742,95846316,8158.28,-72.74,-81.55,34.4,31.4958
23:00:00.985 > 26354,477,95859400,95845968,8158.35,-71.16,-79.48,34.4,31.5099
23:00:01.038 > 26407,478,95859557,95846138,8164.00,-70.99,-79.25,34.4,31.4770
23:00:01.091 > 26460,479,95859716,95846292,8157.69,-72.61,-81.11,35.4,31.4911
23:00:01.144 > 26513,480,95859379,95845953,8158.21,-70.64,-79.02,34.4,31.4958
23:00:01.198 > 26566,481,95859537,95846115,8158.06,-70.58,-78.62,34.4,31.4864
23:00:01.250 > 26619,482,95859708,95846285,8161.14,-73.12,-83.75,34.4,31.4864
23:00:01.303 > 26672,483,95859365,95845940,8163.71,-70.78,-79.14,34.4,31.4911
23:00:01.356 > 26725,484,95859522,95846107,8162.53,-70.79,-79.06,34.4,31.4677
23:00:01.410 > 26778,485,95859702,95846271,8157.55,-72.55,-83.61,34.4,31.5052
23:00:01.463 > 26831,486,95859363,95845939,8163.63,-70.52,-78.58,34.4,31.4911
23:00:01.516 > 26884,487,95859550,95846110,8164.15,-71.67,-79.93,34.4,31.5287
23:00:01.569 > 26937,488,95859711,95846292,8164.22,-70.91,-79.23,34.4,31.4770
23:00:01.622 > 26990,489,95859386,95845945,8160.63,-71.10,-79.89,34.4,31.5287
23:00:01.675 > 27043,490,95859558,95846120,8164.51,-71.22,-79.45,34.4,31.5240
23:00:01.728 > 27096,491,95859731,95846309,8159.75,-70.36,-78.55,34.4,31.4864
23:00:01.780 > 27149,492,95859398,95845975,8158.72,-70.30,-78.47,34.4,31.4864
23:00:01.833 > 27202,493,95859582,95846154,8160.11,-70.52,-78.67,34.4,31.5005
23:00:01.886 > 27255,494,95859758,95846355,8160.70,-70.51,-81.00,34.4,31.4395
23:00:01.939 > 27308,495,95859443,95846015,8164.59,-70.50,-79.16,34.4,31.5005
23:00:01.992 > 27361,496,95859627,95846201,8164.00,-73.40,-82.22,34.4,31.4958
23:00:02.045 > 27414,497,95859822,95846388,8156.15,-71.10,-79.44,34.4,31.5146
23:00:02.099 > 27467,498,95859496,95846063,8158.06,-70.52,-78.58,34.4,31.5099
23:00:02.152 > 27520,499,95859689,95846267,8156.89,-71.61,-79.75,34.4,31.4864
23:00:02.205 > 27573,500,95859369,95845938,8164.59,-70.99,-79.11,34.4,31.5052
23:00:02.258 > 27626,501,95859559,95846130,8162.39,-70.52,-78.53,34.4,31.5005
23:00:02.310 > 27679,502,95859755,95846327,8163.93,-71.20,-79.28,34.4,31.5005
23:00:02.382 > 27732,503,95859444,95846015,8155.57,-72.01,-80.71,34.4,31.5005
23:00:02.416 > 27785,504,95859638,95846207,8158.72,-71.43,-80.41,34.4,31.5052
23:00:02.470 > 27838,505,95859317,95845896,8156.45,-72.16,-83.67,34.4,31.4817
23:00:02.523 > 27891,506,95859531,95846095,8157.03,-70.45,-78.52,34.4,31.5193
23:00:02.576 > 27944,507,95859727,95846308,8162.02,-73.38,-81.78,34.4,31.4770
23:00:02.628 > 27997,508,95859423,95845992,8161.29,-70.37,-78.46,34.4,31.5052
23:00:02.682 > 28050,509,95859634,95846210,8164.81,-70.98,-80.51,34.4,31.4911
23:00:02.735 > 28103,510,95859319,95845908,8160.70,-71.67,-82.03,34.4,31.4583
23:00:02.788 > 28156,511,95859543,95846105,8162.61,-72.81,-80.88,34.4,31.5240
23:00:02.841 > 28209,512,95859755,95846323,8162.39,-72.57,-80.94,35.4,31.5099
23:00:02.894 > 28262,513,95859447,95846031,8162.24,-70.41,-80.26,34.4,31.4724
23:00:02.946 > 28315,514,95859650,95846234,8163.49,-73.61,-82.03,34.4,31.4724
23:00:03.000 > 28368,515,95859367,95845945,8164.29,-72.29,-80.83,34.4,31.4864
23:00:03.053 > 28421,516,95859571,95846161,8157.25,-70.36,-81.26,34.4,31.4583
23:00:03.106 > 28474,517,95859802,95846376,8161.14,-73.80,-82.07,34.4,31.4958
23:00:03.159 > 28527,518,95859506,95846094,8159.38,-70.71,-81.55,34.4,31.4630
23:00:03.212 > 28580,519,95859735,95846306,8157.33,-70.55,-78.65,34.4,31.5005
23:00:03.265 > 28633,520,95859436,95846024,8158.50,-70.61,-78.62,34.4,31.4630
23:00:03.323 > 28686,521,95859672,95846245,8163.05,-73.35,-81.84,34.4,31.4958
23:00:03.370 > 28739,522,95859383,95845957,8161.07,-73.38,-83.57,34.4,31.4958
23:00:03.423 > 28792,523,95859613,95846187,8163.85,-72.45,-81.04,34.4,31.4958
23:00:03.477 > 28845,524,95859331,95845918,8160.41,-73.50,-81.32,34.4,31.4630
23:00:03.530 > 28898,525,95859570,95846142,8158.79,-70.58,-79.53,34.4,31.5005
23:00:03.583 > 28951,526,95859801,95846374,8158.06,-70.57,-78.41,34.4,31.4958
23:00:03.635 > 29004,527,95859528,95846103,8157.11,-70.41,-78.49,34.4,31.4911
23:00:03.689 > 29057,528,95859767,95846342,8163.85,-72.23,-81.35,34.4,31.4911
23:00:03.742 > 29110,529,95859494,95846064,8163.56,-71.61,-79.85,35.4,31.5052
23:00:03.795 > 29163,530,95859734,95846308,8162.53,-70.57,-78.75,34.4,31.4958
23:00:03.847 > 29216,531,95859452,95846035,8156.67,-70.27,-78.94,34.4,31.4724
23:00:03.901 > 29269,532,95859698,95846270,8158.06,-72.93,-82.85,34.4,31.5005
23:00:03.953 > 29322,533,95859436,95846007,8156.67,-70.67,-79.34,34.4,31.5005
23:00:04.007 > 29375,534,95859667,95846249,8160.85,-70.67,-78.83,34.4,31.4770
23:00:04.060 > 29428,535,95859416,95845981,8161.73,-70.61,-78.68,34.4,31.5146
23:00:04.113 > 29481,536,95859662,95846230,8161.95,-70.45,-78.41,34.4,31.5099
23:00:04.166 > 29534,537,95859400,95845980,8164.15,-71.25,-79.67,34.4,31.4817
23:00:04.219 > 29587,538,95859645,95846223,8163.12,-72.04,-80.63,34.4,31.4864
23:00:04.271 > 29640,539,95859400,95845979,8159.23,-72.74,-80.91,34.4,31.4817
23:00:04.337 > 29693,540,95859636,95846218,8163.49,-70.65,-81.61,34.4,31.4770
23:00:04.377 > 29746,541,95859390,95845964,8162.09,-70.25,-78.60,34.4,31.4958
23:00:04.430 > 29799,542,95859645,95846226,8156.67,-71.79,-83.34,34.4,31.4770
23:00:04.484 > 29852,543,95859413,95845975,8163.56,-72.48,-80.76,34.4,31.5240
23:00:04.536 > 29905,544,95859656,95846233,8163.41,-70.72,-78.89,34.4,31.4864
23:00:04.590 > 29958,545,95859416,95845986,8158.79,-71.01,-78.87,34.4,31.5052
23:00:04.642 > 30011,546,95859677,95846252,8161.58,-70.29,-78.60,34.4,31.4911
23:00:04.695 > 30064,547,95859432,95846000,8163.56,-70.64,-78.93,34.4,31.5099
23:00:04.748 > 30117,548,95859698,95846270,8163.78,-70.73,-79.79,34.4,31.5005
23:00:04.801 > 30170,549,95859445,95846029,8162.46,-71.61,-83.00,34.4,31.4724
23:00:04.854 > 30223,550,95859719,95846299,8161.80,-71.04,-79.28,34.4,31.4817
23:00:04.908 > 30276,551,95859482,95846051,8159.09,-73.69,-82.12,34.4,31.5052
23:00:04.960 > 30329,552,95859762,95846331,8161.80,-71.08,-80.15,34.4,31.5052
23:00:05.013 > 30382,553,95859512,95846091,8163.19,-69.86,-80.83,34.4,31.4817
23:00:05.066 > 30435,554,95859789,95846365,8159.31,-70.29,-78.55,34.4,31.4911
23:00:05.119 > 30488,555,95859563,95846136,8163.27,-70.36,-78.73,34.4,31.4958
23:00:05.173 > 30541,556,95859313,95845894,8157.25,-72.81,-83.71,34.4,31.4770
23:00:05.226 > 30594,557,95859610,95846182,8163.34,-72.16,-80.36,34.4,31.5005
23:00:05.278 > 30647,558,95859376,95845957,8157.91,-70.32,-79.70,34.4,31.4770
23:00:05.338 > 30700,559,95859662,95846229,8157.55,-70.19,-78.60,34.4,31.5099
23:00:05.384 > 30753,560,95859435,95846002,8156.01,-70.37,-78.52,34.4,31.5099
23:00:05.437 > 30806,561,95859721,95846297,8163.12,-70.27,-78.70,34.4,31.4911
23:00:05.491 > 30859,562,95859504,95846064,8162.17,-70.78,-79.22,34.4,31.5287
23:00:05.544 > 30912,563,95859784,95846355,8163.19,-71.79,-80.05,34.4,31.5005
23:00:05.597 > 30965,564,95859570,95846145,8160.48,-70.40,-79.66,34.4,31.4911
23:00:05.649 > 31018,565,95859341,95845910,8156.81,-70.14,-78.45,34.4,31.5052
23:00:05.702 > 31071,566,95859632,95846209,8160.55,-70.76,-81.09,34.4,31.4864
23:00:05.755 > 31124,567,95859431,95845991,8162.75,-70.41,-78.92,34.4,31.5287
23:00:05.808 > 31177,568,95859720,95846285,8160.85,-70.78,-79.46,34.4,31.5146
23:00:05.861 > 31230,569,95859518,95846080,8158.79,-70.08,-80.29,34.4,31.5240
23:00:05.915 > 31283,570,95859820,95846386,8160.70,-70.34,-79.03,34.4,31.5146
23:00:05.967 > 31336,571,95859602,95846177,8163.34,-70.27,-78.61,34.4,31.4911
23:00:06.020 > 31389,572,95859392,95845958,8162.68,-73.50,-82.35,34.4,31.5146
23:00:06.073 > 31442,573,95859699,95846284,8159.16,-70.25,-80.97,34.4,31.4677
23:00:06.127 > 31495,574,95859498,95846065,8164.73,-70.38,-78.62,34.4,31.5099
23:00:06.180 > 31548,575,95859807,95846376,8160.77,-70.36,-78.66,34.4,31.5052
23:00:06.233 > 31601,576,95859611,95846183,8163.78,-71.61,-79.78,34.4,31.5005
23:00:06.286 > 31654,577,95859410,95845978,8155.86,-73.24,-81.95,34.4,31.5099
23:00:06.352 > 31707,578,95859720,95846285,8163.27,-72.04,-80.49,35.4,31.5146
23:00:06.391 > 31760,579,95859530,95846090,8159.01,-70.44,-78.48,34.4,31.5287
23:00:06.444 > 31813,580,95859323,95845904,8162.09,-70.61,-81.85,34.4,31.4770
23:00:06.497 > 31866,581,95859635,95846228,8159.38,-70.27,-81.30,34.4,31.4489
23:00:06.551 > 31919,582,95859451,95846025,8158.50,-71.11,-79.65,34.4,31.4958
23:00:06.604 > 31972,583,95859761,95846350,8157.62,-70.47,-80.86,34.4,31.4583
23:00:06.656 > 32025,584,95859568,95846147,8161.43,-70.32,-80.97,34.4,31.4817
23:00:06.710 > 32078,585,95859385,95845967,8158.87,-70.87,-79.41,34.4,31.4770
23:00:06.763 > 32131,586,95859715,95846282,8161.65,-70.36,-78.61,34.4,31.5099
23:00:06.816 > 32184,587,95859530,95846091,8161.43,-70.38,-78.58,34.4,31.5240
23:00:06.869 > 32237,588,95859349,95845919,8157.25,-72.10,-80.76,34.4,31.5052
23:00:06.922 > 32290,589,95859670,95846240,8164.22,-70.30,-78.40,35.4,31.5052
23:00:06.974 > 32343,590,95859496,95846045,8160.63,-70.51,-78.67,34.4,31.5521
23:00:07.027 > 32396,591,95859829,95846395,8164.37,-71.04,-80.13,34.4,31.5146
23:00:07.080 > 32449,592,95859638,95846205,8161.95,-70.50,-80.20,34.4,31.5099
23:00:07.134 > 32502,593,95859466,95846043,8159.38,-70.61,-78.96,34.4,31.4864
23:00:07.187 > 32555,594,95859809,95846372,8156.67,-70.29,-78.35,34.4,31.5193
23:00:07.240 > 32608,595,95859627,95846195,8164.44,-70.69,-79.24,34.4,31.5099
23:00:07.293 > 32661,596,95859438,95846026,8159.38,-73.10,-84.10,34.4,31.4630
23:00:07.345 > 32714,597,95859800,95846362,8161.95,-70.58,-78.58,34.4,31.5240
23:00:07.399 > 32767,598,95859616,95846193,8157.84,-72.64,-81.10,34.4,31.4864
23:00:07.451 > 32820,599,95859454,95846020,8159.31,-71.43,-81.54,34.4,31.5146
23:00:07.504 > 32873,600,95859802,95846372,8158.06,-71.43,-79.08,34.4,31.5052
23:00:07.558 > 32926,601,95859637,95846199,8159.09,-73.94,-83.29,34.4,31.5240
23:00:07.610 > 32979,602,95859462,95846030,8157.69,-73.92,-81.97,34.4,31.5099
23:00:07.663 > 33032,603,95859826,95846397,8157.55,-72.51,-80.60,34.4,31.5005
23:00:07.716 > 33085,604,95859655,95846223,8162.39,-70.98,-78.43,34.4,31.5099
23:00:07.769 > 33138,605,95859505,95846071,8144.72,-72.16,-80.95,34.4,31.5146
23:00:07.823 > 33191,606,95859344,95845903,8158.94,-70.45,-78.48,34.4,31.5287
23:00:07.876 > 33244,607,95859691,95846267,8144.86,-71.19,-81.15,34.4,31.4911
23:00:07.929 > 33297,608,95859535,95846109,8157.62,-70.37,-78.21,34.4,31.4958
23:00:07.981 > 33350,609,95859388,95845962,8156.15,-70.60,-81.95,34.4,31.4958
23:00:08.035 > 33403,610,95859751,95846310,8160.11,-71.94,-79.58,34.4,31.5287
23:00:08.087 > 33456,611,95859602,95846173,8161.14,-70.84,-78.52,34.4,31.5005
23:00:08.141 > 33509,612,95859435,95846020,8158.87,-70.04,-81.10,34.4,31.4677
23:00:08.194 > 33562,613,95859814,95846379,8156.23,-69.92,-78.50,34.4,31.5146
23:00:08.246 > 33615,614,95859661,95846229,8145.74,-69.83,-78.68,34.4,31.5099
23:00:08.300 > 33668,615,95859519,95846092,8162.68,-70.08,-82.13,34.4,31.4958
23:00:08.354 > 33721,616,95859378,95845950,8155.71,-72.23,-82.25,34.4,31.5005
23:00:08.405 > 33774,617,95859741,95846309,8162.39,-72.42,-81.97,34.4,31.5099
23:00:08.458 > 33827,618,95859603,95846176,8156.74,-69.88,-78.18,34.4,31.4958
23:00:08.512 > 33880,619,95859466,95846027,8160.11,-71.94,-80.43,34.4,31.5240
23:00:08.565 > 33933,620,95859314,95845895,8159.67,-71.76,-82.45,34.4,31.4770
23:00:08.618 > 33986,621,95859690,95846262,8157.18,-70.92,-79.74,34.4,31.5005
23:00:08.670 > 34039,622,95859561,95846125,8157.11,-70.93,-79.97,34.4,31.5193
23:00:08.723 > 34092,623,95859422,95845983,8158.79,-69.68,-78.39,34.4,31.5240
23:00:08.777 > 34145,624,95859791,95846361,8157.55,-69.80,-78.47,34.4,31.5052
23:00:08.830 > 34198,625,95859670,95846241,8145.45,-70.44,-78.24,34.4,31.5005
23:00:08.883 > 34251,626,95859530,95846099,8161.14,-70.38,-78.56,34.4,31.5052
23:00:08.936 > 34304,627,95859406,95845962,8144.94,-72.68,-81.79,34.4,31.5380
23:00:08.988 > 34357,628,95859792,95846357,8155.71,-70.43,-78.67,34.4,31.5146
23:00:09.041 > 34410,629,95859655,95846225,8145.30,-69.92,-78.50,34.4,31.5052
23:00:09.095 > 34463,630,95859531,95846101,8145.08,-70.68,-79.74,34.4,31.5052
23:00:09.148 > 34516,631,95859415,95845982,8157.69,-72.23,-80.80,34.4,31.5099
23:00:09.200 > 34569,632,95859798,95846372,8157.33,-70.58,-78.46,34.4,31.4958
23:00:09.253 > 34622,633,95859685,95846248,8157.03,-70.27,-78.85,34.4,31.5193
23:00:09.324 > 34675,634,95859561,95846124,8144.42,-70.23,-79.69,34.4,31.5193
23:00:09.359 > 34728,635,95859440,95846000,8160.19,-71.58,-79.78,34.4,31.5287
23:00:09.413 > 34781,636,95859825,95846399,8156.01,-71.40,-81.14,34.4,31.4958
23:00:09.465 > 34834,637,95859719,95846290,8156.08,-70.81,-78.71,34.4,31.5005
23:00:09.519 > 34887,638,95859596,95846175,8157.84,-70.61,-78.77,34.4,31.4817
23:00:09.572 > 34940,639,95859491,95846047,8158.06,-70.11,-78.56,34.4,31.5380
23:00:09.625 > 34993,640,95859378,95845954,8158.06,-72.07,-82.72,34.4,31.4911
23:00:09.678 > 35046,641,95859764,95846348,8161.43,-70.03,-81.06,34.4,31.4724
23:00:09.731 > 35099,642,95859657,95846236,8162.83,-70.79,-79.60,34.4,31.4817
23:00:09.783 > 35152,643,95859563,95846123,8159.89,-70.55,-79.09,34.4,31.5287
23:00:09.836 > 35205,644,95859448,95846012,8158.79,-70.67,-80.05,34.4,31.5193
23:00:09.889 > 35258,645,95859349,95845902,8158.28,-71.31,-80.23,34.4,31.5427
23:00:09.943 > 35311,646,95859753,95846318,8157.69,-69.72,-79.62,34.4,31.5146
23:00:09.996 > 35364,647,95859639,95846219,8143.98,-70.55,-81.91,34.4,31.4817
23:00:10.048 > 35417,648,95859538,95846099,8156.01,-69.86,-78.56,34.4,31.5240
23:00:10.101 > 35470,649,95859448,95846009,8143.47,-70.08,-79.72,34.4,31.5240
23:00:10.155 > 35523,650,95859339,95845910,8156.30,-70.44,-78.85,34.4,31.5005
23:00:10.208 > 35576,651,95859756,95846323,8145.45,-73.35,-82.40,34.4,31.5099
23:00:10.261 > 35629,652,95859664,95846232,8157.11,-70.76,-78.50,35.4,31.5099
23:00:10.313 > 35682,653,95859562,95846122,8160.26,-70.90,-78.73,34.4,31.5287
23:00:10.377 > 35735,654,95859465,95846033,8142.30,-71.34,-79.08,34.4,31.5099
23:00:10.419 > 35788,655,95859380,95845946,8157.18,-71.64,-80.27,34.4,31.5146
23:00:10.472 > 35841,656,95859793,95846362,8157.69,-72.39,-80.90,34.4,31.5052
23:00:10.525 > 35894,657,95859697,95846272,8157.03,-72.42,-83.59,34.4,31.4911
23:00:10.579 > 35947,658,95859620,95846190,8144.13,-71.79,-79.75,34.4,31.5052
23:00:10.631 > 36000,659,95859518,95846088,8158.21,-70.22,-78.38,34.4,31.5052
23:00:10.684 > 36053,660,95859433,95845995,8162.17,-69.75,-78.85,34.4,31.5240
23:00:10.738 > 36106,661,95859349,95845912,8156.23,-71.46,-79.91,34.4,31.5193
23:00:10.791 > 36159,662,95859775,95846343,8155.86,-69.78,-80.47,34.4,31.5099
23:00:10.844 > 36212,663,95859685,95846252,8142.44,-70.05,-80.28,34.4,31.5099
23:00:10.896 > 36265,664,95859611,95846173,8145.82,-70.85,-78.99,34.4,31.5240
23:00:10.949 > 36318,665,95859516,95846088,8160.41,-68.78,-81.32,34.4,31.5005
23:00:11.002 > 36371,666,95859451,95846015,8142.08,-69.56,-79.80,35.4,31.5193
23:00:11.056 > 36424,667,95859368,95845929,8157.33,-71.04,-81.91,34.4,31.5240
23:00:11.109 > 36477,668,95859798,95846368,8144.42,-68.98,-78.88,34.4,31.5052
23:00:11.162 > 36530,669,95859723,95846296,8145.23,-69.54,-78.57,34.4,31.4958
23:00:11.215 > 36583,670,95859651,95846211,8159.23,-70.73,-79.51,34.4,31.5287
23:00:11.267 > 36636,671,95859574,95846148,8144.42,-72.87,-82.87,34.4,31.4958
23:00:11.323 > 36689,672,95859513,95846074,8156.23,-71.14,-79.79,34.4,31.5240
23:00:11.373 > 36742,673,95859439,95846013,8144.57,-70.72,-79.17,34.4,31.4958
23:00:11.427 > 36795,674,95859372,95845937,8145.74,-70.50,-78.58,35.4,31.5146
23:00:11.479 > 36848,675,95859819,95846388,8157.69,-69.49,-79.20,34.4,31.5052
23:00:11.532 > 36901,676,95859759,95846317,8156.45,-71.58,-82.11,34.4,31.5333
23:00:11.585 > 36954,677,95859689,95846255,8143.98,-72.42,-82.12,34.4,31.5146
23:00:11.639 > 37007,678,95859620,95846181,8142.66,-71.76,-81.07,34.4,31.5240
23:00:11.692 > 37060,679,95859561,95846136,8145.23,-70.72,-79.82,34.4,31.4911
23:00:11.744 > 37113,680,95859498,95846067,8157.84,-72.29,-82.05,34.4,31.5052
23:00:11.798 > 37166,681,95859444,95846010,8145.16,-69.76,-79.31,34.4,31.5146
23:00:11.850 > 37219,682,95859383,95845961,8145.52,-69.36,-80.27,34.4,31.4864
23:00:11.904 > 37272,683,95859323,95845896,8145.52,-69.41,-81.30,34.4,31.4958
23:00:11.956 > 37325,684,95859779,95846352,8143.76,-69.54,-79.25,34.4,31.4958
23:00:12.009 > 37378,685,95859736,95846297,8158.35,-69.21,-78.66,34.4,31.5240
23:00:12.063 > 37431,686,95859686,95846243,8144.72,-69.03,-78.60,34.4,31.5333
23:00:12.115 > 37484,687,95859636,95846199,8157.47,-70.55,-79.59,34.4,31.5193
23:00:12.169 > 37537,688,95859575,95846154,8157.25,-70.99,-81.58,34.4,31.4817
23:00:12.222 > 37590,689,95859528,95846104,8145.30,-72.32,-80.40,34.4,31.4911
23:00:12.274 > 37643,690,95859493,95846054,8158.28,-72.04,-80.47,34.4,31.5240
23:00:12.327 > 37696,691,95859448,95846012,8142.15,-70.16,-79.62,34.4,31.5193
23:00:12.380 > 37749,692,95859398,95845963,8144.86,-70.10,-78.68,34.4,31.5146
23:00:12.433 > 37802,693,95859374,95845921,8142.96,-70.58,-79.20,34.4,31.5568
23:00:12.486 > 37855,694,95859314,95845889,8157.69,-72.16,-83.06,34.4,31.4911
23:00:12.539 > 37908,695,95859797,95846367,8159.89,-70.00,-78.54,34.4,31.5052
23:00:12.592 > 37961,696,95859755,95846322,8155.71,-71.88,-81.36,34.4,31.5099
23:00:12.646 > 38014,697,95859706,95846286,8144.94,-69.92,-78.78,35.4,31.4817
23:00:12.698 > 38067,698,95859678,95846248,8156.30,-69.83,-78.45,34.4,31.5052
23:00:12.752 > 38120,699,95859641,95846206,8142.74,-72.23,-84.59,34.4,31.5146
23:00:12.805 > 38173,700,95859617,95846174,8158.35,-71.13,-79.88,34.4,31.5333
23:00:12.858 > 38226,701,95859571,95846150,8155.57,-70.50,-81.80,34.4,31.4817
23:00:12.911 > 38279,702,95859550,95846113,8157.55,-70.96,-79.52,34.4,31.5193
23:00:12.963 > 38332,703,95859517,95846088,8162.02,-70.30,-81.66,34.4,31.5005
23:00:13.016 > 38385,704,95859486,95846050,8155.71,-71.67,-80.03,34.4,31.5193
23:00:13.070 > 38438,705,95859467,95846029,8145.67,-70.11,-78.71,34.4,31.5240
23:00:13.122 > 38491,706,95859446,95845996,8144.57,-70.25,-79.29,34.4,31.5521
23:00:13.176 > 38544,707,95859411,95845975,8143.98,-70.33,-78.77,34.4,31.5193
23:00:13.228 > 38597,708,95859388,95845967,8143.62,-70.62,-78.97,34.4,31.4817
23:00:13.281 > 38650,709,95859370,95845928,8142.22,-70.36,-78.77,34.4,31.5333
23:00:13.340 > 38703,710,95859341,95845911,8142.66,-70.54,-78.60,34.4,31.5052
23:00:13.387 > 38756,711,95859319,95845899,8159.01,-70.61,-82.16,34.4,31.4817
23:00:13.441 > 38809,712,95859827,95846383,8158.21,-71.98,-80.39,34.4,31.5380
23:00:13.493 > 38862,713,95859810,95846374,8141.86,-70.47,-78.75,34.4,31.5193
23:00:13.546 > 38915,714,95859787,95846359,8160.85,-73.17,-81.72,34.4,31.5005
23:00:13.599 > 38968,715,95859772,95846336,8139.44,-70.05,-80.81,34.4,31.5193
23:00:13.652 > 39021,716,95859757,95846317,8142.88,-72.77,-82.38,34.4,31.5287
23:00:13.705 > 39074,717,95859749,95846321,8144.06,-72.84,-82.46,34.4,31.5005
23:00:13.758 > 39127,718,95859734,95846296,8160.70,-70.95,-79.40,34.4,31.5240
23:00:13.811 > 39180,719,95859732,95846299,8144.72,-71.64,-80.19,34.4,31.5099
23:00:13.864 > 39233,720,95859722,95846288,8138.63,-70.99,-78.67,34.4,31.5146
23:00:13.917 > 39286,721,95859710,95846289,8143.69,-70.92,-78.69,34.4,31.4817
23:00:13.970 > 39339,722,95859705,95846275,8156.08,-69.31,-79.52,34.4,31.5052
23:00:14.023 > 39392,723,95859709,95846272,8144.64,-69.76,-80.30,34.4,31.5193
23:00:14.076 > 39445,724,95859705,95846263,8144.35,-71.52,-80.07,34.4,31.5333
23:00:14.129 > 39498,725,95859702,95846266,8145.38,-71.25,-80.57,34.4,31.5193
23:00:14.182 > 39551,726,95859703,95846273,8156.01,-69.80,-80.79,34.4,31.5052
23:00:14.235 > 39604,727,95859708,95846263,8155.64,-69.21,-80.46,34.4,31.5380
23:00:14.288 > 39657,728,95859700,95846269,8141.56,-69.36,-80.60,34.4,31.5052
23:00:14.353 > 39710,729,95859705,95846275,8142.15,-70.98,-82.89,34.4,31.5052
23:00:14.394 > 39763,730,95859709,95846273,8160.41,-69.78,-78.65,34.4,31.5193
23:00:14.447 > 39816,731,95859726,95846289,8142.96,-72.51,-81.94,34.4,31.5193
23:00:14.500 > 39869,732,95859736,95846291,8156.01,-69.75,-78.72,34.4,31.5380
23:00:14.553 > 39922,733,95859747,95846308,8157.69,-70.47,-79.86,34.4,31.5240
23:00:14.607 > 39975,734,95859760,95846311,8144.64,-71.61,-80.66,34.4,31.5474
23:00:14.659 > 40028,735,95859767,95846332,8146.04,-69.82,-80.92,34.4,31.5146
23:00:14.712 > 40081,736,95859772,95846345,8143.18,-69.60,-82.26,34.4,31.4958
23:00:14.765 > 40134,737,95859799,95846358,8145.96,-71.70,-81.96,34.4,31.5287
23:00:14.819 > 40187,738,95859811,95846377,8139.00,-70.21,-81.19,34.4,31.5146
23:00:14.871 > 40240,739,95859836,95846395,8145.38,-69.76,-79.69,34.4,31.5287
23:00:14.925 > 40293,740,95859331,95845902,8144.50,-69.20,-78.56,34.4,31.5005
23:00:14.977 > 40346,741,95859366,95845921,8140.02,-69.70,-78.64,34.4,31.5380
23:00:15.030 > 40399,742,95859385,95845954,8145.16,-70.86,-80.74,34.4,31.5052
23:00:15.084 > 40452,743,95859409,95845974,8155.86,-69.60,-78.38,34.4,31.5146
23:00:15.136 > 40505,744,95859437,95845995,8140.68,-69.54,-78.98,34.4,31.5333
23:00:15.189 > 40558,745,95859464,95846029,8142.66,-69.76,-78.55,34.4,31.5146
23:00:15.243 > 40611,746,95859494,95846053,8155.86,-69.47,-78.95,34.4,31.5287
23:00:15.295 > 40664,747,95859518,95846084,8156.15,-71.43,-84.42,34.4,31.5146
23:00:15.348 > 40717,748,95859553,95846114,8145.82,-69.00,-79.33,34.4,31.5240
23:00:15.401 > 40770,749,95859579,95846146,8144.42,-68.85,-82.00,34.4,31.5099
23:00:15.454 > 40823,750,95859622,95846175,8156.67,-68.73,-78.58,34.4,31.5427
23:00:15.507 > 40876,751,95859657,95846221,8157.99,-68.85,-78.99,34.4,31.5193
23:00:15.560 > 40929,752,95859702,95846259,8143.62,-68.55,-78.96,34.4,31.5333
23:00:15.613 > 40982,753,95859735,95846300,8156.30,-68.68,-78.47,34.4,31.5146
23:00:15.666 > 41035,754,95859771,95846336,8157.55,-70.57,-82.22,34.4,31.5146
23:00:15.719 > 41088,755,95859810,95846374,8145.67,-68.85,-78.83,34.4,31.5193
23:00:15.773 > 41141,756,95859337,95845904,8145.01,-69.25,-79.13,34.4,31.5099
23:00:15.825 > 41194,757,95859388,95845952,8144.35,-68.83,-80.03,34.4,31.5193
23:00:15.878 > 41247,758,95859427,95845992,8142.59,-71.58,-81.31,34.4,31.5146
23:00:15.931 > 41300,759,95859470,95846038,8144.35,-69.00,-78.64,34.4,31.5099
23:00:15.984 > 41353,760,95859514,95846083,8143.91,-69.00,-81.06,34.4,31.5052
23:00:16.037 > 41406,761,95859565,95846129,8140.83,-69.26,-78.97,34.4,31.5193
23:00:16.090 > 41459,762,95859611,95846163,8143.18,-69.28,-79.04,34.4,31.5474
23:00:16.143 > 41512,763,95859661,95846235,8145.96,-69.39,-78.51,34.4,31.4958
23:00:16.196 > 41565,764,95859715,95846282,8142.52,-69.18,-78.56,34.4,31.5099
23:00:16.249 > 41618,765,95859769,95846337,8145.45,-71.40,-83.52,34.4,31.5099
23:00:16.302 > 41671,766,95859827,95846386,8142.15,-69.43,-79.74,34.4,31.5287
23:00:16.373 > 41724,767,95859376,95845927,8145.82,-69.86,-79.02,34.4,31.5474
23:00:16.408 > 41777,768,95859431,95845999,8141.05,-70.45,-79.27,34.4,31.5099
23:00:16.461 > 41830,769,95859499,95846069,8138.19,-71.67,-80.44,34.4,31.5052
23:00:16.514 > 41883,770,95859567,95846118,8144.35,-70.27,-78.58,34.4,31.5474
23:00:16.567 > 41936,771,95859636,95846187,8143.69,-71.67,-80.82,34.4,31.5474
23:00:16.620 > 41989,772,95859696,95846256,8139.14,-71.61,-80.80,34.4,31.5287
23:00:16.673 > 42042,773,95859758,95846320,8139.80,-70.14,-78.96,34.4,31.5240
23:00:16.726 > 42095,774,95859825,95846387,8143.54,-70.34,-79.35,34.4,31.5240
23:00:16.779 > 42148,775,95859381,95845949,8144.20,-70.08,-80.76,34.4,31.5099
23:00:16.832 > 42201,776,95859455,95846024,8143.91,-72.10,-84.45,34.4,31.5052
23:00:16.885 > 42254,777,95859529,95846089,8138.92,-71.94,-81.48,34.4,31.5287
23:00:16.938 > 42307,778,95859600,95846170,8145.67,-71.91,-81.34,34.4,31.5052
23:00:16.991 > 42360,779,95859675,95846231,8144.20,-70.69,-79.54,34.4,31.5380
23:00:17.044 > 42413,780,95859762,95846321,8144.94,-71.94,-81.82,34.4,31.5287
23:00:17.097 > 42466,781,95859842,95846400,8141.78,-71.31,-82.96,35.4,31.5333
23:00:17.150 > 42519,782,95859401,95845957,8138.70,-69.97,-78.66,34.4,31.5380
23:00:17.203 > 42572,783,95859491,95846045,8143.40,-71.79,-81.78,34.4,31.5427
23:00:17.256 > 42625,784,95859574,95846133,8145.89,-69.56,-79.25,34.4,31.5287
23:00:17.322 > 42678,785,95859643,95846216,8141.20,-69.62,-81.98,34.4,31.4958
23:00:17.362 > 42731,786,95859735,95846294,8137.60,-69.10,-78.44,34.4,31.5287
23:00:17.415 > 42784,787,95859829,95846380,8140.24,-69.28,-78.88,34.4,31.5474
23:00:17.468 > 42837,788,95859395,95845951,8142.08,-69.34,-79.09,34.4,31.5380
23:00:17.521 > 42890,789,95859493,95846047,8141.86,-68.93,-78.81,34.4,31.5427
23:00:17.574 > 42943,790,95859571,95846148,8140.02,-69.10,-81.13,34.4,31.4864
23:00:17.627 > 42996,791,95859664,95846231,8142.88,-71.63,-81.84,34.4,31.5099
23:00:17.680 > 43049,792,95859765,95846329,8139.44,-70.37,-80.32,34.4,31.5193
23:00:17.733 > 43102,793,95859341,95845906,8144.35,-70.61,-80.94,34.4,31.5146
23:00:17.786 > 43155,794,95859445,95845991,8142.96,-69.38,-79.19,34.4,31.5615
23:00:17.839 > 43208,795,95859526,95846090,8143.84,-71.94,-85.24,34.4,31.5193
23:00:17.892 > 43261,796,95859625,95846182,8145.67,-69.72,-79.40,34.4,31.5333
23:00:17.945 > 43314,797,95859729,95846289,8140.32,-69.81,-79.26,34.4,31.5287
23:00:17.998 > 43367,798,95859825,95846391,8140.54,-68.83,-79.07,34.4,31.5146
23:00:18.051 > 43420,799,95859417,95845980,8138.85,-71.40,-81.11,34.4,31.5193
23:00:18.104 > 43473,800,95859516,95846082,8141.42,-69.05,-81.51,34.4,31.5146
23:00:18.157 > 43526,801,95859630,95846186,8138.92,-70.33,-79.97,34.4,31.5380
23:00:18.210 > 43579,802,95859721,95846290,8140.24,-71.61,-81.81,34.4,31.5052
23:00:18.263 > 43632,803,95859327,95845889,8138.48,-71.67,-83.30,34.4,31.5240
23:00:18.316 > 43685,804,95859431,95845990,8140.61,-69.10,-78.77,34.4,31.5287
23:00:18.375 > 43738,805,95859552,95846102,8139.51,-70.30,-80.12,34.4,31.5521
23:00:18.422 > 43791,806,95859654,95846222,8140.10,-68.88,-78.54,34.4,31.5099
23:00:18.475 > 43844,807,95859770,95846322,8139.00,-70.38,-80.51,34.4,31.5474
23:00:18.528 > 43897,808,95859361,95845928,8139.66,-71.95,-82.25,34.4,31.5099
23:00:18.581 > 43950,809,95859481,95846038,8139.29,-69.10,-78.67,34.4,31.5333
23:00:18.634 > 44003,810,95859600,95846161,8138.34,-69.96,-79.69,34.4,31.5240
23:00:18.687 > 44056,811,95859714,95846281,8139.51,-71.70,-85.21,34.4,31.5099
23:00:18.740 > 44109,812,95859832,95846393,8144.35,-68.85,-79.59,34.4,31.5240
23:00:18.793 > 44162,813,95859446,95846005,8139.22,-69.10,-79.91,34.4,31.5287
23:00:18.846 > 44215,814,95859566,95846126,8141.42,-69.23,-79.12,34.4,31.5287
23:00:18.899 > 44268,815,95859691,95846249,8139.73,-69.16,-78.84,34.4,31.5333
23:00:18.952 > 44321,816,95859814,95846370,8145.38,-69.64,-79.30,34.4,31.5380
23:00:19.005 > 44374,817,95859426,95845983,8145.30,-69.13,-78.86,34.4,31.5333
23:00:19.058 > 44427,818,95859545,95846100,8137.68,-69.75,-79.19,34.4,31.5380
23:00:19.111 > 44480,819,95859677,95846240,8138.04,-69.41,-79.09,34.4,31.5193
23:00:19.164 > 44533,820,95859803,95846368,8146.04,-68.93,-78.32,34.4,31.5146
23:00:19.217 > 44586,821,95859429,95845989,8139.07,-69.36,-79.24,34.4,31.5287
23:00:19.270 > 44639,822,95859560,95846124,8137.60,-70.07,-79.57,34.4,31.5193
23:00:19.325 > 44692,823,95859688,95846253,8142.59,-68.85,-78.49,34.4,31.5146
23:00:19.376 > 44745,824,95859828,95846378,8142.59,-71.64,-82.15,34.4,31.5521
23:00:19.429 > 44798,825,95859455,95846011,8139.44,-69.21,-80.03,34.4,31.5380
23:00:19.482 > 44851,826,95859573,95846151,8144.94,-68.95,-81.19,34.4,31.4864
23:00:19.535 > 44904,827,95859718,95846287,8140.46,-68.73,-78.57,34.4,31.5052
23:00:19.588 > 44957,828,95859351,95845914,8144.64,-69.23,-79.12,34.4,31.5193
23:00:19.641 > 45010,829,95859491,95846040,8141.42,-70.47,-79.94,34.4,31.5521
23:00:19.694 > 45063,830,95859624,95846182,8138.56,-69.00,-79.09,35.4,31.5333
23:00:19.747 > 45116,831,95859764,95846341,8145.08,-68.83,-80.59,34.4,31.4864
23:00:19.800 > 45169,832,95859404,95845957,8145.08,-68.95,-78.67,34.4,31.5427
23:00:19.853 > 45222,833,95859547,95846105,8145.52,-70.95,-82.05,34.4,31.5333
23:00:19.906 > 45275,834,95859707,95846266,8143.47,-69.24,-79.78,34.4,31.5287
23:00:19.959 > 45328,835,95859332,95845898,8144.06,-69.13,-81.37,34.4,31.5146
23:00:20.012 > 45381,836,95859482,95846040,8141.42,-69.51,-79.00,34.4,31.5333
23:00:20.065 > 45434,837,95859638,95846192,8141.71,-69.36,-79.83,34.4,31.5427
23:00:20.118 > 45487,838,95859787,95846348,8145.52,-69.60,-78.87,34.4,31.5240
23:00:20.171 > 45540,839,95859431,95845986,8139.66,-69.68,-79.18,34.4,31.5380
23:00:20.224 > 45593,840,95859580,95846149,8144.50,-69.46,-78.92,34.4,31.5052
23:00:20.277 > 45646,841,95859738,95846292,8142.52,-69.57,-78.45,34.4,31.5427
23:00:20.330 > 45699,842,95859387,95845942,8138.41,-69.38,-79.57,34.4,31.5380
23:00:20.383 > 45752,843,95859545,95846111,8138.12,-69.85,-79.33,34.4,31.5146
23:00:20.436 > 45805,844,95859713,95846261,8140.02,-69.94,-79.90,34.4,31.5568
23:00:20.489 > 45858,845,95859358,95845914,8138.26,-70.52,-78.79,34.4,31.5380
23:00:20.542 > 45911,846,95859515,95846073,8144.06,-69.88,-81.32,34.4,31.5333
23:00:20.595 > 45964,847,95859685,95846239,8136.87,-69.97,-78.43,34.4,31.5427
23:00:20.648 > 46017,848,95859332,95845906,8144.35,-69.56,-78.76,34.4,31.4958
23:00:20.701 > 46070,849,95859505,95846062,8137.38,-70.38,-79.24,34.4,31.5333
23:00:20.754 > 46123,850,95859672,95846226,8145.01,-69.34,-78.55,34.4,31.5427
23:00:20.807 > 46176,851,95859831,95846398,8140.98,-69.26,-81.24,34.4,31.5099
23:00:20.860 > 46229,852,95859500,95846049,8137.90,-71.25,-82.57,34.4,31.5521
23:00:20.913 > 46282,853,95859670,95846224,8137.16,-68.98,-78.33,34.4,31.5427
23:00:20.966 > 46335,854,95859830,95846396,8145.89,-70.04,-81.24,34.4,31.5146
23:00:21.019 > 46388,855,95859503,95846066,8136.87,-69.52,-79.74,34.4,31.5193
23:00:21.072 > 46441,856,95859675,95846236,8143.91,-70.98,-79.72,34.4,31.5240
23:00:21.125 > 46494,857,95859347,95845895,8142.37,-69.18,-78.72,34.4,31.5568
23:00:21.178 > 46547,858,95859517,95846082,8138.12,-70.04,-81.85,34.4,31.5146
23:00:21.231 > 46600,859,95859696,95846266,8144.72,-70.19,-79.83,34.4,31.5052
23:00:21.284 > 46653,860,95859371,95845918,8139.07,-69.83,-78.50,34.4,31.5568
23:00:21.339 > 46706,861,95859559,95846108,8137.60,-69.62,-78.96,34.4,31.5521
23:00:21.390 > 46759,862,95859731,95846295,8136.87,-69.70,-78.60,34.4,31.5193
23:00:21.443 > 46812,863,95859411,95845970,8145.30,-71.43,-81.90,34.4,31.5287
23:00:21.496 > 46865,864,95859597,95846149,8139.22,-69.64,-78.39,34.4,31.5474
23:00:21.549 > 46918,865,95859781,95846341,8141.49,-71.46,-80.58,34.4,31.5287
23:00:21.602 > 46971,866,95859445,95846013,8145.67,-70.65,-82.56,34.4,31.5099
23:00:21.655 > 47024,867,95859650,95846216,8144.28,-69.70,-79.04,34.4,31.5146
23:00:21.708 > 47077,868,95859821,95846395,8144.20,-69.73,-81.22,34.4,31.4958
23:00:21.761 > 47130,869,95859522,95846084,8144.50,-70.75,-82.88,34.4,31.5240
23:00:21.814 > 47183,870,95859708,95846278,8139.88,-69.20,-78.58,34.4,31.5052
23:00:21.867 > 47236,871,95859391,95845954,8138.19,-69.44,-81.54,34.4,31.5193
23:00:21.920 > 47289,872,95859579,95846144,8137.09,-69.64,-78.73,34.4,31.5146
23:00:21.973 > 47342,873,95859787,95846340,8137.60,-69.65,-78.61,34.4,31.5427
23:00:22.026 > 47395,874,95859469,95846025,8140.32,-70.81,-79.93,34.4,31.5380
23:00:22.079 > 47448,875,95859676,95846232,8139.95,-70.30,-79.13,34.4,31.5380
23:00:22.132 > 47501,876,95859360,95845919,8142.52,-71.14,-82.04,34.4,31.5287
23:00:22.185 > 47554,877,95859562,95846115,8137.02,-70.78,-82.29,34.4,31.5427
23:00:22.238 > 47607,878,95859766,95846320,8140.17,-69.83,-81.67,34.4,31.5427
23:00:22.291 > 47660,879,95859463,95846028,8138.34,-69.08,-78.93,35.4,31.5146
23:00:22.348 > 47713,880,95859659,95846214,8141.34,-68.70,-78.69,34.4,31.5380
23:00:22.397 > 47766,881,95859365,95845911,8137.82,-70.78,-81.12,34.4,31.5615
23:00:22.450 > 47819,882,95859576,95846126,8143.25,-69.62,-79.56,34.4,31.5521
23:00:22.503 > 47872,883,95859769,95846343,8145.08,-69.84,-81.60,34.4,31.4958
23:00:22.556 > 47925,884,95859470,95846029,8145.38,-68.58,-78.49,34.4,31.5287
23:00:22.609 > 47978,885,95859693,95846247,8141.64,-68.83,-78.89,34.4,31.5427
23:00:22.662 > 48031,886,95859381,95845938,8144.64,-70.36,-82.38,34.4,31.5333
23:00:22.715 > 48084,887,95859598,95846161,8140.76,-69.23,-79.01,34.4,31.5193
23:00:22.768 > 48137,888,95859819,95846376,8139.00,-69.54,-80.04,34.4,31.5333
23:00:22.821 > 48190,889,95859524,95846091,8142.74,-68.98,-78.79,35.4,31.5099
23:00:22.874 > 48243,890,95859740,95846311,8145.60,-69.31,-79.26,34.4,31.5005
23:00:22.927 > 48296,891,95859457,95846015,8137.90,-69.16,-81.28,34.4,31.5333
23:00:22.980 > 48349,892,95859672,95846231,8145.23,-69.26,-79.06,34.4,31.5287
23:00:23.033 > 48402,893,95859388,95845948,8143.76,-71.43,-82.94,34.4,31.5287
23:00:23.086 > 48455,894,95859613,95846166,8138.26,-69.00,-78.63,34.4,31.5427
23:00:23.139 > 48508,895,95859836,95846387,8139.80,-68.95,-79.68,34.4,31.5474
23:00:23.192 > 48561,896,95859541,95846105,8136.87,-68.95,-78.86,34.4,31.5193
23:00:23.245 > 48614,897,95859778,95846334,8145.67,-71.67,-83.46,34.4,31.5380
23:00:23.298 > 48667,898,95859487,95846041,8137.68,-68.80,-78.86,34.4,31.5427
23:00:23.351 > 48720,899,95859714,95846278,8140.76,-68.60,-80.62,34.4,31.5193
23:00:23.404 > 48773,900,95859436,95845982,8138.12,-68.68,-78.63,34.4,31.5615
23:00:23.457 > 48826,901,95859659,95846220,8139.14,-68.85,-78.76,35.4,31.5240
23:00:23.510 > 48879,902,95859379,95845925,8143.54,-68.90,-79.58,34.4,31.5615
23:00:23.563 > 48932,903,95859613,95846178,8143.47,-68.50,-78.77,35.4,31.5146
23:00:23.616 > 48985,904,95859842,95846397,8137.90,-71.07,-83.92,34.4,31.5380
23:00:23.669 > 49038,905,95859570,95846123,8142.15,-68.88,-79.21,34.4,31.5427
23:00:23.722 > 49091,906,95859811,95846364,8144.06,-70.57,-79.70,34.4,31.5427
23:00:23.775 > 49144,907,95859524,95846087,8137.90,-68.45,-78.65,34.4,31.5193
23:00:23.828 > 49197,908,95859767,95846321,8138.48,-68.63,-79.41,34.4,31.5427
23:00:23.881 > 49250,909,95859498,95846050,8143.47,-68.73,-78.84,34.4,31.5474
23:00:23.934 > 49303,910,95859733,95846293,8138.63,-68.53,-78.94,34.4,31.5287
23:00:23.987 > 49356,911,95859470,95846018,8142.37,-68.70,-78.89,34.4,31.5568
23:00:24.040 > 49409,912,95859711,95846267,8137.82,-69.13,-81.22,34.4,31.5380
23:00:24.093 > 49462,913,95859434,95845992,8144.13,-69.81,-79.41,34.4,31.5333
23:00:24.146 > 49515,914,95859672,95846222,8141.71,-68.73,-79.10,34.4,31.5521
23:00:24.199 > 49568,915,95859411,95845970,8142.08,-68.73,-78.79,34.4,31.5287
23:00:24.252 > 49621,916,95859650,95846214,8137.09,-68.83,-81.42,34.4,31.5193
23:00:24.305 > 49674,917,95859384,95845947,8142.30,-69.00,-80.54,34.4,31.5193
23:00:24.372 > 49727,918,95859636,95846194,8137.09,-71.34,-82.63,34.4,31.5333
23:00:24.411 > 49780,919,95859369,95845923,8143.91,-68.58,-78.72,34.4,31.5427
23:00:24.464 > 49833,920,95859615,95846171,8145.89,-68.73,-78.80,34.4,31.5380
23:00:24.517 > 49886,921,95859364,95845917,8140.61,-70.55,-80.01,34.4,31.5427
23:00:24.570 > 49939,922,95859604,95846169,8141.27,-68.38,-78.57,34.4,31.5146
23:00:24.623 > 49992,923,95859350,95845909,8140.02,-70.90,-81.50,34.4,31.5287
23:00:24.676 > 50045,924,95859614,95846170,8145.96,-68.41,-78.42,35.4,31.5380
23:00:24.729 > 50098,925,95859355,95845904,8145.38,-69.55,-79.41,34.4,31.5521
23:00:24.782 > 50151,926,95859607,95846164,8144.79,-68.36,-78.22,34.4,31.5333
23:00:24.835 > 50204,927,95859349,95845912,8145.01,-68.70,-78.57,34.4,31.5193
23:00:24.888 > 50257,928,95859610,95846165,8137.02,-68.88,-79.00,34.4,31.5380
23:00:24.941 > 50310,929,95859358,95845909,8143.54,-68.90,-78.77,34.4,31.5474
23:00:24.994 > 50363,930,95859616,95846171,8145.74,-68.78,-78.80,34.4,31.5380
23:00:25.047 > 50416,931,95859368,95845931,8140.54,-68.73,-78.57,34.4,31.5193
23:00:25.100 > 50469,932,95859620,95846180,8136.94,-68.88,-78.85,34.4,31.5287
23:00:25.153 > 50522,933,95859380,95845939,8138.19,-69.70,-79.98,34.4,31.5287
23:00:25.206 > 50575,934,95859649,95846202,8144.50,-70.54,-81.52,34.4,31.5427
23:00:25.259 > 50628,935,95859384,95845948,8145.01,-69.28,-81.10,34.4,31.5193
23:00:25.324 > 50681,936,95859651,95846209,8143.98,-69.70,-79.31,34.4,31.5333
23:00:25.365 > 50734,937,95859415,95845978,8139.22,-69.34,-78.59,34.4,31.5193
23:00:25.418 > 50787,938,95859679,95846239,8138.78,-69.52,-78.70,34.4,31.5287
23:00:25.471 > 50840,939,95859447,95845991,8141.86,-71.01,-80.55,34.4,31.5662
23:00:25.524 > 50893,940,95859705,95846265,8140.98,-71.52,-83.34,34.4,31.5287
23:00:25.577 > 50946,941,95859469,95846024,8142.15,-69.44,-78.89,34.4,31.5380
23:00:25.630 > 50999,942,95859737,95846296,8140.68,-71.14,-80.30,34.4,31.5287
23:00:25.683 > 51052,943,95859507,95846054,8139.66,-69.21,-79.00,34.4,31.5568
