23:00:41.673 > TimeMs,Seq,T_round,T_reply,CFO_ppm,RSSI,FPP,T_ESP,RawDist
23:00:41.678 > 1126,1,95860122,95846203,8118.39,-71.60,-81.77,34.4,32.6500
23:00:41.731 > 1179,2,95859997,95846076,8119.27,-71.47,-81.30,34.4,32.6547
23:00:41.784 > 1232,3,95860161,95846233,8119.79,-71.97,-82.50,34.4,32.6734
23:00:41.837 > 1285,4,95860306,95846387,8118.17,-72.29,-83.11,34.4,32.6500
23:00:41.890 > 1338,5,95859936,95846017,8120.30,-73.83,-85.41,34.4,32.6500
23:00:41.943 > 1391,6,95860082,95846152,8125.58,-73.03,-81.89,34.4,32.6781
23:00:41.996 > 1444,7,95860235,95846319,8119.64,-73.21,-83.36,34.4,32.6453
23:00:42.049 > 1497,8,95859872,95845946,8126.83,-71.95,-82.19,34.4,32.6688
23:00:42.102 > 1550,9,95860026,95846102,8118.25,-74.08,-81.73,35.4,32.6641
23:00:42.155 > 1603,10,95860157,95846243,8121.84,-73.75,-82.55,34.4,32.6406
23:00:42.208 > 1656,11,95860316,95846398,8122.43,-72.94,-81.99,34.4,32.6500
23:00:42.261 > 1709,12,95859949,95846030,8119.49,-73.13,-83.20,35.4,32.6500
23:00:42.314 > 1762,13,95860106,95846188,8121.03,-72.19,-83.35,35.4,32.6500
23:00:42.369 > 1815,14,95860252,95846338,8124.11,-72.80,-82.16,34.4,32.6406
23:00:42.420 > 1868,15,95859900,95845975,8118.61,-74.47,-83.33,34.4,32.6641
23:00:42.473 > 1921,16,95860044,95846127,8124.99,-73.03,-82.15,35.4,32.6453
23:00:42.526 > 1974,17,95860199,95846281,8123.09,-73.04,-81.22,35.4,32.6500
23:00:42.579 > 2027,18,95859834,95845915,8122.06,-73.54,-82.69,34.4,32.6500
23:00:42.632 > 2080,19,95859989,95846067,8118.69,-74.26,-82.61,35.4,32.6594
23:00:42.685 > 2133,20,95860150,95846225,8118.76,-74.10,-82.16,35.4,32.6641
23:00:42.738 > 2186,21,95860312,95846380,8122.50,-73.48,-82.39,34.4,32.6828
23:00:42.791 > 2239,22,95859943,95846023,8121.25,-72.90,-83.13,34.4,32.6547
23:00:42.844 > 2292,23,95860114,95846186,8121.77,-72.81,-83.70,34.4,32.6734
23:00:42.897 > 2345,24,95860265,95846340,8127.34,-72.41,-82.41,35.4,32.6641
23:00:42.950 > 2398,25,95859922,95845996,8122.13,-72.64,-83.29,34.4,32.6688
23:00:43.003 > 2451,26,95860080,95846156,8127.12,-72.90,-81.99,34.4,32.6641
23:00:43.056 > 2504,27,95860245,95846319,8119.64,-74.56,-86.19,34.4,32.6688
23:00:43.109 > 2557,28,95859895,95845969,8120.45,-74.24,-84.19,34.4,32.6688
23:00:43.162 > 2610,29,95860053,95846137,8126.83,-73.18,-84.39,34.4,32.6453
23:00:43.215 > 2663,30,95860220,95846292,8127.34,-71.95,-82.08,34.4,32.6734
23:00:43.268 > 2716,31,95859871,95845948,8120.15,-73.76,-83.78,34.4,32.6594
23:00:43.322 > 2769,32,95860042,95846111,8123.53,-72.93,-84.28,34.4,32.6781
23:00:43.374 > 2822,33,95860210,95846287,8118.47,-72.48,-82.01,34.4,32.6594
23:00:43.427 > 2875,34,95859863,95845940,8120.52,-73.17,-81.87,34.4,32.6594
23:00:43.480 > 2928,35,95860042,95846117,8127.34,-72.48,-82.87,35.4,32.6641
23:00:43.533 > 2981,36,95860201,95846281,8122.87,-72.23,-81.82,34.4,32.6547
23:00:43.586 > 3034,37,95859862,95845946,8126.53,-72.51,-81.81,34.4,32.6453
23:00:43.639 > 3087,38,95860032,95846111,8120.37,-75.06,-86.14,34.4,32.6547
23:00:43.692 > 3140,39,95860217,95846306,8124.33,-73.38,-81.08,34.4,32.6312
23:00:43.745 > 3193,40,95859872,95845950,8118.25,-73.71,-80.88,34.4,32.6594
23:00:43.798 > 3246,41,95860044,95846135,8119.13,-74.19,-81.24,34.4,32.6265
23:00:43.851 > 3299,42,95860228,95846305,8125.07,-74.24,-81.97,34.4,32.6594
23:00:43.904 > 3352,43,95859901,95845975,8120.23,-73.90,-81.26,34.4,32.6688
23:00:43.957 > 3405,44,95860077,95846159,8126.39,-73.64,-81.40,34.4,32.6500
23:00:44.010 > 3458,45,95860251,95846334,8122.28,-75.56,-85.43,34.4,32.6453
23:00:44.063 > 3511,46,95859916,95846001,8122.87,-72.70,-81.92,34.4,32.6406
23:00:44.116 > 3564,47,95860106,95846185,8118.32,-72.64,-82.00,34.4,32.6547
23:00:44.169 > 3617,48,95860283,95846371,8119.20,-72.41,-82.40,34.4,32.6359
23:00:44.222 > 3670,49,95859965,95846038,8121.77,-73.29,-82.96,34.4,32.6688
23:00:44.275 > 3723,50,95860146,95846224,8126.17,-72.23,-82.25,34.4,32.6594
23:00:44.328 > 3776,51,95859817,95845904,8118.91,-71.73,-81.73,34.4,32.6359
23:00:44.381 > 3829,52,95860011,95846083,8123.31,-71.79,-81.55,34.4,32.6734
23:00:44.434 > 3882,53,95860190,95846274,8120.59,-71.82,-82.32,35.4,32.6453
23:00:44.487 > 3935,54,95859864,95845935,8118.03,-71.34,-81.74,34.4,32.6734
23:00:44.540 > 3988,55,95860055,95846133,8126.24,-71.94,-81.84,34.4,32.6594
23:00:44.593 > 4041,56,95860241,95846319,8118.76,-71.67,-82.01,35.4,32.6594
23:00:44.646 > 4094,57,95859931,95846006,8120.59,-73.28,-84.01,34.4,32.6641
23:00:44.699 > 4147,58,95860108,95846194,8119.20,-72.64,-82.23,35.4,32.6406
23:00:44.752 > 4200,59,95860305,95846380,8122.72,-72.16,-81.22,35.4,32.6641
23:00:44.805 > 4253,60,95859987,95846068,8123.23,-75.29,-85.08,35.4,32.6500
23:00:44.858 > 4306,61,95860181,95846263,8120.89,-73.04,-81.49,34.4,32.6500
23:00:44.911 > 4359,62,95859859,95845943,8122.35,-73.57,-81.22,35.4,32.6453
23:00:44.964 > 4412,63,95860065,95846141,8123.75,-72.97,-81.16,35.4,32.6641
23:00:45.017 > 4465,64,95860251,95846339,8120.52,-73.68,-81.12,35.4,32.6359
23:00:45.070 > 4518,65,95859944,95846019,8118.17,-74.41,-82.21,34.4,32.6641
23:00:45.123 > 4571,66,95860141,95846216,8124.92,-73.44,-80.98,34.4,32.6641
23:00:45.176 > 4624,67,95859824,95845908,8121.47,-74.86,-83.08,35.4,32.6453
23:00:45.229 > 4677,68,95860024,95846094,8121.91,-74.03,-81.08,34.4,32.6781
23:00:45.282 > 4730,69,95860221,95846305,8126.39,-73.73,-81.65,34.4,32.6453
23:00:45.344 > 4783,70,95859896,95845980,8123.01,-73.78,-82.32,34.4,32.6453
23:00:45.388 > 4836,71,95860113,95846183,8118.47,-74.67,-84.93,34.4,32.6781
23:00:45.441 > 4889,72,95860311,95846381,8119.86,-73.00,-81.20,35.4,32.6781
23:00:45.494 > 4942,73,95860004,95846078,8126.90,-73.11,-81.41,34.4,32.6688
23:00:45.547 > 4995,74,95860198,95846275,8121.47,-73.03,-81.82,34.4,32.6594
23:00:45.600 > 5048,75,95859900,95845970,8118.83,-73.94,-81.34,34.4,32.6781
23:00:45.653 > 5101,76,95860088,95846170,8121.62,-73.99,-84.67,34.4,32.6500
23:00:45.706 > 5154,77,95860301,95846379,8125.73,-72.55,-81.72,34.4,32.6594
23:00:45.759 > 5207,78,95859990,95846069,8118.98,-72.93,-81.38,34.4,32.6547
23:00:45.812 > 5260,79,95860199,95846274,8120.45,-73.94,-81.27,35.4,32.6641
23:00:45.865 > 5313,80,95859891,95845964,8126.46,-72.80,-81.70,34.4,32.6688
23:00:45.918 > 5366,81,95860105,95846175,8118.10,-74.23,-85.44,34.4,32.6781
23:00:45.971 > 5419,82,95860299,95846373,8121.99,-73.44,-81.83,34.4,32.6688
23:00:46.024 > 5472,83,95859991,95846074,8125.87,-73.24,-81.15,34.4,32.6453
23:00:46.077 > 5525,84,95860204,95846272,8124.85,-73.64,-81.56,35.4,32.6828
23:00:46.130 > 5578,85,95859899,95845974,8124.33,-73.52,-85.02,34.4,32.6641
23:00:46.183 > 5631,86,95860100,95846179,8124.33,-73.61,-84.16,35.4,32.6547
23:00:46.236 > 5684,87,95860314,95846391,8125.65,-73.98,-81.70,34.4,32.6594
23:00:46.289 > 5737,88,95860016,95846088,8126.24,-72.64,-81.10,35.4,32.6734
23:00:46.352 > 5790,89,95860230,95846303,8121.25,-72.84,-82.90,34.4,32.6688
23:00:46.395 > 5843,90,95859921,95845996,8120.59,-72.41,-82.47,34.4,32.6641
23:00:46.448 > 5896,91,95860136,95846212,8126.46,-72.64,-82.63,34.4,32.6641
23:00:46.501 > 5949,92,95859834,95845912,8124.41,-72.45,-82.11,35.4,32.6594
23:00:46.554 > 6002,93,95860052,95846118,8118.98,-72.71,-82.87,34.4,32.6875
23:00:46.607 > 6055,94,95860260,95846333,8119.05,-72.80,-81.49,34.4,32.6688
23:00:46.660 > 6108,95,95859969,95846044,8120.08,-71.98,-82.77,34.4,32.6641
23:00:46.713 > 6161,96,95860174,95846258,8123.23,-72.61,-82.68,34.4,32.6453
23:00:46.766 > 6214,97,95859884,95845958,8126.17,-71.98,-81.47,34.4,32.6688
23:00:46.819 > 6267,98,95860097,95846178,8118.25,-74.17,-82.30,34.4,32.6500
23:00:46.872 > 6320,99,95860320,95846398,8121.03,-72.78,-82.71,34.4,32.6594
23:00:46.925 > 6373,100,95860024,95846100,8124.70,-71.85,-81.75,34.4,32.6641
23:00:46.978 > 6426,101,95860241,95846324,8124.55,-74.30,-84.58,34.4,32.6453
23:00:47.031 > 6479,102,95859952,95846029,8119.05,-74.80,-83.24,35.4,32.6594
23:00:47.084 > 6532,103,95860180,95846251,8123.75,-72.84,-83.16,34.4,32.6734
23:00:47.137 > 6585,104,95859882,95845957,8127.27,-74.14,-83.37,34.4,32.6641
23:00:47.190 > 6638,105,95860114,95846180,8121.55,-72.78,-82.07,34.4,32.6875
23:00:47.243 > 6691,106,95859823,95845897,8127.19,-72.54,-82.88,34.4,32.6688
23:00:47.296 > 6744,107,95860046,95846125,8125.43,-73.01,-82.04,34.4,32.6547
23:00:47.349 > 6797,108,95860274,95846351,8124.33,-73.27,-82.02,34.4,32.6594
23:00:47.402 > 6850,109,95859985,95846074,8124.85,-74.12,-82.10,34.4,32.6312
23:00:47.455 > 6903,110,95860212,95846288,8125.87,-74.24,-81.66,34.4,32.6641
23:00:47.508 > 6956,111,95859928,95846008,8122.13,-73.35,-81.48,34.4,32.6547
23:00:47.561 > 7009,112,95860158,95846232,8124.55,-72.23,-82.23,34.4,32.6688
23:00:47.614 > 7062,113,95859871,95845949,8124.11,-72.51,-81.77,34.4,32.6594
23:00:47.667 > 7115,114,95860097,95846188,8118.10,-73.96,-84.16,34.4,32.6265
23:00:47.720 > 7168,115,95859831,95845894,8122.87,-72.94,-81.51,34.4,32.6922
23:00:47.773 > 7221,116,95860053,95846132,8124.63,-72.90,-81.14,34.4,32.6547
23:00:47.826 > 7274,117,95860290,95846361,8123.82,-72.64,-81.88,34.4,32.6734
23:00:47.879 > 7327,118,95860006,95846080,8125.07,-73.47,-82.23,34.4,32.6688
23:00:47.932 > 7380,119,95860240,95846317,8124.77,-71.85,-83.56,34.4,32.6594
23:00:47.985 > 7433,120,95859957,95846036,8118.10,-73.23,-81.79,34.4,32.6547
23:00:48.038 > 7486,121,95860195,95846278,8122.72,-73.11,-82.88,34.4,32.6453
23:00:48.091 > 7539,122,95859913,95845996,8118.25,-73.54,-84.28,34.4,32.6453
23:00:48.144 > 7592,123,95860155,95846229,8123.45,-74.56,-84.98,34.4,32.6688
23:00:48.197 > 7645,124,95859878,95845947,8118.39,-72.10,-81.81,34.4,32.6781
23:00:48.250 > 7698,125,95860116,95846200,8126.68,-73.55,-82.16,34.4,32.6453
23:00:48.303 > 7751,126,95859846,95845911,8119.93,-72.74,-83.83,34.4,32.6875
23:00:48.373 > 7804,127,95860084,95846162,8125.14,-72.16,-81.50,34.4,32.6594
23:00:48.409 > 7857,128,95860317,95846399,8126.83,-74.06,-84.55,35.4,32.6500
23:00:48.462 > 7910,129,95860051,95846134,8125.58,-72.91,-82.74,34.4,32.6453
23:00:48.515 > 7963,130,95860293,95846369,8123.53,-74.10,-86.06,34.4,32.6641
23:00:48.568 > 8016,131,95860025,95846101,8123.09,-72.39,-81.86,35.4,32.6641
23:00:48.621 > 8069,132,95860268,95846345,8121.84,-72.77,-81.38,35.4,32.6594
23:00:48.674 > 8122,133,95860005,95846081,8124.77,-73.14,-81.96,34.4,32.6641
23:00:48.727 > 8175,134,95860241,95846322,8122.65,-72.13,-81.73,35.4,32.6500
23:00:48.780 > 8228,135,95859983,95846051,8126.39,-71.91,-82.78,34.4,32.6828
23:00:48.833 > 8281,136,95860219,95846300,8123.97,-72.54,-82.73,34.4,32.6500
23:00:48.886 > 8334,137,95859953,95846030,8126.02,-72.68,-81.56,34.4,32.6594
23:00:48.939 > 8387,138,95860201,95846271,8123.60,-73.57,-83.68,34.4,32.6781
23:00:48.992 > 8440,139,95859938,95846016,8126.61,-74.23,-83.70,34.4,32.6594
23:00:49.045 > 8493,140,95860179,95846255,8125.58,-73.68,-82.81,34.4,32.6641
23:00:49.098 > 8546,141,95859919,95845996,8118.54,-71.85,-82.74,34.4,32.6594
23:00:49.151 > 8599,142,95860165,95846244,8125.29,-72.97,-83.38,35.4,32.6547
23:00:49.204 > 8652,143,95859906,95845976,8118.17,-72.04,-82.38,34.4,32.6781
23:00:49.257 > 8705,144,95860146,95846223,8118.03,-72.87,-82.05,34.4,32.6594
23:00:49.323 > 8758,145,95859886,95845958,8119.57,-73.07,-81.94,34.4,32.6734
23:00:49.363 > 8811,146,95860140,95846211,8124.70,-73.68,-82.27,34.4,32.6734
23:00:49.416 > 8864,147,95859879,95845958,8120.37,-72.68,-81.18,34.4,32.6547
23:00:49.469 > 8917,148,95860126,95846206,8124.41,-71.79,-81.61,34.4,32.6547
23:00:49.522 > 8970,149,95859874,95845943,8127.19,-71.70,-81.19,34.4,32.6781
23:00:49.575 > 9023,150,95860121,95846200,8122.06,-72.01,-81.36,34.4,32.6547
23:00:49.628 > 9076,151,95859864,95845938,8126.31,-72.94,-82.78,34.4,32.6688
23:00:49.681 > 9129,152,95860114,95846197,8125.43,-74.10,-84.53,34.4,32.6453
23:00:49.734 > 9182,153,95859859,95845938,8127.12,-72.68,-82.13,34.4,32.6547
23:00:49.787 > 9235,154,95860116,95846190,8118.76,-73.27,-83.94,35.4,32.6688
23:00:49.840 > 9288,155,95859865,95845937,8124.26,-73.14,-82.66,34.4,32.6734
23:00:49.893 > 9341,156,95860118,95846189,8119.86,-73.13,-81.48,34.4,32.6734
23:00:49.946 > 9394,157,95859860,95845944,8120.45,-74.40,-84.79,34.4,32.6453
23:00:49.999 > 9447,158,95860110,95846200,8121.99,-72.64,-82.21,34.4,32.6312
23:00:50.052 > 9500,159,95859868,95845948,8123.38,-71.79,-81.46,35.4,32.6547
23:00:50.105 > 9553,160,95860124,95846196,8118.91,-71.95,-81.61,35.4,32.6734
23:00:50.158 > 9606,161,95859876,95845953,8126.75,-72.58,-81.17,35.4,32.6594
23:00:50.211 > 9659,162,95860140,95846212,8119.79,-74.72,-82.56,34.4,32.6734
23:00:50.264 > 9712,163,95859884,95845962,8118.47,-73.45,-81.21,35.4,32.6594
23:00:50.317 > 9765,164,95860148,95846219,8126.61,-74.28,-84.75,34.4,32.6734
23:00:50.371 > 9818,165,95859901,95845975,8125.21,-72.97,-83.00,34.4,32.6688
23:00:50.423 > 9871,166,95860156,95846234,8124.04,-73.13,-82.29,34.4,32.6594
23:00:50.476 > 9924,167,95859907,95845986,8120.81,-73.52,-82.96,34.4,32.6547
23:00:50.529 > 9977,168,95860171,95846253,8123.53,-73.64,-82.50,34.4,32.6500
23:00:50.582 > 10030,169,95859908,95845999,8121.91,-84.81,-83.29,35.4,32.6265
23:00:50.635 > 10083,170,95860180,95846261,8126.09,-73.40,-81.85,34.4,32.6500
23:00:50.688 > 10136,171,95859940,95846014,8121.25,-73.01,-81.93,35.4,32.6688
23:00:50.741 > 10189,172,95860211,95846285,8123.82,-72.38,-81.16,34.4,32.6688
23:00:50.794 > 10242,173,95859963,95846040,8122.87,-74.63,-83.94,34.4,32.6594
23:00:50.847 > 10295,174,95860230,95846298,8119.71,-72.26,-82.82,34.4,32.6828
23:00:50.900 > 10348,175,95859983,95846061,8126.09,-72.71,-82.45,34.4,32.6594
23:00:50.953 > 10401,176,95860249,95846334,8126.53,-74.95,-85.08,34.4,32.6406
23:00:51.006 > 10454,177,95860014,95846095,8125.51,-72.55,-81.87,34.4,32.6500
23:00:51.059 > 10507,178,95860281,95846351,8124.63,-73.00,-82.14,34.4,32.6781
23:00:51.112 > 10560,179,95860045,95846127,8127.19,-72.07,-82.56,34.4,32.6500
23:00:51.165 > 10613,180,95860309,95846393,8125.51,-72.77,-82.64,34.4,32.6453
23:00:51.218 > 10666,181,95860081,95846145,8124.33,-72.32,-81.61,34.4,32.6922
23:00:51.271 > 10719,182,95859836,95845909,8123.38,-72.19,-81.83,34.4,32.6688
23:00:51.326 > 10772,183,95860114,95846183,8120.81,-73.25,-84.15,34.4,32.6781
23:00:51.377 > 10825,184,95859872,95845947,8124.26,-72.68,-81.63,34.4,32.6641
23:00:51.430 > 10878,185,95860148,95846212,8124.92,-72.87,-81.64,35.4,32.6922
23:00:51.483 > 10931,186,95859914,95845980,8123.60,-74.19,-83.61,34.4,32.6875
23:00:51.536 > 10984,187,95860187,95846267,8120.96,-73.89,-81.75,34.4,32.6547
23:00:51.589 > 11037,188,95859952,95846025,8118.83,-73.59,-82.56,34.4,32.6688
23:00:51.642 > 11090,189,95860234,95846304,8120.59,-75.41,-85.61,35.4,32.6781
23:00:51.695 > 11143,190,95859995,95846073,8124.11,-72.84,-81.54,34.4,32.6594
23:00:51.748 > 11196,191,95860274,95846351,8126.09,-75.21,-84.29,34.4,32.6594
23:00:51.801 > 11249,192,95860035,95846116,8122.87,-73.52,-84.25,34.4,32.6500
23:00:51.854 > 11302,193,95860314,95846397,8118.83,-75.57,-84.91,34.4,32.6453
23:00:51.907 > 11355,194,95860089,95846166,8124.99,-72.51,-81.75,34.4,32.6594
23:00:51.960 > 11408,195,95859861,95845936,8124.99,-74.76,-85.13,34.4,32.6641
23:00:52.013 > 11461,196,95860142,95846216,8122.43,-72.16,-81.31,35.4,32.6688
23:00:52.066 > 11514,197,95859910,95845983,8118.54,-72.01,-82.31,34.4,32.6688
23:00:52.119 > 11567,198,95860190,95846275,8124.70,-72.45,-81.59,34.4,32.6406
23:00:52.172 > 11620,199,95859970,95846043,8124.63,-73.00,-84.73,34.4,32.6688
23:00:52.225 > 11673,200,95860255,95846327,8123.31,-73.31,-83.85,34.4,32.6734
23:00:52.278 > 11726,201,95860025,95846105,8118.91,-72.16,-81.92,34.4,32.6547
23:00:52.331 > 11779,202,95860307,95846397,8122.21,-74.05,-84.46,34.4,32.6312
23:00:52.384 > 11832,203,95860094,95846172,8107.40,-72.97,-82.15,34.4,32.6594
23:00:52.437 > 11885,204,95859870,95845940,8120.96,-73.04,-81.57,34.4,32.6781
23:00:52.490 > 11938,205,95860156,95846222,8118.91,-74.65,-83.50,34.4,32.6875
23:00:52.543 > 11991,206,95859922,95846002,8121.18,-73.01,-81.91,34.4,32.6547
23:00:52.596 > 12044,207,95860216,95846286,8120.96,-73.75,-82.55,34.4,32.6781
23:00:52.649 > 12097,208,95859991,95846070,8118.69,-74.48,-83.16,34.4,32.6547
23:00:52.702 > 12150,209,95860283,95846354,8127.27,-74.03,-85.06,34.4,32.6734
23:00:52.755 > 12203,210,95860054,95846132,8122.43,-73.18,-81.84,34.4,32.6594
23:00:52.808 > 12256,211,95859837,95845921,8118.83,-74.76,-84.55,34.4,32.6453
23:00:52.861 > 12309,212,95860129,95846208,8123.89,-73.83,-82.32,34.4,32.6547
23:00:52.914 > 12362,213,95859913,95845986,8125.73,-74.46,-83.58,34.4,32.6688
23:00:52.967 > 12415,214,95860202,95846278,8126.09,-73.76,-81.94,34.4,32.6641
23:00:53.020 > 12468,215,95859989,95846054,8122.28,-74.39,-83.27,34.4,32.6875
23:00:53.073 > 12521,216,95860277,95846346,8126.75,-72.16,-81.77,34.4,32.6781
23:00:53.126 > 12574,217,95860066,95846141,8121.84,-72.55,-82.03,34.4,32.6641
23:00:53.179 > 12627,218,95859844,95845914,8126.09,-74.39,-85.86,34.4,32.6781
23:00:53.232 > 12680,219,95860132,95846219,8119.35,-72.39,-81.27,34.4,32.6359
23:00:53.285 > 12733,220,95859922,95845983,8120.96,-72.61,-82.31,34.4,32.6969
23:00:53.340 > 12786,221,95860217,95846292,8125.87,-72.42,-82.46,34.4,32.6641
23:00:53.391 > 12839,222,95859999,95846077,8122.43,-72.57,-81.64,34.4,32.6594
23:00:53.444 > 12892,223,95860303,95846380,8121.03,-72.51,-82.49,34.4,32.6594
23:00:53.497 > 12945,224,95860080,95846152,8119.35,-72.45,-81.47,34.4,32.6734
23:00:53.550 > 12998,225,95859875,95845948,8122.94,-71.91,-81.52,34.4,32.6688
23:00:53.603 > 13051,226,95860170,95846244,8119.13,-72.38,-83.13,35.4,32.6688
23:00:53.656 > 13104,227,95859956,95846036,8126.02,-72.39,-81.55,34.4,32.6547
23:00:53.709 > 13157,228,95860252,95846328,8124.55,-72.97,-81.60,34.4,32.6641
23:00:53.762 > 13210,229,95860038,95846111,8123.97,-72.74,-82.65,34.4,32.6688
23:00:53.815 > 13263,230,95859830,95845898,8120.37,-71.91,-82.25,34.4,32.6828
23:00:53.868 > 13316,231,95860135,95846203,8124.70,-72.45,-81.95,34.4,32.6828
23:00:53.921 > 13369,232,95859921,95845995,8118.54,-73.78,-84.35,34.4,32.6688
23:00:53.974 > 13422,233,95860222,95846295,8123.75,-73.55,-84.78,34.4,32.6688
23:00:54.027 > 13475,234,95860008,95846084,8126.17,-74.68,-84.73,34.4,32.6641
23:00:54.080 > 13528,235,95860319,95846392,8126.17,-73.24,-82.32,35.4,32.6688
23:00:54.133 > 13581,236,95860115,95846186,8120.30,-72.51,-82.26,34.4,32.6734
23:00:54.186 > 13634,237,95859904,95845977,8119.57,-72.38,-81.43,34.4,32.6688
23:00:54.239 > 13687,238,95860211,95846283,8124.48,-73.10,-82.03,34.4,32.6734
23:00:54.292 > 13740,239,95860013,95846084,8119.49,-73.90,-83.75,34.4,32.6734
23:00:54.353 > 13793,240,95860316,95846391,8124.70,-72.87,-81.87,34.4,32.6641
23:00:54.398 > 13846,241,95860112,95846188,8123.53,-73.78,-84.95,34.4,32.6641
23:00:54.451 > 13899,242,95859901,95845973,8125.29,-72.42,-82.12,34.4,32.6734
23:00:54.504 > 13952,243,95860214,95846273,8120.96,-73.23,-81.75,34.4,32.7016
23:00:54.557 > 14005,244,95860008,95846074,8123.16,-73.04,-81.32,34.4,32.6875
23:00:54.610 > 14058,245,95860310,95846381,8125.43,-72.29,-81.77,34.4,32.6734
23:00:54.663 > 14111,246,95860108,95846181,8123.01,-72.64,-83.09,34.4,32.6688
23:00:54.716 > 14164,247,95859905,95845974,8120.45,-73.23,-82.36,34.4,32.6781
23:00:54.769 > 14217,248,95860209,95846283,8126.90,-72.68,-81.66,34.4,32.6688
23:00:54.822 > 14270,249,95860004,95846076,8123.01,-72.90,-82.00,34.4,32.6734
23:00:54.875 > 14323,250,95860314,95846393,8121.33,-73.83,-82.29,34.4,32.6547
23:00:54.928 > 14376,251,95860108,95846183,8124.70,-72.70,-82.70,35.4,32.6641
23:00:54.981 > 14429,252,95859908,95845977,8124.48,-72.84,-82.48,34.4,32.6781
23:00:55.034 > 14482,253,95860218,95846293,8124.70,-72.16,-81.99,34.4,32.6641
23:00:55.087 > 14535,254,95860021,95846086,8121.18,-73.38,-83.70,34.4,32.6875
23:00:55.140 > 14588,255,95859812,95845890,8119.05,-72.10,-81.87,34.4,32.6594
23:00:55.193 > 14641,256,95860130,95846200,8123.67,-72.55,-82.02,34.4,32.6781
23:00:55.246 > 14694,257,95859926,95846007,8123.60,-73.30,-81.45,34.4,32.6500
23:00:55.299 > 14747,258,95860247,95846306,8123.89,-72.61,-82.67,34.4,32.7016
23:00:55.352 > 14800,259,95860045,95846113,8120.30,-73.10,-82.89,34.4,32.6828
23:00:55.405 > 14853,260,95859836,95845918,8107.91,-72.74,-81.74,34.4,32.6500
23:00:55.458 > 14906,261,95860156,95846234,8123.89,-72.45,-82.13,34.4,32.6594
23:00:55.511 > 14959,262,95859965,95846024,8121.99,-74.41,-85.42,34.4,32.7016
23:00:55.564 > 15012,263,95860279,95846347,8123.45,-74.39,-84.52,34.4,32.6828
23:00:55.617 > 15065,264,95860078,95846147,8126.75,-72.64,-81.81,34.4,32.6781
23:00:55.670 > 15118,265,95859881,95845956,8120.89,-73.64,-83.57,34.4,32.6641
23:00:55.723 > 15171,266,95860203,95846282,8122.35,-72.91,-81.92,34.4,32.6547
23:00:55.776 > 15224,267,95860013,95846087,8118.39,-72.87,-81.66,34.4,32.6688
23:00:55.829 > 15277,268,95859819,95845889,8119.27,-74.15,-82.79,34.4,32.6781
23:00:55.882 > 15330,269,95860132,95846209,8121.69,-74.06,-83.46,34.4,32.6594
23:00:55.935 > 15383,270,95859945,95846013,8120.74,-74.56,-84.74,34.4,32.6828
23:00:55.988 > 15436,271,95860259,95846336,8119.35,-73.03,-81.63,34.4,32.6594
23:00:56.041 > 15489,272,95860076,95846148,8123.45,-72.58,-81.97,34.4,32.6734
23:00:56.094 > 15542,273,95859875,95845951,8119.86,-72.77,-81.71,34.4,32.6641
23:00:56.147 > 15595,274,95860192,95846273,8124.85,-72.68,-81.53,34.4,32.6500
23:00:56.200 > 15648,275,95860010,95846079,8124.11,-73.57,-81.92,34.4,32.6781
23:00:56.253 > 15701,276,95859813,95845890,8118.10,-72.29,-81.85,34.4,32.6594
23:00:56.306 > 15754,277,95860131,95846207,8123.82,-72.61,-82.54,34.4,32.6641
23:00:56.372 > 15807,278,95859942,95846015,8119.57,-72.64,-81.94,35.4,32.6688
23:00:56.412 > 15860,279,95860268,95846338,8121.11,-73.03,-83.47,34.4,32.6781
23:00:56.465 > 15913,280,95860076,95846145,8121.55,-72.71,-81.71,34.4,32.6781
23:00:56.518 > 15966,281,95859890,95845964,8106.59,-72.77,-82.26,34.4,32.6688
23:00:56.571 > 16019,282,95860211,95846287,8118.91,-72.51,-81.55,34.4,32.6641
23:00:56.624 > 16072,283,95860027,95846098,8119.13,-73.10,-82.56,34.4,32.6734
23:00:56.677 > 16125,284,95859833,95845914,8123.82,-72.81,-82.17,34.4,32.6500
23:00:56.730 > 16178,285,95860162,95846242,8124.04,-73.75,-83.37,34.4,32.6547
23:00:56.783 > 16231,286,95859970,95846049,8121.47,-74.37,-84.12,35.4,32.6547
23:00:56.836 > 16284,287,95860299,95846384,8120.30,-73.57,-82.27,34.4,32.6406
23:00:56.889 > 16337,288,95860115,95846185,8122.79,-73.62,-82.16,34.4,32.6781
23:00:56.942 > 16390,289,95859935,95846005,8122.35,-73.02,-81.47,34.4,32.6781
23:00:56.995 > 16443,290,95860256,95846335,8124.55,-75.14,-84.53,34.4,32.6547
23:00:57.048 > 16496,291,95860077,95846141,8120.67,-72.91,-81.34,35.4,32.6922
23:00:57.101 > 16549,292,95859887,95845959,8121.69,-74.95,-83.13,34.4,32.6734
23:00:57.154 > 16602,293,95860215,95846285,8107.03,-73.35,-81.73,34.4,32.6781
23:00:57.207 > 16655,294,95860023,95846102,8123.89,-73.33,-82.05,34.4,32.6547
23:00:57.260 > 16708,295,95859846,95845921,8120.45,-74.05,-82.76,34.4,32.6641
23:00:57.322 > 16761,296,95860170,95846246,8121.91,-75.06,-85.06,34.4,32.6641
23:00:57.366 > 16814,297,95859995,95846072,8104.98,-74.67,-82.91,34.4,32.6594
23:00:57.419 > 16867,298,95860328,95846399,8119.35,-73.92,-81.99,34.4,32.6734
23:00:57.472 > 16920,299,95860143,95846215,8121.55,-72.71,-81.42,34.4,32.6734
23:00:57.525 > 16973,300,95859962,95846028,8121.25,-73.10,-83.45,34.4,32.6875
23:00:57.578 > 17026,301,95860308,95846372,8118.03,-72.13,-82.88,34.4,32.6922
23:00:57.631 > 17079,302,95860111,95846186,8121.62,-72.45,-82.30,34.4,32.6641
23:00:57.684 > 17132,303,95859938,95846013,8121.99,-72.42,-81.32,34.4,32.6641
23:00:57.737 > 17185,304,95860272,95846342,8122.72,-72.97,-81.93,35.4,32.6781
23:00:57.790 > 17238,305,95860089,95846166,8125.21,-72.74,-81.87,34.4,32.6594
23:00:57.843 > 17291,306,95859915,95845988,8123.53,-73.00,-83.03,34.4,32.6688
23:00:57.896 > 17344,307,95860256,95846325,8119.42,-74.97,-84.61,34.4,32.6781
23:00:57.949 > 17397,308,95860076,95846145,8121.77,-72.74,-81.62,34.4,32.6781
23:00:58.002 > 17450,309,95859904,95845977,8120.59,-73.24,-82.11,34.4,32.6688
23:00:58.055 > 17503,310,95860238,95846311,8123.38,-73.27,-82.42,35.4,32.6688
23:00:58.108 > 17556,311,95860058,95846135,8122.35,-72.71,-81.20,34.4,32.6594
23:00:58.161 > 17609,312,95859884,95845961,8122.35,-73.03,-81.82,35.4,32.6594
23:00:58.214 > 17662,313,95860227,95846305,8121.47,-72.81,-82.64,34.4,32.6594
23:00:58.267 > 17715,314,95860046,95846125,8121.03,-75.21,-84.51,34.4,32.6547
23:00:58.320 > 17768,315,95859882,95845954,8121.84,-72.74,-81.97,35.4,32.6734
23:00:58.373 > 17821,316,95860215,95846298,8106.59,-74.03,-82.38,34.4,32.6453
23:00:58.426 > 17874,317,95860044,95846112,8118.69,-74.67,-85.14,34.4,32.6828
23:00:58.479 > 17927,318,95859870,95845935,8122.35,-72.45,-81.15,34.4,32.6875
23:00:58.532 > 17980,319,95860220,95846283,8119.20,-72.64,-81.56,34.4,32.6922
23:00:58.585 > 18033,320,95860049,95846110,8121.84,-72.78,-83.57,34.4,32.6969
23:00:58.638 > 18086,321,95859867,95845944,8124.33,-74.85,-84.60,35.4,32.6594
23:00:58.691 > 18139,322,95860205,95846282,8120.15,-72.39,-81.66,34.4,32.6594
23:00:58.744 > 18192,323,95860043,95846106,8121.62,-74.35,-84.91,34.4,32.6922
23:00:58.797 > 18245,324,95859867,95845942,8122.50,-72.72,-82.01,34.4,32.6641
23:00:58.850 > 18298,325,95860207,95846272,8121.33,-72.45,-81.36,35.4,32.6875
23:00:58.903 > 18351,326,95860034,95846098,8122.65,-73.01,-81.94,35.4,32.6922
23:00:58.956 > 18404,327,95859863,95845938,8120.81,-73.47,-83.52,34.4,32.6641
23:00:59.009 > 18457,328,95860208,95846282,8118.98,-74.15,-81.94,35.4,32.6688
23:00:59.062 > 18510,329,95860042,95846109,8119.13,-72.80,-83.29,34.4,32.6828
23:00:59.115 > 18563,330,95859864,95845938,8119.64,-74.97,-84.72,35.4,32.6688
23:00:59.168 > 18616,331,95860210,95846283,8124.85,-72.32,-81.34,34.4,32.6688
23:00:59.221 > 18669,332,95860035,95846106,8118.98,-75.21,-86.25,35.4,32.6734
23:00:59.274 > 18722,333,95859872,95845950,8120.08,-72.70,-81.39,34.4,32.6594
23:00:59.341 > 18775,334,95860218,95846290,8120.89,-73.14,-81.79,35.4,32.6734
23:00:59.380 > 18828,335,95860048,95846114,8122.94,-73.47,-81.72,34.4,32.6875
23:00:59.433 > 18881,336,95859881,95845960,8108.20,-73.28,-81.34,35.4,32.6547
23:00:59.486 > 18934,337,95860227,95846302,8126.61,-73.78,-82.93,34.4,32.6641
23:00:59.539 > 18987,338,95860055,95846135,8119.35,-74.67,-83.38,34.4,32.6547
23:00:59.592 > 19040,339,95859893,95845969,8121.62,-74.65,-83.79,34.4,32.6641
23:00:59.645 > 19093,340,95860233,95846311,8121.11,-75.05,-85.80,34.4,32.6594
23:00:59.698 > 19146,341,95860074,95846147,8118.25,-73.78,-81.51,34.4,32.6688
23:00:59.751 > 19199,342,95859906,95845981,8120.01,-73.38,-84.08,34.4,32.6641
23:00:59.804 > 19252,343,95860255,95846331,8122.65,-72.93,-81.53,34.4,32.6641
23:00:59.857 > 19305,344,95860096,95846164,8118.98,-74.15,-82.62,34.4,32.6828
23:00:59.910 > 19358,345,95859924,95846005,8118.83,-75.20,-85.08,34.4,32.6500
23:00:59.963 > 19411,346,95860275,95846342,8122.87,-72.67,-82.17,34.4,32.6828
23:01:00.016 > 19464,347,95860111,95846183,8119.05,-74.71,-84.96,34.4,32.6734
23:01:00.069 > 19517,348,95859941,95846019,8106.66,-73.54,-81.77,34.4,32.6594
23:01:00.122 > 19570,349,95860290,95846370,8123.38,-73.69,-82.97,34.4,32.6547
23:01:00.175 > 19623,350,95860127,95846199,8120.01,-72.35,-81.30,34.4,32.6734
23:01:00.228 > 19676,351,95859969,95846047,8119.71,-73.01,-83.86,34.4,32.6594
23:01:00.281 > 19729,352,95860313,95846392,8121.55,-72.57,-81.40,34.4,32.6547
23:01:00.334 > 19782,353,95860166,95846239,8122.13,-74.48,-84.26,34.4,32.6688
23:01:00.387 > 19835,354,95859994,95846071,8120.89,-72.77,-81.69,34.4,32.6594
23:01:00.440 > 19888,355,95859837,95845911,8120.67,-72.71,-82.11,34.4,32.6688
23:01:00.493 > 19941,356,95860182,95846253,8120.30,-72.80,-82.57,34.4,32.6734
23:01:00.546 > 19994,357,95860029,95846099,8118.32,-73.78,-82.00,34.4,32.6781
23:01:00.599 > 20047,358,95859865,95845940,8123.01,-72.87,-81.59,34.4,32.6641
23:01:00.652 > 20100,359,95860221,95846286,8125.21,-72.39,-81.86,34.4,32.6875
23:01:00.705 > 20153,360,95860057,95846139,8120.37,-72.74,-81.41,34.4,32.6500
23:01:00.758 > 20206,361,95859912,95845979,8122.65,-74.01,-84.39,34.4,32.6828
23:01:00.811 > 20259,362,95860253,95846334,8118.76,-73.03,-82.61,34.4,32.6500
23:01:00.864 > 20312,363,95860093,95846177,8123.31,-73.21,-84.34,34.4,32.6453
23:01:00.917 > 20365,364,95859946,95846017,8120.45,-74.21,-84.59,34.4,32.6734
23:01:00.970 > 20418,365,95860304,95846376,8120.45,-74.30,-84.70,35.4,32.6734
23:01:01.023 > 20471,366,95860141,95846214,8123.45,-73.10,-81.33,34.4,32.6688
23:01:01.076 > 20524,367,95859985,95846066,8121.55,-72.55,-81.72,34.4,32.6500
23:01:01.129 > 20577,368,95859831,95845909,8121.33,-73.13,-82.41,34.4,32.6594
23:01:01.182 > 20630,369,95860197,95846266,8107.47,-73.87,-81.87,34.4,32.6781
23:01:01.235 > 20683,370,95860041,95846106,8108.13,-73.50,-84.40,34.4,32.6875
23:01:01.288 > 20736,371,95859888,95845961,8120.74,-73.41,-81.74,34.4,32.6688
23:01:01.343 > 20789,372,95860245,95846322,8108.35,-72.83,-81.66,34.4,32.6594
23:01:01.394 > 20842,373,95860102,95846165,8125.58,-73.07,-82.88,34.4,32.6922
23:01:01.447 > 20895,374,95859947,95846018,8106.96,-74.72,-82.89,34.4,32.6734
23:01:01.500 > 20948,375,95860307,95846376,8120.08,-73.45,-81.56,34.4,32.6781
23:01:01.553 > 21001,376,95860157,95846229,8122.65,-73.20,-82.59,34.4,32.6734
23:01:01.606 > 21054,377,95860012,95846074,8105.78,-73.11,-81.89,34.4,32.6969
23:01:01.659 > 21107,378,95859857,95845936,8107.47,-72.64,-81.77,34.4,32.6547
23:01:01.712 > 21160,379,95860235,95846302,8119.13,-74.63,-85.23,34.4,32.6828
23:01:01.765 > 21213,380,95860081,95846152,8125.07,-73.78,-81.73,34.4,32.6734
23:01:01.818 > 21266,381,95859935,95846005,8121.33,-75.24,-83.36,34.4,32.6781
23:01:01.871 > 21319,382,95860304,95846379,8125.14,-75.21,-84.98,34.4,32.6641
23:01:01.924 > 21372,383,95860155,95846230,8122.06,-74.67,-84.50,34.4,32.6641
23:01:01.977 > 21425,384,95860013,95846086,8121.55,-73.61,-82.82,34.4,32.6688
23:01:02.030 > 21478,385,95859864,95845940,8120.37,-73.31,-81.74,34.4,32.6641
23:01:02.083 > 21531,386,95860233,95846304,8121.03,-71.91,-82.29,35.4,32.6734
23:01:02.136 > 21584,387,95860100,95846159,8108.57,-72.32,-82.19,34.4,32.7016
23:01:02.189 > 21637,388,95859950,95846019,8120.37,-74.39,-83.52,34.4,32.6781
23:01:02.242 > 21690,389,95860315,95846394,8108.13,-72.45,-81.36,34.4,32.6547
23:01:02.295 > 21743,390,95860166,95846248,8121.91,-72.29,-81.72,35.4,32.6500
23:01:02.352 > 21796,391,95860029,95846107,8107.03,-73.55,-84.75,34.4,32.6594
23:01:02.401 > 21849,392,95859890,95845954,8118.98,-73.10,-82.10,34.4,32.6922
23:01:02.454 > 21902,393,95860265,95846331,8124.41,-74.63,-83.89,35.4,32.6875
23:01:02.507 > 21955,394,95860116,95846187,8118.98,-72.61,-82.57,34.4,32.6734
23:01:02.560 > 22008,395,95859984,95846047,8121.47,-74.52,-84.63,35.4,32.6922
23:01:02.613 > 22061,396,95859842,95845910,8123.53,-74.83,-84.49,34.4,32.6828
23:01:02.666 > 22114,397,95860215,95846292,8120.37,-73.04,-82.18,34.4,32.6594
23:01:02.719 > 22167,398,95860076,95846146,8105.56,-73.13,-81.34,34.4,32.6781
23:01:02.772 > 22220,399,95859948,95846009,8123.75,-73.38,-81.82,35.4,32.6969
23:01:02.825 > 22273,400,95860310,95846385,8122.57,-73.57,-82.09,35.4,32.6641
23:01:02.878 > 22326,401,95860177,95846247,8105.71,-72.68,-82.63,34.4,32.6781
23:01:02.931 > 22379,402,95860034,95846109,8108.42,-72.45,-82.53,34.4,32.6641
23:01:02.984 > 22432,403,95859904,95845974,8121.77,-73.62,-82.92,34.4,32.6781
23:01:03.037 > 22485,404,95860270,95846351,8107.91,-73.44,-83.79,34.4,32.6500
23:01:03.090 > 22538,405,95860145,95846213,8107.25,-74.12,-82.25,34.4,32.6828
23:01:03.143 > 22591,406,95860004,95846074,8122.43,-73.75,-82.17,34.4,32.6781
23:01:03.196 > 22644,407,95859879,95845949,8120.52,-73.83,-82.05,34.4,32.6781
23:01:03.249 > 22697,408,95860250,95846323,8122.28,-74.80,-85.03,34.4,32.6688
23:01:03.302 > 22750,409,95860120,95846194,8118.39,-74.56,-84.33,34.4,32.6688
23:01:03.355 > 22803,410,95859976,95846058,8120.23,-73.23,-83.41,34.4,32.6500
23:01:03.408 > 22856,411,95859861,95845928,8106.22,-72.48,-82.24,34.4,32.6828
23:01:03.461 > 22909,412,95860236,95846313,8119.27,-72.70,-83.24,34.4,32.6594
23:01:03.514 > 22962,413,95860111,95846186,8119.35,-72.39,-82.68,35.4,32.6641
23:01:03.567 > 23015,414,95859983,95846047,8122.79,-72.67,-83.32,35.4,32.6922
23:01:03.620 > 23068,415,95859855,95845926,8120.37,-72.61,-82.98,34.4,32.6734
23:01:03.673 > 23121,416,95860236,95846299,8107.10,-73.27,-83.22,35.4,32.6922
23:01:03.726 > 23174,417,95860102,95846180,8123.75,-73.45,-83.16,34.4,32.6594
23:01:03.779 > 23227,418,95859972,95846047,8106.52,-72.70,-82.54,34.4,32.6641
23:01:03.832 > 23280,419,95859854,95845917,8106.30,-73.04,-85.01,35.4,32.6922
23:01:03.885 > 23333,420,95860235,95846306,8124.41,-72.61,-83.76,34.4,32.6734
23:01:03.938 > 23386,421,95860109,95846177,8118.25,-72.94,-82.31,34.4,32.6828
23:01:03.991 > 23439,422,95859983,95846055,8118.10,-72.13,-82.42,34.4,32.6734
23:01:04.044 > 23492,423,95859861,95845939,8104.68,-73.71,-83.78,34.4,32.6594
23:01:04.097 > 23545,424,95860249,95846323,8119.86,-74.21,-84.36,34.4,32.6688
23:01:04.150 > 23598,425,95860128,95846197,8107.91,-73.21,-83.54,34.4,32.6781
23:01:04.203 > 23651,426,95859998,95846074,8118.47,-74.50,-84.85,34.4,32.6641
23:01:04.256 > 23704,427,95859887,95845960,8118.69,-72.74,-82.54,34.4,32.6688
23:01:04.309 > 23757,428,95860275,95846344,8119.20,-72.35,-81.63,34.4,32.6781
23:01:04.372 > 23810,429,95860162,95846230,8119.42,-72.58,-82.35,35.4,32.6828
23:01:04.415 > 23863,430,95860032,95846099,8118.47,-74.24,-86.05,34.4,32.6828
23:01:04.468 > 23916,431,95859923,95845992,8119.57,-73.24,-82.29,34.4,32.6781
23:01:04.521 > 23969,432,95860312,95846381,8106.30,-73.57,-82.35,34.4,32.6781
23:01:04.574 > 24022,433,95860203,95846278,8105.64,-74.01,-84.62,34.4,32.6641
23:01:04.627 > 24075,434,95860080,95846148,8105.93,-72.93,-81.75,35.4,32.6828
23:01:04.680 > 24128,435,95859964,95846039,8120.67,-72.91,-81.88,34.4,32.6641
23:01:04.733 > 24181,436,95859849,95845920,8118.32,-73.33,-82.39,34.4,32.6734
23:01:04.786 > 24234,437,95860255,95846323,8122.13,-72.92,-81.55,34.4,32.6828
23:01:04.839 > 24287,438,95860140,95846210,8119.71,-72.45,-81.75,35.4,32.6781
23:01:04.892 > 24340,439,95860030,95846098,8119.57,-74.23,-85.34,34.4,32.6828
23:01:04.945 > 24393,440,95859918,95845977,8104.83,-72.51,-82.70,34.4,32.7016
23:01:04.998 > 24446,441,95860312,95846386,8108.28,-71.82,-81.43,34.4,32.6688
23:01:05.051 > 24499,442,95860199,95846276,8106.08,-72.19,-83.09,34.4,32.6594
23:01:05.104 > 24552,443,95860100,95846166,8118.69,-72.84,-82.14,34.4,32.6875
23:01:05.157 > 24605,444,95859984,95846055,8123.16,-73.50,-81.79,34.4,32.6734
23:01:05.210 > 24658,445,95859878,95845949,8107.62,-73.18,-81.32,35.4,32.6734
23:01:05.263 > 24711,446,95860284,95846337,8107.54,-73.30,-81.98,34.4,32.7157
23:01:05.323 > 24764,447,95860175,95846249,8118.69,-74.48,-83.68,34.4,32.6688
23:01:05.369 > 24817,448,95860068,95846137,8106.59,-72.48,-81.79,35.4,32.6781
23:01:05.422 > 24870,449,95859970,95846034,8107.98,-74.34,-84.57,34.4,32.6922
23:01:05.475 > 24923,450,95859859,95845926,8118.69,-75.29,-84.69,35.4,32.6828
23:01:05.528 > 24976,451,95860270,95846336,8106.22,-75.28,-85.10,34.4,32.6875
23:01:05.581 > 25029,452,95860170,95846243,8121.11,-72.45,-83.06,34.4,32.6688
23:01:05.634 > 25082,453,95860071,95846135,8107.25,-73.02,-81.79,34.4,32.6922
23:01:05.687 > 25135,454,95859959,95846030,8120.67,-74.23,-84.75,34.4,32.6734
23:01:05.740 > 25188,455,95859862,95845932,8118.25,-74.68,-84.52,34.4,32.6781
23:01:05.793 > 25241,456,95860276,95846352,8107.47,-74.19,-84.59,35.4,32.6641
23:01:05.846 > 25294,457,95860177,95846250,8103.51,-72.51,-82.04,35.4,32.6688
23:01:05.899 > 25347,458,95860081,95846154,8106.74,-72.74,-81.57,34.4,32.6688
23:01:05.952 > 25400,459,95859980,95846059,8123.31,-73.00,-81.50,35.4,32.6547
23:01:06.005 > 25453,460,95859888,95845962,8126.90,-72.74,-81.61,34.4,32.6688
23:01:06.058 > 25506,461,95860300,95846377,8118.98,-72.67,-81.83,34.4,32.6594
23:01:06.111 > 25559,462,95860210,95846286,8108.50,-74.05,-84.21,34.4,32.6641
23:01:06.164 > 25612,463,95860120,95846187,8123.45,-72.48,-81.69,34.4,32.6828
23:01:06.217 > 25665,464,95860028,95846097,8107.69,-73.21,-81.75,34.4,32.6781
23:01:06.270 > 25718,465,95859933,95846003,8121.40,-72.16,-81.23,35.4,32.6781
23:01:06.323 > 25771,466,95859842,95845913,8120.08,-75.05,-85.99,34.4,32.6734
23:01:06.376 > 25824,467,95860272,95846343,8122.72,-74.43,-82.57,34.4,32.6734
23:01:06.428 > 25877,468,95860175,95846251,8119.49,-74.75,-82.98,34.4,32.6641
23:01:06.482 > 25930,469,95860084,95846166,8119.05,-73.13,-83.97,34.4,32.6500
23:01:06.535 > 25983,470,95859999,95846070,8107.98,-74.34,-82.46,34.4,32.6734
23:01:06.588 > 26036,471,95859907,95845989,8107.69,-74.87,-85.51,34.4,32.6500
23:01:06.641 > 26089,472,95859831,95845899,8105.93,-72.42,-81.90,34.4,32.6828
23:01:06.694 > 26142,473,95860259,95846335,8120.37,-72.64,-81.41,34.4,32.6641
23:01:06.746 > 26195,474,95860175,95846242,8118.98,-72.71,-82.83,34.4,32.6828
23:01:06.800 > 26248,475,95860093,95846165,8123.53,-72.57,-82.27,35.4,32.6734
23:01:06.853 > 26301,476,95860013,95846080,8122.06,-72.64,-81.86,34.4,32.6828
23:01:06.906 > 26354,477,95859928,95846001,8106.08,-73.37,-81.59,35.4,32.6688
23:01:06.959 > 26407,478,95859849,95845915,8106.81,-73.66,-84.15,34.4,32.6875
23:01:07.012 > 26460,479,95860288,95846349,8120.45,-73.44,-82.01,34.4,32.6969
23:01:07.065 > 26513,480,95860202,95846281,8121.47,-73.52,-81.36,34.4,32.6547
23:01:07.118 > 26566,481,95860122,95846201,8105.05,-73.27,-81.40,35.4,32.6547
23:01:07.171 > 26619,482,95860043,95846121,8118.61,-73.83,-84.10,34.4,32.6594
23:01:07.224 > 26672,483,95859971,95846039,8123.23,-72.90,-82.57,34.4,32.6828
23:01:07.277 > 26725,484,95859902,95845972,8107.40,-73.79,-82.34,34.4,32.6781
23:01:07.346 > 26778,485,95859829,95845898,8120.15,-72.35,-81.86,35.4,32.6781
23:01:07.382 > 26831,486,95860268,95846328,8118.98,-72.39,-81.76,34.4,32.7016
23:01:07.436 > 26884,487,95860200,95846260,8118.25,-73.23,-81.93,34.4,32.7016
23:01:07.489 > 26937,488,95860122,95846201,8121.33,-72.16,-81.28,34.4,32.6547
23:01:07.542 > 26990,489,95860056,95846128,8118.54,-73.40,-82.27,34.4,32.6734
23:01:07.595 > 27043,490,95859993,95846062,8122.28,-73.01,-83.17,34.4,32.6781
23:01:07.648 > 27096,491,95859922,95845984,8107.69,-73.78,-83.16,34.4,32.6969
23:01:07.701 > 27149,492,95859855,95845923,8104.61,-72.78,-82.26,34.4,32.6828
23:01:07.754 > 27202,493,95860306,95846371,8107.98,-73.37,-83.78,35.4,32.6875
23:01:07.807 > 27255,494,95860236,95846321,8120.15,-73.18,-82.95,34.4,32.6406
23:01:07.860 > 27308,495,95860177,95846246,8106.66,-73.57,-82.01,34.4,32.6781
23:01:07.913 > 27361,496,95860115,95846185,8106.96,-72.87,-82.90,34.4,32.6781
23:01:07.966 > 27414,497,95860052,95846125,8118.91,-72.35,-81.85,34.4,32.6688
23:01:08.019 > 27467,498,95859988,95846058,8105.27,-74.82,-85.15,34.4,32.6781
23:01:08.072 > 27520,499,95859937,95845998,8105.49,-72.97,-81.85,34.4,32.6969
23:01:08.125 > 27573,500,95859872,95845941,8121.62,-74.01,-81.78,34.4,32.6781
23:01:08.178 > 27626,501,95860337,95846400,8107.10,-73.81,-84.30,34.4,32.6922
23:01:08.231 > 27679,502,95860271,95846345,8119.49,-72.39,-81.47,34.4,32.6688
23:01:08.284 > 27732,503,95860219,95846285,8107.25,-73.02,-82.10,34.4,32.6875
23:01:08.348 > 27785,504,95860155,95846221,8107.10,-74.94,-85.51,34.4,32.6875
23:01:08.390 > 27838,505,95860092,95846170,8118.98,-73.27,-84.48,34.4,32.6594
23:01:08.443 > 27891,506,95860033,95846114,8107.18,-72.97,-82.41,34.4,32.6500
23:01:08.496 > 27944,507,95859983,95846059,8118.17,-73.37,-82.54,35.4,32.6641
23:01:08.549 > 27997,508,95859924,95846000,8106.81,-72.58,-81.63,34.4,32.6641
23:01:08.602 > 28050,509,95859877,95845946,8121.18,-72.48,-81.36,34.4,32.6781
23:01:08.655 > 28103,510,95859825,95845895,8108.42,-74.63,-83.48,34.4,32.6781
23:01:08.708 > 28156,511,95860291,95846360,8103.29,-71.54,-82.34,34.4,32.6781
23:01:08.760 > 28209,512,95860237,95846304,8107.10,-72.78,-83.83,35.4,32.6828
23:01:08.813 > 28262,513,95860191,95846257,8118.47,-73.67,-83.38,35.4,32.6875
23:01:08.867 > 28315,514,95860130,95846200,8107.40,-72.16,-81.45,34.4,32.6781
23:01:08.920 > 28368,515,95860093,95846154,8104.46,-72.01,-82.89,34.4,32.6969
23:01:08.973 > 28421,516,95860036,95846113,8107.91,-72.29,-83.31,34.4,32.6594
23:01:09.026 > 28474,517,95859996,95846067,8105.05,-73.17,-82.33,34.4,32.6734
23:01:09.079 > 28527,518,95859953,95846023,8118.10,-72.35,-81.79,34.4,32.6781
23:01:09.132 > 28580,519,95859920,95845979,8123.31,-73.54,-83.62,35.4,32.7016
23:01:09.185 > 28633,520,95859864,95845938,8104.68,-74.41,-82.90,34.4,32.6688
23:01:09.238 > 28686,521,95859825,95845895,8105.93,-72.35,-83.20,34.4,32.6781
23:01:09.291 > 28739,522,95860305,95846379,8105.49,-72.04,-82.61,34.4,32.6688
23:01:09.343 > 28792,523,95860272,95846329,8118.25,-74.32,-83.38,34.4,32.7063
23:01:09.397 > 28845,524,95860236,95846295,8119.49,-72.91,-82.30,34.4,32.7016
23:01:09.449 > 28898,525,95860195,95846261,8118.61,-75.21,-84.64,34.4,32.6875
23:01:09.503 > 28951,526,95860160,95846222,8102.63,-72.19,-81.96,34.4,32.6969
23:01:09.556 > 29004,527,95860121,95846195,8106.52,-74.21,-83.52,35.4,32.6688
23:01:09.609 > 29057,528,95860085,95846162,8104.17,-72.94,-81.41,35.4,32.6594
23:01:09.661 > 29110,529,95860058,95846123,8108.35,-73.85,-83.28,34.4,32.6875
23:01:09.715 > 29163,530,95860024,95846087,8104.61,-73.52,-84.86,35.4,32.6922
23:01:09.767 > 29216,531,95859985,95846057,8107.03,-72.16,-82.14,34.4,32.6734
23:01:09.821 > 29269,532,95859954,95846018,8118.39,-74.97,-85.44,34.4,32.6922
23:01:09.874 > 29322,533,95859915,95845997,8106.15,-73.71,-83.97,34.4,32.6500
23:01:09.927 > 29375,534,95859901,95845961,8106.44,-73.98,-82.90,35.4,32.7016
23:01:09.980 > 29428,535,95859870,95845936,8105.34,-72.29,-82.20,35.4,32.6875
23:01:10.033 > 29481,536,95859842,95845902,8118.25,-72.01,-81.94,34.4,32.7016
23:01:10.086 > 29534,537,95860326,95846393,8101.68,-73.57,-84.05,35.4,32.6828
23:01:10.139 > 29587,538,95860298,95846366,8103.95,-74.08,-84.18,34.4,32.6828
23:01:10.191 > 29640,539,95860279,95846340,8104.54,-72.77,-81.62,34.4,32.6969
23:01:10.244 > 29693,540,95860238,95846307,8104.54,-72.51,-82.31,34.4,32.6781
23:01:10.297 > 29746,541,95860227,95846290,8107.25,-72.26,-82.48,34.4,32.6922
23:01:10.363 > 29799,542,95860198,95846268,8106.74,-73.45,-82.43,34.4,32.6781
23:01:10.404 > 29852,543,95860173,95846241,8103.44,-73.13,-84.27,34.4,32.6828
23:01:10.456 > 29905,544,95860156,95846214,8104.83,-72.32,-81.54,34.4,32.7063
23:01:10.510 > 29958,545,95860131,95846199,8100.87,-71.98,-81.35,34.4,32.6828
23:01:10.563 > 30011,546,95860112,95846180,8104.98,-72.35,-83.01,34.4,32.6828
23:01:10.616 > 30064,547,95860095,95846163,8103.58,-72.45,-82.21,34.4,32.6828
23:01:10.669 > 30117,548,95860082,95846143,8103.29,-74.05,-82.86,34.4,32.6969
23:01:10.722 > 30170,549,95860047,95846131,8105.34,-72.19,-81.67,34.4,32.6453
23:01:10.774 > 30223,550,95860037,95846091,8106.15,-72.55,-83.23,34.4,32.7157
23:01:10.828 > 30276,551,95860021,95846094,8104.54,-72.29,-82.23,34.4,32.6688
23:01:10.881 > 30329,552,95859999,95846076,8108.28,-71.94,-81.40,34.4,32.6594
23:01:10.934 > 30382,553,95859990,95846057,8104.90,-73.33,-83.34,34.4,32.6828
23:01:10.987 > 30435,554,95859978,95846042,8120.96,-73.58,-83.06,34.4,32.6922
23:01:11.040 > 30488,555,95859959,95846029,8107.69,-71.95,-81.76,34.4,32.6781
23:01:11.093 > 30541,556,95859948,95846014,8106.59,-72.32,-82.10,35.4,32.6875
23:01:11.146 > 30594,557,95859942,95846012,8102.26,-72.74,-81.33,34.4,32.6781
23:01:11.199 > 30647,558,95859928,95845995,8106.66,-72.91,-82.79,34.4,32.6828
23:01:11.252 > 30700,559,95859914,95845982,8106.15,-72.87,-82.06,34.4,32.6828
23:01:11.304 > 30753,560,95859905,95845974,8107.18,-72.26,-81.86,34.4,32.6781
23:01:11.358 > 30806,561,95859904,95845970,8103.14,-72.07,-81.34,34.4,32.6875
23:01:11.411 > 30859,562,95859883,95845965,8102.56,-72.13,-81.12,35.4,32.6500
23:01:11.464 > 30912,563,95859879,95845941,8105.71,-72.80,-81.77,34.4,32.6969
23:01:11.517 > 30965,564,95859875,95845946,8106.66,-72.42,-81.91,34.4,32.6734
23:01:11.570 > 31018,565,95859867,95845940,8118.03,-72.77,-81.89,34.4,32.6688
23:01:11.623 > 31071,566,95859859,95845931,8100.14,-71.88,-81.77,34.4,32.6734
23:01:11.676 > 31124,567,95859853,95845928,8107.76,-72.45,-82.47,34.4,32.6641
23:01:11.729 > 31177,568,95859854,95845920,8103.73,-72.19,-81.90,34.4,32.6875
23:01:11.781 > 31230,569,95859856,95845918,8102.41,-74.65,-85.15,34.4,32.6969
23:01:11.834 > 31283,570,95859854,95845920,8107.10,-72.97,-82.99,34.4,32.6875
23:01:11.888 > 31336,571,95859843,95845913,8108.28,-71.91,-82.11,35.4,32.6781
23:01:11.941 > 31389,572,95859846,95845922,8105.64,-74.23,-85.54,35.4,32.6641
23:01:11.994 > 31442,573,95859849,95845906,8105.78,-74.54,-84.84,35.4,32.7063
23:01:12.047 > 31495,574,95859853,95845911,8101.82,-72.84,-82.89,35.4,32.7063
23:01:12.099 > 31548,575,95859851,95845917,8105.34,-74.03,-83.75,34.4,32.6875
23:01:12.153 > 31601,576,95859857,95845924,8106.66,-72.13,-83.17,35.4,32.6828
23:01:12.206 > 31654,577,95859864,95845926,8107.47,-73.22,-82.10,34.4,32.6969
23:01:12.259 > 31707,578,95859858,95845926,8105.86,-72.45,-81.68,35.4,32.6828
23:01:12.311 > 31760,579,95859863,95845928,8105.12,-74.15,-84.18,35.4,32.6875
23:01:12.373 > 31813,580,95859865,95845932,8103.14,-74.17,-83.97,34.4,32.6828
23:01:12.417 > 31866,581,95859872,95845946,8106.59,-73.24,-82.46,35.4,32.6688
23:01:12.471 > 31919,582,95859881,95845944,8107.25,-71.91,-81.51,35.4,32.6922
23:01:12.524 > 31972,583,95859889,95845962,8105.27,-73.94,-84.58,34.4,32.6688
23:01:12.577 > 32025,584,95859899,95845962,8107.91,-73.89,-84.29,34.4,32.6922
23:01:12.630 > 32078,585,95859910,95845976,8107.40,-71.91,-82.24,34.4,32.6875
23:01:12.683 > 32131,586,95859916,95845981,8101.60,-72.16,-83.02,34.4,32.6875
23:01:12.735 > 32184,587,95859934,95845999,8106.81,-74.25,-84.42,34.4,32.6875
23:01:12.788 > 32237,588,95859935,95846003,8103.22,-72.10,-81.76,34.4,32.6828
23:01:12.842 > 32290,589,95859960,95846013,8107.10,-72.32,-81.90,34.4,32.7157
23:01:12.895 > 32343,590,95859957,95846032,8104.10,-72.19,-81.93,34.4,32.6641
23:01:12.948 > 32396,591,95859983,95846045,8104.02,-72.45,-82.78,34.4,32.6969
23:01:13.001 > 32449,592,95859986,95846061,8104.17,-74.91,-85.06,34.4,32.6641
23:01:13.054 > 32502,593,95860010,95846090,8118.03,-72.29,-81.55,34.4,32.6547
23:01:13.107 > 32555,594,95860019,95846088,8102.26,-73.23,-83.84,35.4,32.6781
23:01:13.160 > 32608,595,95860050,95846103,8107.84,-72.52,-82.95,35.4,32.7157
23:01:13.213 > 32661,596,95860043,95846115,8107.18,-72.64,-81.71,34.4,32.6734
23:01:13.266 > 32714,597,95860081,95846140,8118.47,-72.48,-81.46,34.4,32.7016
23:01:13.320 > 32767,598,95860091,95846149,8104.83,-73.10,-81.63,34.4,32.7063
23:01:13.372 > 32820,599,95860110,95846178,8101.68,-72.81,-81.97,34.4,32.6828
23:01:13.425 > 32873,600,95860127,95846190,8099.92,-74.32,-83.09,34.4,32.6922
23:01:13.477 > 32926,601,95860161,95846218,8102.70,-72.19,-81.49,35.4,32.7063
23:01:13.531 > 32979,602,95860166,95846224,8108.13,-72.87,-83.21,34.4,32.7063
23:01:13.584 > 33032,603,95860186,95846261,8102.56,-74.12,-83.55,34.4,32.6641
23:01:13.636 > 33085,604,95860215,95846284,8102.19,-72.70,-81.49,35.4,32.6781
23:01:13.689 > 33138,605,95860230,95846299,8100.87,-73.76,-84.67,34.4,32.6781
23:01:13.742 > 33191,606,95860253,95846322,8106.44,-74.39,-84.72,34.4,32.6781
23:01:13.795 > 33244,607,95860288,95846352,8104.17,-73.14,-82.06,34.4,32.6922
23:01:13.849 > 33297,608,95860300,95846375,8105.34,-72.10,-81.21,35.4,32.6641
23:01:13.902 > 33350,609,95859833,95845903,8108.42,-73.66,-81.90,35.4,32.6781
23:01:13.955 > 33403,610,95859850,95845915,8102.12,-72.29,-82.18,34.4,32.6875
23:01:14.008 > 33456,611,95859886,95845952,8104.24,-73.21,-83.40,34.4,32.6875
23:01:14.061 > 33509,612,95859913,95845979,8106.15,-73.13,-82.63,35.4,32.6875
23:01:14.113 > 33562,613,95859949,95846017,8104.46,-73.69,-81.99,35.4,32.6828
23:01:14.167 > 33615,614,95859980,95846038,8105.64,-73.17,-82.85,35.4,32.7063
23:01:14.220 > 33668,615,95860008,95846081,8106.81,-74.45,-85.06,34.4,32.6688
23:01:14.272 > 33721,616,95860046,95846102,8106.74,-74.80,-84.89,34.4,32.7110
23:01:14.325 > 33774,617,95860080,95846154,8105.93,-72.19,-81.47,34.4,32.6688
23:01:14.378 > 33827,618,95860110,95846186,8106.66,-72.29,-81.38,34.4,32.6641
23:01:14.432 > 33880,619,95860161,95846217,8104.32,-71.79,-81.73,34.4,32.7110
23:01:14.484 > 33933,620,95860185,95846257,8107.84,-72.45,-81.24,34.4,32.6734
23:01:14.538 > 33986,621,95860235,95846302,8106.22,-73.07,-82.21,34.4,32.6828
23:01:14.591 > 34039,622,95860277,95846334,8107.91,-71.82,-81.24,34.4,32.7063
23:01:14.644 > 34092,623,95860304,95846378,8107.76,-72.72,-81.37,34.4,32.6688
23:01:14.697 > 34145,624,95859839,95845908,8118.61,-72.29,-81.55,34.4,32.6781
23:01:14.749 > 34198,625,95859883,95845951,8103.14,-71.95,-81.11,34.4,32.6828
23:01:14.802 > 34251,626,95859920,95845987,8102.78,-72.61,-82.81,35.4,32.6828
23:01:14.856 > 34304,627,95859965,95846025,8105.49,-72.64,-81.28,34.4,32.7016
23:01:14.909 > 34357,628,95860002,95846080,8099.26,-72.68,-81.71,35.4,32.6594
23:01:14.962 > 34410,629,95860048,95846117,8103.36,-72.97,-82.65,34.4,32.6781
23:01:15.014 > 34463,630,95860096,95846156,8104.17,-73.41,-82.39,34.4,32.7016
23:01:15.068 > 34516,631,95860142,95846207,8102.34,-72.35,-81.71,34.4,32.6875
23:01:15.121 > 34569,632,95860190,95846256,8102.85,-74.63,-83.74,34.4,32.6875
23:01:15.174 > 34622,633,95860242,95846308,8106.96,-71.88,-82.32,34.4,32.6875
23:01:15.226 > 34675,634,95860281,95846347,8103.88,-74.80,-85.05,35.4,32.6875
23:01:15.280 > 34728,635,95859821,95845891,8099.48,-71.76,-81.07,34.4,32.6781
23:01:15.341 > 34781,636,95859862,95845940,8107.69,-71.88,-81.96,34.4,32.6594
23:01:15.385 > 34834,637,95859914,95845984,8118.03,-73.48,-84.39,34.4,32.6781
23:01:15.438 > 34887,638,95859967,95846029,8103.73,-72.07,-81.51,34.4,32.6969
23:01:15.492 > 34940,639,95860024,95846085,8104.98,-72.35,-81.80,34.4,32.6969
23:01:15.545 > 34993,640,95860071,95846123,8108.50,-72.64,-81.52,34.4,32.7204
23:01:15.598 > 35046,641,95860127,95846193,8104.61,-73.73,-83.43,34.4,32.6875
23:01:15.651 > 35099,642,95860172,95846236,8107.25,-74.54,-85.51,34.4,32.6922
23:01:15.704 > 35152,643,95860238,95846300,8104.61,-72.51,-82.20,34.4,32.6969
23:01:15.757 > 35205,644,95860283,95846355,8106.81,-74.35,-83.88,34.4,32.6734
23:01:15.809 > 35258,645,95859825,95845889,8102.78,-74.94,-85.24,34.4,32.6922
23:01:15.863 > 35311,646,95859877,95845943,8101.53,-72.61,-81.37,35.4,32.6875
23:01:15.916 > 35364,647,95859945,95846010,8104.68,-73.55,-82.57,34.4,32.6875
23:01:15.968 > 35417,648,95860003,95846068,8105.86,-72.51,-81.40,34.4,32.6875
23:01:16.022 > 35470,649,95860063,95846137,8119.27,-72.04,-81.41,34.4,32.6688
23:01:16.075 > 35523,650,95860113,95846180,8103.66,-72.84,-81.67,34.4,32.6828
23:01:16.128 > 35576,651,95860178,95846242,8100.21,-72.29,-81.68,34.4,32.6922
23:01:16.181 > 35629,652,95860242,95846303,8106.37,-73.24,-83.13,34.4,32.6969
23:01:16.233 > 35682,653,95860296,95846367,8101.60,-72.23,-81.79,34.4,32.6734
23:01:16.286 > 35735,654,95859850,95845911,8120.45,-72.55,-82.17,34.4,32.6969
23:01:16.352 > 35788,655,95859920,95845978,8105.42,-73.89,-84.33,34.4,32.7063
23:01:16.392 > 35841,656,95859993,95846050,8101.31,-72.19,-82.58,34.4,32.7063
23:01:16.446 > 35894,657,95860047,95846121,8107.84,-72.45,-81.70,34.4,32.6688
23:01:16.499 > 35947,658,95860113,95846180,8102.56,-73.04,-82.09,35.4,32.6828
23:01:16.552 > 36000,659,95860187,95846249,8104.68,-71.76,-81.25,34.4,32.6969
23:01:16.605 > 36053,660,95860249,95846324,8099.99,-72.84,-81.80,35.4,32.6641
23:01:16.658 > 36106,661,95860321,95846393,8101.82,-73.07,-81.98,34.4,32.6734
23:01:16.711 > 36159,662,95859874,95845945,8108.35,-74.41,-84.85,34.4,32.6734
23:01:16.763 > 36212,663,95859954,95846019,8100.72,-72.07,-81.42,35.4,32.6875
23:01:16.816 > 36265,664,95860028,95846086,8100.06,-72.48,-81.67,35.4,32.7063
23:01:16.870 > 36318,665,95860095,95846159,8102.12,-72.97,-84.17,34.4,32.6922
23:01:16.923 > 36371,666,95860171,95846234,8106.74,-73.31,-83.28,34.4,32.6922
23:01:16.975 > 36424,667,95860242,95846313,8104.24,-72.04,-81.58,34.4,32.6734
23:01:17.029 > 36477,668,95860314,95846379,8102.85,-72.45,-81.96,34.4,32.6875
23:01:17.082 > 36530,669,95859883,95845949,8101.68,-72.80,-81.25,34.4,32.6875
23:01:17.135 > 36583,670,95859962,95846021,8105.34,-72.23,-81.69,34.4,32.7016
23:01:17.188 > 36636,671,95860036,95846099,8100.43,-72.38,-82.31,34.4,32.6922
23:01:17.240 > 36689,672,95860108,95846178,8101.09,-71.88,-82.78,34.4,32.6781
23:01:17.293 > 36742,673,95860196,95846261,8104.17,-74.54,-84.41,34.4,32.6875
23:01:17.349 > 36795,674,95860270,95846336,8103.22,-73.17,-83.03,34.4,32.6875
23:01:17.399 > 36848,675,95859839,95845897,8103.95,-72.39,-82.43,34.4,32.7063
23:01:17.453 > 36901,676,95859906,95845978,8103.44,-72.80,-82.28,35.4,32.6734
23:01:17.506 > 36954,677,95859998,95846067,8105.34,-72.29,-81.93,34.4,32.6781
23:01:17.559 > 37007,678,95860078,95846143,8099.77,-72.54,-81.25,34.4,32.6875
23:01:17.612 > 37060,679,95860175,95846229,8103.88,-73.12,-82.40,34.4,32.7157
23:01:17.665 > 37113,680,95860247,95846304,8099.55,-73.03,-82.84,34.4,32.7063
23:01:17.718 > 37166,681,95859830,95845890,8100.14,-74.26,-85.33,35.4,32.7016
23:01:17.770 > 37219,682,95859908,95845972,8102.85,-73.30,-82.10,34.4,32.6922
23:01:17.823 > 37272,683,95859997,95846066,8106.96,-72.04,-81.75,34.4,32.6781
23:01:17.877 > 37325,684,95860091,95846148,8103.29,-72.77,-81.75,34.4,32.7063
23:01:17.930 > 37378,685,95860178,95846246,8099.55,-73.24,-83.14,34.4,32.6828
23:01:17.983 > 37431,686,95860283,95846342,8105.20,-72.91,-82.02,34.4,32.7016
23:01:18.036 > 37484,687,95859853,95845921,8106.96,-72.45,-82.16,34.4,32.6828
23:01:18.089 > 37537,688,95859949,95846015,8103.44,-73.21,-82.61,34.4,32.6875
23:01:18.142 > 37590,689,95860045,95846109,8108.50,-74.32,-85.11,34.4,32.6922
23:01:18.195 > 37643,690,95860137,95846204,8102.19,-73.55,-83.78,34.4,32.6828
23:01:18.248 > 37696,691,95860237,95846299,8101.16,-72.01,-82.75,34.4,32.6969
23:01:18.300 > 37749,692,95859826,95845890,8103.88,-72.97,-81.56,35.4,32.6922
23:01:18.369 > 37802,693,95859919,95845984,8099.40,-74.57,-84.50,35.4,32.6875
23:01:18.406 > 37855,694,95860022,95846090,8099.62,-72.46,-81.20,34.4,32.6828
23:01:18.460 > 37908,695,95860119,95846183,8099.26,-73.23,-83.84,34.4,32.6922
23:01:18.513 > 37961,696,95860214,95846282,8107.32,-72.19,-82.26,35.4,32.6828
23:01:18.566 > 38014,697,95860315,95846385,8099.92,-72.23,-81.43,35.4,32.6781
23:01:18.619 > 38067,698,95859905,95845969,8100.50,-72.83,-83.30,34.4,32.6922
23:01:18.672 > 38120,699,95860014,95846076,8103.58,-73.11,-81.47,35.4,32.6969
23:01:18.725 > 38173,700,95860106,95846178,8101.24,-74.83,-82.95,35.4,32.6734
23:01:18.778 > 38226,701,95860221,95846284,8099.99,-76.13,-85.38,35.4,32.6922
23:01:18.830 > 38279,702,95860331,95846391,8102.48,-75.77,-83.89,34.4,32.7016
23:01:18.884 > 38332,703,95859927,95845985,8104.98,-72.58,-82.02,34.4,32.7063
23:01:18.937 > 38385,704,95860024,95846099,8101.53,-72.13,-81.73,35.4,32.6641
23:01:18.990 > 38438,705,95860147,95846210,8102.85,-72.45,-81.67,34.4,32.6922
23:01:19.042 > 38491,706,95860249,95846316,8101.82,-73.07,-81.63,35.4,32.6828
23:01:19.096 > 38544,707,95859848,95845913,8105.71,-73.80,-83.07,34.4,32.6875
23:01:19.149 > 38597,708,95859958,95846020,8100.50,-72.80,-82.15,34.4,32.6969
23:01:19.201 > 38650,709,95860075,95846144,8103.44,-75.24,-84.00,35.4,32.6781
23:01:19.255 > 38703,710,95860185,95846248,8101.97,-75.33,-85.43,34.4,32.6922
23:01:19.322 > 38756,711,95860304,95846377,8100.72,-73.12,-82.13,34.4,32.6688
23:01:19.360 > 38809,712,95859905,95845968,8099.77,-73.37,-84.40,34.4,32.6922
23:01:19.414 > 38862,713,95860031,95846097,8099.84,-72.19,-81.62,34.4,32.6875
23:01:19.467 > 38915,714,95860151,95846206,8101.31,-72.51,-81.88,34.4,32.7110
23:01:19.520 > 38968,715,95860242,95846308,8107.84,-74.09,-85.68,35.4,32.6875
23:01:19.573 > 39021,716,95859862,95845930,8100.65,-73.04,-83.35,34.4,32.6828
23:01:19.626 > 39074,717,95859990,95846054,8100.65,-72.64,-81.69,34.4,32.6922
23:01:19.679 > 39127,718,95860112,95846174,8106.44,-74.15,-85.24,34.4,32.6969
23:01:19.732 > 39180,719,95860238,95846303,8101.75,-72.54,-81.99,34.4,32.6875
23:01:19.785 > 39233,720,95859843,95845904,8099.55,-72.07,-82.00,34.4,32.6969
23:01:19.837 > 39286,721,95859971,95846043,8103.22,-71.85,-82.47,35.4,32.6734
23:01:19.891 > 39339,722,95860098,95846167,8108.28,-72.16,-81.88,34.4,32.6781
23:01:19.944 > 39392,723,95860233,95846290,8105.56,-72.32,-81.97,35.4,32.7063
23:01:19.997 > 39445,724,95859838,95845914,8108.42,-73.35,-84.06,34.4,32.6641
23:01:20.050 > 39498,725,95859979,95846038,8101.46,-72.10,-83.05,34.4,32.7016
23:01:20.103 > 39551,726,95860105,95846163,8107.91,-71.85,-82.24,34.4,32.7063
23:01:20.156 > 39604,727,95860235,95846303,8104.17,-72.19,-81.77,34.4,32.6828
23:01:20.208 > 39657,728,95859857,95845914,8107.76,-72.45,-81.77,34.4,32.7063
23:01:20.262 > 39710,729,95860000,95846059,8105.27,-73.44,-83.64,34.4,32.7016
23:01:20.314 > 39763,730,95860139,95846200,8099.48,-71.91,-81.30,35.4,32.6969
23:01:20.378 > 39816,731,95860283,95846350,8102.48,-72.54,-81.70,34.4,32.6828
23:01:20.420 > 39869,732,95859904,95845955,8099.40,-72.07,-81.89,34.4,32.7204
23:01:20.473 > 39922,733,95860040,95846099,8101.24,-73.73,-84.78,34.4,32.7016
23:01:20.527 > 39975,734,95860178,95846242,8099.55,-72.10,-82.07,34.4,32.6922
23:01:20.580 > 40028,735,95860321,95846386,8106.15,-72.23,-81.48,34.4,32.6875
23:01:20.632 > 40081,736,95859958,95846022,8106.96,-71.97,-81.14,35.4,32.6922
23:01:20.686 > 40134,737,95860099,95846163,8107.98,-73.57,-83.14,34.4,32.6922
23:01:20.738 > 40187,738,95860246,95846314,8099.70,-73.79,-84.28,34.4,32.6828
23:01:20.792 > 40240,739,95859882,95845941,8101.24,-72.36,-81.82,35.4,32.7016
23:01:20.844 > 40293,740,95860034,95846096,8107.40,-72.07,-81.56,34.4,32.6969
23:01:20.898 > 40346,741,95860179,95846246,8107.76,-74.51,-85.46,35.4,32.6828
23:01:20.951 > 40399,742,95860329,95846398,8102.85,-72.42,-82.62,35.4,32.6781
23:01:21.004 > 40452,743,95859979,95846026,8105.42,-72.81,-82.05,35.4,32.7297
23:01:21.057 > 40505,744,95860125,95846185,8105.34,-72.39,-82.89,34.4,32.7016
23:01:21.110 > 40558,745,95860281,95846342,8102.63,-72.23,-81.54,34.4,32.6969
23:01:21.162 > 40611,746,95859918,95845993,8107.10,-71.66,-82.21,35.4,32.6641
23:01:21.216 > 40664,747,95860075,95846143,8102.85,-71.97,-81.89,34.4,32.6828
23:01:21.269 > 40717,748,95860245,95846293,8101.02,-71.12,-82.67,34.4,32.7297
23:01:21.322 > 40770,749,95859888,95845946,8101.46,-72.85,-82.65,35.4,32.7063
23:01:21.374 > 40823,750,95860041,95846095,8100.72,-73.34,-84.85,34.4,32.7157
23:01:21.428 > 40876,751,95860193,95846271,8107.98,-71.85,-81.84,34.4,32.6594
23:01:21.480 > 40929,752,95859846,95845913,8108.06,-72.04,-81.71,34.4,32.6828
23:01:21.534 > 40982,753,95860008,95846078,8099.77,-72.68,-82.89,34.4,32.6781
23:01:21.586 > 41035,754,95860180,95846232,8100.94,-72.20,-82.92,34.4,32.7204
23:01:21.640 > 41088,755,95859828,95845891,8102.04,-71.69,-81.74,34.4,32.6922
23:01:21.693 > 41141,756,95859996,95846055,8099.99,-72.04,-81.59,35.4,32.7016
23:01:21.746 > 41194,757,95860164,95846215,8099.92,-71.63,-81.72,34.4,32.7204
23:01:21.798 > 41247,758,95860324,95846387,8104.83,-71.51,-81.62,35.4,32.6922
23:01:21.851 > 41300,759,95859983,95846048,8100.80,-71.66,-82.69,34.4,32.6875
23:01:21.905 > 41353,760,95860150,95846211,8107.76,-71.66,-81.23,34.4,32.6969
23:01:21.957 > 41406,761,95860316,95846383,8104.98,-71.73,-82.24,35.4,32.6828
23:01:22.010 > 41459,762,95859978,95846027,8106.22,-72.79,-83.40,34.4,32.7251
23:01:22.064 > 41512,763,95860148,95846215,8101.09,-72.26,-81.31,35.4,32.6828
23:01:22.117 > 41565,764,95860317,95846385,8100.50,-71.94,-81.76,35.4,32.6828
23:01:22.169 > 41618,765,95859986,95846042,8102.85,-72.48,-82.74,34.4,32.7110
23:01:22.223 > 41671,766,95860155,95846219,8100.36,-74.03,-85.26,34.4,32.6922
23:01:22.275 > 41724,767,95859820,95845889,8099.99,-74.06,-83.08,34.4,32.6781
23:01:22.328 > 41777,768,95859988,95846057,8105.42,-74.08,-83.32,34.4,32.6781
23:01:22.381 > 41830,769,95860170,95846233,8103.29,-73.10,-83.09,35.4,32.6922
23:01:22.434 > 41883,770,95859837,95845893,8099.62,-73.07,-81.77,34.4,32.7110
23:01:22.487 > 41936,771,95860015,95846073,8102.70,-72.26,-81.91,34.4,32.7063
23:01:22.541 > 41989,772,95860186,95846253,8100.06,-71.94,-81.61,34.4,32.6828
23:01:22.594 > 42042,773,95859865,95845930,8105.20,-71.70,-81.20,34.4,32.6875
23:01:22.647 > 42095,774,95860042,95846105,8102.48,-71.88,-83.31,34.4,32.6922
23:01:22.700 > 42148,775,95860226,95846291,8103.29,-71.49,-82.45,34.4,32.6875
23:01:22.752 > 42201,776,95859904,95845963,8107.84,-73.55,-83.76,34.4,32.7016
23:01:22.806 > 42254,777,95860084,95846149,8104.76,-71.85,-82.03,34.4,32.6875
23:01:22.858 > 42307,778,95860274,95846337,8106.88,-73.58,-84.28,34.4,32.6922
23:01:22.912 > 42360,779,95859950,95846009,8105.05,-71.58,-81.20,34.4,32.7016
23:01:22.965 > 42413,780,95860141,95846202,8104.61,-72.38,-81.71,34.4,32.6969
23:01:23.018 > 42466,781,95860331,95846390,8101.75,-72.67,-81.85,34.4,32.7016
23:01:23.070 > 42519,782,95860007,95846066,8106.22,-72.39,-81.77,34.4,32.7016
23:01:23.124 > 42572,783,95860194,95846262,8100.28,-73.82,-84.97,34.4,32.6828
23:01:23.176 > 42625,784,95859874,95845936,8106.96,-73.90,-84.07,34.4,32.6969
23:01:23.230 > 42678,785,95860070,95846137,8105.34,-72.45,-83.29,34.4,32.6828
23:01:23.282 > 42731,786,95860267,95846320,8104.98,-72.74,-81.96,34.4,32.7157
23:01:23.342 > 42784,787,95859952,95846012,8104.39,-71.76,-81.13,35.4,32.7016
23:01:23.388 > 42837,788,95860141,95846209,8106.81,-72.04,-81.58,34.4,32.6828
23:01:23.442 > 42890,789,95859834,95845899,8106.44,-71.85,-81.65,35.4,32.6875
23:01:23.494 > 42943,790,95860025,95846090,8108.35,-72.74,-82.85,35.4,32.6875
23:01:23.548 > 42996,791,95860225,95846291,8105.12,-72.29,-81.63,34.4,32.6875
23:01:23.600 > 43049,792,95859910,95845969,8101.82,-72.58,-81.87,35.4,32.7016
23:01:23.654 > 43102,793,95860108,95846172,8106.08,-73.99,-84.23,35.4,32.6922
23:01:23.707 > 43155,794,95860300,95846366,8105.56,-72.61,-82.19,35.4,32.6875
23:01:23.759 > 43208,795,95859994,95846059,8103.88,-72.41,-81.93,34.4,32.6875
23:01:23.812 > 43261,796,95860200,95846255,8106.15,-73.11,-82.66,34.4,32.7110
23:01:23.865 > 43314,797,95859892,95845963,8106.81,-73.85,-83.65,34.4,32.6734
23:01:23.918 > 43367,798,95860092,95846156,8100.87,-72.97,-83.65,35.4,32.6922
23:01:23.971 > 43420,799,95860296,95846368,8106.22,-72.16,-81.66,35.4,32.6734
23:01:24.024 > 43473,800,95859996,95846062,8108.35,-71.98,-81.37,35.4,32.6875
23:01:24.078 > 43526,801,95860207,95846269,8106.81,-71.88,-81.70,35.4,32.6969
23:01:24.130 > 43579,802,95859906,95845958,8107.10,-71.32,-81.62,35.4,32.7204
23:01:24.184 > 43632,803,95860111,95846168,8106.81,-72.68,-84.76,35.4,32.7063
23:01:24.236 > 43685,804,95860325,95846386,8105.20,-71.17,-81.28,35.4,32.6969
23:01:24.289 > 43738,805,95860025,95846081,8100.87,-72.23,-82.16,35.4,32.7110
23:01:24.349 > 43791,806,95860237,95846305,8102.63,-72.39,-83.24,35.4,32.6828
23:01:24.395 > 43844,807,95859936,95846000,8106.52,-71.54,-81.49,34.4,32.6922
23:01:24.448 > 43897,808,95860149,95846209,8102.26,-71.51,-81.55,34.4,32.7016
23:01:24.501 > 43950,809,95859852,95845913,8101.97,-72.85,-84.51,34.4,32.6969
23:01:24.554 > 44003,810,95860057,95846125,8099.62,-71.85,-81.69,34.4,32.6828
23:01:24.608 > 44056,811,95860275,95846349,8105.93,-71.60,-81.33,34.4,32.6688
23:01:24.661 > 44109,812,95859979,95846044,8105.12,-74.12,-86.15,34.4,32.6875
23:01:24.714 > 44162,813,95860196,95846257,8105.34,-74.07,-84.79,35.4,32.6969
23:01:24.766 > 44215,814,95859907,95845961,8105.93,-71.48,-81.42,35.4,32.7157
23:01:24.820 > 44268,815,95860120,95846176,8104.24,-73.99,-83.40,35.4,32.7110
23:01:24.872 > 44321,816,95860329,95846394,8101.75,-71.82,-81.27,34.4,32.6875
23:01:24.925 > 44374,817,95860036,95846096,8106.59,-72.85,-83.03,34.4,32.7016
23:01:24.978 > 44427,818,95860254,95846315,8099.40,-72.79,-81.65,35.4,32.6969
23:01:25.031 > 44480,819,95859960,95846016,8104.61,-73.05,-81.91,34.4,32.7110
23:01:25.084 > 44533,820,95860175,95846239,8107.84,-72.76,-83.50,34.4,32.6922
23:01:25.137 > 44586,821,95859883,95845950,8105.42,-74.58,-84.81,34.4,32.6828
23:01:25.190 > 44639,822,95860102,95846162,8104.02,-73.23,-81.87,34.4,32.7016
23:01:25.243 > 44692,823,95860318,95846378,8100.58,-72.36,-81.95,34.4,32.7016
23:01:25.298 > 44745,824,95860035,95846093,8105.93,-72.46,-82.24,34.4,32.7063
23:01:25.349 > 44798,825,95860247,95846304,8103.07,-72.92,-82.56,34.4,32.7063
23:01:25.402 > 44851,826,95859961,95846027,8104.24,-73.58,-82.54,34.4,32.6875
23:01:25.455 > 44904,827,95860184,95846245,8107.40,-74.52,-84.81,34.4,32.6969
23:01:25.509 > 44957,828,95859899,95845963,8103.58,-72.77,-81.89,34.4,32.6922
23:01:25.561 > 45010,829,95860115,95846182,8103.36,-72.93,-82.06,34.4,32.6828
23:01:25.614 > 45063,830,95860344,95846394,8107.98,-73.45,-84.44,34.4,32.7251
23:01:25.668 > 45116,831,95860053,95846114,8104.83,-72.68,-82.08,34.4,32.6969
23:01:25.720 > 45169,832,95860277,95846332,8102.04,-71.54,-81.16,34.4,32.7110
23:01:25.773 > 45222,833,95859991,95846062,8105.12,-71.45,-82.07,34.4,32.6734
23:01:25.826 > 45275,834,95860224,95846276,8107.76,-71.51,-81.99,34.4,32.7204
23:01:25.879 > 45328,835,95859931,95845992,8102.63,-73.74,-85.14,34.4,32.6969
23:01:25.932 > 45381,836,95860163,95846226,8108.42,-71.85,-81.94,35.4,32.6922
23:01:25.985 > 45434,837,95859870,95845940,8104.54,-73.15,-83.62,35.4,32.6781
23:01:26.038 > 45487,838,95860106,95846166,8100.36,-73.90,-85.69,34.4,32.7016
23:01:26.091 > 45540,839,95860327,95846396,8104.46,-72.36,-82.18,35.4,32.6781
23:01:26.144 > 45593,840,95860048,95846106,8099.40,-71.85,-82.22,34.4,32.7063
23:01:26.197 > 45646,841,95860293,95846344,8104.39,-73.64,-83.38,35.4,32.7204
23:01:26.250 > 45699,842,95859994,95846066,8099.26,-71.79,-81.29,35.4,32.6734
23:01:26.303 > 45752,843,95860235,95846300,8105.93,-72.23,-82.70,34.4,32.6875
23:01:26.359 > 45805,844,95859958,95846016,8106.59,-72.26,-81.72,35.4,32.7063
23:01:26.409 > 45858,845,95860198,95846252,8104.02,-73.02,-82.52,35.4,32.7157
23:01:26.462 > 45911,846,95859913,95845970,8108.42,-72.26,-82.06,35.4,32.7063
23:01:26.515 > 45964,847,95860150,95846208,8102.12,-72.52,-81.32,35.4,32.7063
23:01:26.568 > 46017,848,95859868,95845933,8099.55,-73.83,-83.49,34.4,32.6875
23:01:26.621 > 46070,849,95860108,95846162,8105.49,-74.03,-85.38,34.4,32.7157
23:01:26.674 > 46123,850,95859842,95845894,8102.19,-73.98,-84.15,35.4,32.7204
23:01:26.727 > 46176,851,95860063,95846123,8101.68,-73.22,-84.44,34.4,32.7016
23:01:26.780 > 46229,852,95860305,95846370,8100.94,-72.96,-83.53,35.4,32.6875
23:01:26.833 > 46282,853,95860029,95846090,8106.00,-73.22,-84.78,35.4,32.6969
23:01:26.886 > 46335,854,95860264,95846334,8103.66,-71.75,-82.00,34.4,32.6781
23:01:26.939 > 46388,855,95859985,95846052,8106.30,-72.52,-82.88,34.4,32.6828
23:01:26.992 > 46441,856,95860237,95846295,8107.69,-71.14,-81.59,34.4,32.7063
23:01:27.045 > 46494,857,95859951,95846017,8102.12,-72.85,-83.92,34.4,32.6875
23:01:27.098 > 46547,858,95860195,95846259,8105.49,-71.69,-81.46,34.4,32.6922
23:01:27.151 > 46600,859,95859915,95845984,8104.83,-72.20,-82.85,34.4,32.6781
23:01:27.204 > 46653,860,95860158,95846226,8107.18,-72.49,-83.81,34.4,32.6828
23:01:27.257 > 46706,861,95859896,95845945,8105.93,-71.36,-81.40,35.4,32.7251
23:01:27.325 > 46759,862,95860127,95846192,8106.96,-71.75,-81.84,35.4,32.6875
23:01:27.363 > 46812,863,95859859,95845913,8105.27,-72.04,-82.53,34.4,32.7157
23:01:27.416 > 46865,864,95860102,95846168,8100.14,-71.69,-81.82,35.4,32.6875
23:01:27.469 > 46918,865,95859831,95845893,8103.29,-71.21,-81.36,35.4,32.6969
23:01:27.522 > 46971,866,95860072,95846130,8103.22,-71.57,-81.82,35.4,32.7063
23:01:27.575 > 47024,867,95860312,95846375,8101.53,-72.23,-81.91,35.4,32.6922
23:01:27.628 > 47077,868,95860045,95846101,8105.93,-73.30,-85.03,35.4,32.7110
23:01:27.681 > 47130,869,95860289,95846354,8099.70,-71.69,-82.37,35.4,32.6875
23:01:27.734 > 47183,870,95860015,95846082,8105.42,-71.72,-81.49,34.4,32.6828
23:01:27.787 > 47236,871,95860267,95846320,8106.88,-71.69,-81.90,34.4,32.7157
23:01:27.840 > 47289,872,95860000,95846061,8105.05,-72.13,-81.64,34.4,32.6969
23:01:27.893 > 47342,873,95860247,95846304,8100.43,-73.92,-85.08,35.4,32.7063
23:01:27.946 > 47395,874,95859984,95846046,8106.52,-72.17,-82.12,34.4,32.6969
23:01:27.999 > 47448,875,95860227,95846278,8099.48,-73.29,-84.88,34.4,32.7204
23:01:28.052 > 47501,876,95859974,95846023,8099.33,-73.16,-83.51,34.4,32.7251
23:01:28.105 > 47554,877,95860223,95846280,8101.68,-72.26,-81.74,34.4,32.7063
23:01:28.158 > 47607,878,95859950,95846017,8108.20,-71.66,-81.52,35.4,32.6828
23:01:28.211 > 47660,879,95860211,95846262,8102.34,-72.45,-82.60,34.4,32.7204
23:01:28.264 > 47713,880,95859946,95846009,8103.73,-72.70,-82.03,34.4,32.6922
23:01:28.318 > 47766,881,95860189,95846254,8103.44,-71.64,-81.64,34.4,32.6875
23:01:28.372 > 47819,882,95859930,95845987,8100.65,-73.83,-85.49,34.4,32.7063
23:01:28.423 > 47872,883,95860182,95846234,8099.33,-71.82,-81.67,34.4,32.7204
23:01:28.476 > 47925,884,95859916,95845973,8100.36,-72.04,-82.26,34.4,32.7063
23:01:28.529 > 47978,885,95860174,95846239,8105.56,-73.64,-84.75,35.4,32.6875
23:01:28.582 > 48031,886,95859910,95845970,8105.64,-72.74,-83.57,34.4,32.7016
23:01:28.635 > 48084,887,95860161,95846222,8104.90,-72.23,-82.64,34.4,32.6969
23:01:28.688 > 48137,888,95859911,95845959,8107.62,-71.38,-81.44,34.4,32.7297
23:01:28.741 > 48190,889,95860161,95846220,8107.10,-71.54,-81.80,35.4,32.7016
23:01:28.794 > 48243,890,95859899,95845962,8101.60,-71.72,-81.92,34.4,32.6922
23:01:28.847 > 48296,891,95860152,95846209,8106.08,-73.53,-85.20,34.4,32.7063
23:01:28.900 > 48349,892,95859894,95845954,8105.56,-71.57,-81.34,35.4,32.7016
23:01:28.953 > 48402,893,95860150,95846206,8107.98,-71.91,-81.41,35.4,32.7110
23:01:29.006 > 48455,894,95859892,95845947,8103.80,-72.46,-83.34,35.4,32.7110
23:01:29.059 > 48508,895,95860157,95846206,8108.35,-72.92,-83.07,34.4,32.7251
23:01:29.112 > 48561,896,95859886,95845947,8101.31,-72.92,-83.24,34.4,32.6969
23:01:29.165 > 48614,897,95860152,95846202,8106.66,-72.19,-81.77,34.4,32.7251
23:01:29.218 > 48667,898,95859891,95845949,8108.13,-71.49,-81.48,34.4,32.7063
23:01:29.271 > 48720,899,95860142,95846210,8107.84,-71.67,-81.80,35.4,32.6828
23:01:29.339 > 48773,900,95859886,95845942,8104.68,-73.38,-83.67,35.4,32.7110
23:01:29.377 > 48826,901,95860152,95846203,8102.85,-71.58,-81.65,34.4,32.7204
23:01:29.430 > 48879,902,95859894,95845943,8089.65,-71.88,-81.52,34.4,32.7251
23:01:29.483 > 48932,903,95860148,95846214,8105.78,-71.37,-81.58,35.4,32.6875
23:01:29.536 > 48985,904,95859889,95845947,8105.78,-72.26,-82.61,34.4,32.7063
23:01:29.589 > 49038,905,95860156,95846215,8099.33,-73.07,-83.09,34.4,32.7016
23:01:29.642 > 49091,906,95859895,95845955,8103.73,-71.20,-81.30,34.4,32.7016
23:01:29.695 > 49144,907,95860156,95846211,8103.73,-71.45,-81.67,34.4,32.7110
23:01:29.748 > 49197,908,95859904,95845963,8107.76,-71.57,-81.67,35.4,32.7016
23:01:29.801 > 49250,909,95860165,95846222,8106.37,-71.82,-82.23,34.4,32.7063
23:01:29.854 > 49303,910,95859913,95845970,8100.87,-71.66,-81.88,35.4,32.7063
23:01:29.907 > 49356,911,95860174,95846232,8105.56,-71.79,-83.15,34.4,32.7063
23:01:29.960 > 49409,912,95859924,95845984,8104.54,-71.97,-82.93,34.4,32.7016
23:01:30.013 > 49462,913,95860183,95846240,8102.41,-71.97,-82.48,35.4,32.7063
23:01:30.066 > 49515,914,95859936,95845996,8100.94,-74.34,-84.36,35.4,32.7016
23:01:30.119 > 49568,915,95860200,95846254,8107.40,-71.76,-81.25,34.4,32.7157
23:01:30.172 > 49621,916,95859953,95846006,8103.36,-72.56,-81.84,35.4,32.7157
23:01:30.225 > 49674,917,95860217,95846272,8103.80,-71.76,-81.43,34.4,32.7110
23:01:30.278 > 49727,918,95859969,95846022,8102.92,-71.75,-81.71,34.4,32.7157
23:01:30.331 > 49780,919,95860235,95846294,8106.81,-72.32,-82.73,34.4,32.7016
23:01:30.384 > 49833,920,95859987,95846043,8106.52,-71.72,-82.63,34.4,32.7110
23:01:30.437 > 49886,921,95860246,95846309,8103.22,-71.76,-81.44,34.4,32.6922
23:01:30.490 > 49939,922,95860012,95846069,8102.78,-71.82,-81.69,34.4,32.7063
23:01:30.543 > 49992,923,95860279,95846337,8103.07,-72.88,-81.76,34.4,32.7063
23:01:30.596 > 50045,924,95860032,95846092,8100.06,-72.20,-81.79,34.4,32.7016
23:01:30.649 > 50098,925,95860296,95846369,8102.34,-72.13,-82.60,35.4,32.6688
23:01:30.702 > 50151,926,95860060,95846117,8104.17,-72.20,-81.43,35.4,32.7063
23:01:30.755 > 50204,927,95860338,95846392,8104.24,-72.07,-81.49,35.4,32.7157
23:01:30.808 > 50257,928,95860089,95846151,8104.83,-73.41,-83.46,35.4,32.6969
23:01:30.861 > 50310,929,95859853,95845912,8104.54,-73.02,-81.80,34.4,32.7016
23:01:30.914 > 50363,930,95860119,95846176,8102.19,-72.89,-82.28,35.4,32.7063
23:01:30.967 > 50416,931,95859869,95845939,8106.66,-72.55,-82.06,34.4,32.6781
23:01:31.020 > 50469,932,95860146,95846207,8102.92,-74.53,-85.16,35.4,32.6969
23:01:31.073 > 50522,933,95859912,95845977,8101.68,-71.98,-81.97,34.4,32.6875
23:01:31.126 > 50575,934,95860183,95846243,8104.10,-71.95,-82.07,34.4,32.7016
23:01:31.179 > 50628,935,95859936,95845993,8104.76,-71.85,-81.93,34.4,32.7063
23:01:31.232 > 50681,936,95860212,95846272,8104.61,-71.55,-81.18,34.4,32.7016
23:01:31.285 > 50734,937,95859970,95846024,8107.47,-72.16,-81.70,35.4,32.7157
23:01:31.342 > 50787,938,95860239,95846296,8106.22,-74.48,-85.80,34.4,32.7063
23:01:31.391 > 50840,939,95859998,95846059,8102.48,-72.16,-81.44,35.4,32.6969
23:01:31.444 > 50893,940,95860270,95846328,8107.84,-72.19,-82.08,35.4,32.7063
23:01:31.497 > 50946,941,95860029,95846091,8104.90,-73.50,-85.67,34.4,32.6969
23:01:31.550 > 50999,942,95860300,95846365,8105.34,-74.26,-84.05,34.4,32.6875
23:01:31.603 > 51052,943,95860070,95846133,8103.66,-71.98,-81.37,34.4,32.6922
23:01:31.656 > 51105,944,95860341,95846391,8107.40,-74.03,-84.59,35.4,32.7251
23:01:31.709 > 51158,945,95860096,95846153,8104.76,-73.68,-84.24,35.4,32.7063
23:01:31.762 > 51211,946,95859854,95845911,8100.36,-72.32,-82.37,34.4,32.7063
23:01:31.815 > 51264,947,95860134,95846183,8102.78,-74.43,-84.90,34.4,32.7251
