23:01:44.374 > TimeMs,Seq,T_round,T_reply,CFO_ppm,RSSI,FPP,T_ESP,RawDist
23:01:44.380 > 1126,1,95860743,95846338,8089.51,-77.59,-88.02,35.4,33.7901
23:01:44.434 > 1179,2,95860437,95846039,8088.99,-78.24,-88.25,34.4,33.7760
23:01:44.487 > 1232,3,95860378,95845960,8101.38,-77.82,-88.19,35.4,33.8229
23:01:44.540 > 1285,4,95860805,95846390,8088.77,-76.51,-85.84,34.4,33.8135
23:01:44.593 > 1338,5,95860734,95846318,8101.60,-76.68,-86.79,35.4,33.8182
23:01:44.646 > 1391,6,95860641,95846237,8103.07,-76.55,-86.93,34.4,33.7901
23:01:44.699 > 1444,7,95860556,95846152,8100.58,-76.68,-87.11,35.4,33.7901
23:01:44.752 > 1497,8,95860485,95846064,8099.84,-76.51,-86.08,35.4,33.8276
23:01:44.804 > 1550,9,95860401,95845992,8100.21,-78.13,-88.16,35.4,33.7995
23:01:44.858 > 1603,10,95860319,95845914,8087.38,-77.84,-87.25,35.4,33.7901
23:01:44.911 > 1656,11,95860759,95846352,8100.14,-78.47,-87.21,35.4,33.7948
23:01:44.963 > 1709,12,95860684,95846274,8088.33,-78.37,-87.30,34.4,33.8042
23:01:45.017 > 1762,13,95860615,95846202,8087.75,-78.22,-85.99,35.4,33.8089
23:01:45.070 > 1815,14,95860523,95846122,8099.70,-78.27,-85.75,34.4,33.7807
23:01:45.123 > 1868,15,95860461,95846055,8099.26,-77.16,-85.59,35.4,33.7948
23:01:45.176 > 1921,16,95860378,95845977,8089.07,-77.25,-85.73,35.4,33.7807
23:01:45.228 > 1974,17,95860319,95845905,8101.16,-79.06,-87.79,35.4,33.8135
23:01:45.282 > 2027,18,95860749,95846345,8100.65,-79.65,-86.77,35.4,33.7901
23:01:45.340 > 2080,19,95860684,95846276,8101.60,-79.04,-88.12,35.4,33.7995
23:01:45.388 > 2133,20,95860618,95846194,8099.70,-76.46,-85.77,35.4,33.8370
23:01:45.440 > 2186,21,95860549,95846138,8089.58,-77.25,-86.30,34.4,33.8042
23:01:45.493 > 2239,22,95860461,95846055,8089.21,-77.56,-85.86,35.4,33.7948
23:01:45.547 > 2292,23,95860406,95846001,8088.85,-78.08,-85.24,34.4,33.7901
23:01:45.600 > 2345,24,95860326,95845915,8089.58,-81.14,-88.10,34.4,33.8042
23:01:45.653 > 2398,25,95860783,95846377,8101.75,-82.36,-87.52,35.4,33.7948
23:01:45.706 > 2451,26,95860707,95846300,8083.42,-81.80,-87.25,34.4,33.7948
23:01:45.758 > 2504,27,95860650,95846250,8082.32,-79.22,-84.82,34.4,33.7807
23:01:45.812 > 2557,28,95860576,95846177,8089.43,-79.50,-87.15,34.4,33.7760
23:01:45.865 > 2610,29,95860521,95846111,8100.65,-77.25,-86.00,35.4,33.8042
23:01:45.917 > 2663,30,95860458,95846054,8088.63,-75.33,-85.66,35.4,33.7901
23:01:45.970 > 2716,31,95860401,95845993,8088.77,-75.64,-86.06,34.4,33.7995
23:01:46.024 > 2769,32,95860335,95845923,8089.73,-75.69,-85.83,35.4,33.8089
23:01:46.077 > 2822,33,95860788,95846384,8085.91,-76.21,-85.45,34.4,33.7901
23:01:46.130 > 2875,34,95860732,95846322,8100.21,-76.98,-85.57,34.4,33.8042
23:01:46.183 > 2928,35,95860678,95846258,8084.81,-76.47,-85.34,34.4,33.8276
23:01:46.236 > 2981,36,95860610,95846207,8087.67,-77.20,-85.47,34.4,33.7854
23:01:46.289 > 3034,37,95860561,95846153,8099.48,-77.03,-86.19,34.4,33.7995
23:01:46.350 > 3087,38,95860502,95846088,8102.78,-77.47,-86.54,34.4,33.8135
23:01:46.394 > 3140,39,95860448,95846045,8086.28,-78.71,-85.25,35.4,33.7854
23:01:46.447 > 3193,40,95860392,95845981,8087.23,-78.06,-85.18,34.4,33.8042
23:01:46.501 > 3246,41,95860342,95845939,8083.93,-78.81,-85.49,34.4,33.7854
23:01:46.554 > 3299,42,95860795,95846386,8089.80,-78.89,-85.39,34.4,33.7995
23:01:46.607 > 3352,43,95860750,95846356,8089.21,-78.81,-86.08,34.4,33.7666
23:01:46.660 > 3405,44,95860694,95846284,8085.69,-78.22,-85.90,34.4,33.8042
23:01:46.713 > 3458,45,95860649,95846247,8087.89,-78.81,-88.02,34.4,33.7854
23:01:46.766 > 3511,46,95860593,95846185,8088.48,-77.51,-85.69,34.4,33.7995
23:01:46.818 > 3564,47,95860553,95846142,8089.80,-77.89,-88.07,34.4,33.8042
23:01:46.872 > 3617,48,95860495,95846087,8084.52,-77.02,-86.66,34.4,33.7995
23:01:46.925 > 3670,49,95860454,95846043,8087.82,-77.43,-85.24,35.4,33.8042
23:01:46.977 > 3723,50,95860402,95845991,8088.55,-79.65,-86.65,34.4,33.8042
23:01:47.030 > 3776,51,95860361,95845952,8089.07,-79.58,-87.24,34.4,33.7995
23:01:47.084 > 3829,52,95860318,95845903,8087.16,-79.14,-86.39,34.4,33.8135
23:01:47.137 > 3882,53,95860779,95846370,8099.26,-78.76,-85.41,34.4,33.7995
23:01:47.190 > 3935,54,95860734,95846315,8086.72,-78.44,-85.96,34.4,33.8229
23:01:47.243 > 3988,55,95860692,95846282,8099.92,-77.43,-86.92,34.4,33.8042
23:01:47.296 > 4041,56,95860643,95846227,8089.36,-77.56,-86.42,34.4,33.8182
23:01:47.348 > 4094,57,95860601,95846201,8100.80,-77.66,-87.72,34.4,33.7807
23:01:47.402 > 4147,58,95860558,95846148,8088.41,-78.69,-87.02,35.4,33.8042
23:01:47.454 > 4200,59,95860520,95846113,8088.41,-80.96,-86.34,34.4,33.7948
23:01:47.508 > 4253,60,95860470,95846059,8103.07,-80.85,-85.73,35.4,33.8042
23:01:47.561 > 4306,61,95860428,95846029,8100.87,-80.01,-86.89,35.4,33.7760
23:01:47.614 > 4359,62,95860376,95845982,8087.89,-78.99,-85.41,34.4,33.7666
23:01:47.667 > 4412,63,95860343,95845940,8086.65,-77.34,-86.17,34.4,33.7854
23:01:47.719 > 4465,64,95860306,95845896,8088.99,-78.69,-87.51,34.4,33.8042
23:01:47.773 > 4518,65,95860780,95846368,8088.55,-80.01,-87.29,34.4,33.8089
23:01:47.826 > 4571,66,95860737,95846328,8099.84,-79.39,-85.91,34.4,33.7995
23:01:47.879 > 4624,67,95860692,95846292,8085.25,-81.19,-88.26,34.4,33.7807
23:01:47.932 > 4677,68,95860658,95846252,8087.89,-80.19,-87.26,34.4,33.7948
23:01:47.984 > 4730,69,95860620,95846216,8089.73,-80.01,-88.31,35.4,33.7901
23:01:48.038 > 4783,70,95860577,95846170,8086.50,-77.56,-85.53,35.4,33.7948
23:01:48.091 > 4836,71,95860547,95846140,8086.72,-77.89,-86.17,34.4,33.7948
23:01:48.144 > 4889,72,95860507,95846094,8100.36,-78.89,-87.83,34.4,33.8089
23:01:48.197 > 4942,73,95860476,95846068,8087.23,-78.37,-87.46,34.4,33.7995
23:01:48.250 > 4995,74,95860432,95846025,8086.35,-77.78,-88.31,34.4,33.7948
23:01:48.303 > 5048,75,95860400,95845997,8088.19,-77.16,-86.19,35.4,33.7854
23:01:48.371 > 5101,76,95860363,95845953,8089.21,-77.15,-87.69,34.4,33.8042
23:01:48.408 > 5154,77,95860330,95845919,8086.65,-77.48,-86.11,34.4,33.8042
23:01:48.461 > 5207,78,95860290,95845890,8099.48,-78.69,-88.03,34.4,33.7807
23:01:48.514 > 5260,79,95860777,95846377,8084.67,-78.32,-86.55,34.4,33.7807
23:01:48.568 > 5313,80,95860735,95846333,8100.21,-79.24,-88.21,34.4,33.7854
23:01:48.621 > 5366,81,95860708,95846307,8087.89,-78.76,-87.07,34.4,33.7807
23:01:48.673 > 5419,82,95860680,95846267,8089.21,-79.37,-85.93,34.4,33.8089
23:01:48.727 > 5472,83,95860637,95846244,8087.67,-80.56,-88.38,35.4,33.7619
23:01:48.779 > 5525,84,95860599,95846203,8085.91,-81.03,-88.45,35.4,33.7713
23:01:48.832 > 5578,85,95860588,95846178,8086.50,-78.71,-86.44,35.4,33.8042
23:01:48.885 > 5631,86,95860549,95846140,8081.15,-77.38,-86.50,35.4,33.7995
23:01:48.938 > 5684,87,95860532,95846110,8085.91,-77.52,-85.72,35.4,33.8323
23:01:48.991 > 5737,88,95860496,95846086,8083.27,-78.76,-86.43,34.4,33.8042
23:01:49.045 > 5790,89,95860474,95846065,8083.13,-78.71,-85.31,34.4,33.7995
23:01:49.098 > 5843,90,95860432,95846024,8088.48,-78.21,-85.73,34.4,33.7995
23:01:49.151 > 5896,91,95860425,95846013,8082.91,-79.01,-85.88,35.4,33.8089
23:01:49.203 > 5949,92,95860379,95845982,8086.94,-77.65,-86.72,35.4,33.7713
23:01:49.257 > 6002,93,95860372,95845962,8086.57,-77.89,-86.53,34.4,33.8042
23:01:49.324 > 6055,94,95860337,95845919,8088.99,-79.55,-85.56,35.4,33.8229
23:01:49.362 > 6108,95,95860313,95845915,8083.64,-82.48,-88.13,35.4,33.7760
23:01:49.416 > 6161,96,95860289,95845893,8086.50,-79.44,-85.22,35.4,33.7713
23:01:49.468 > 6214,97,95860783,95846386,8088.19,-77.94,-85.29,35.4,33.7713
23:01:49.522 > 6267,98,95860756,95846352,8085.69,-76.85,-85.94,35.4,33.7901
23:01:49.575 > 6320,99,95860746,95846336,8086.94,-79.27,-86.74,34.4,33.8042
23:01:49.628 > 6373,100,95860712,95846303,8100.43,-77.47,-85.52,35.4,33.7995
23:01:49.681 > 6426,101,95860700,95846299,8086.94,-78.27,-86.12,34.4,33.7807
23:01:49.734 > 6479,102,95860671,95846261,8089.21,-79.97,-87.39,34.4,33.8042
23:01:49.787 > 6532,103,95860656,95846253,8087.38,-81.37,-88.01,34.4,33.7854
23:01:49.840 > 6585,104,95860632,95846224,8089.73,-78.64,-85.96,34.4,33.7995
23:01:49.893 > 6638,105,95860619,95846216,8085.91,-80.79,-86.71,34.4,33.7854
23:01:49.946 > 6691,106,95860593,95846193,8101.31,-76.68,-85.53,34.4,33.7807
23:01:49.998 > 6744,107,95860568,95846172,8087.38,-82.74,-88.12,35.4,33.7713
23:01:50.052 > 6797,108,95860562,95846151,8085.62,-78.74,-86.32,34.4,33.8042
23:01:50.104 > 6850,109,95860539,95846141,8088.85,-79.01,-85.45,34.4,33.7760
23:01:50.158 > 6903,110,95860527,95846113,8089.80,-78.59,-85.33,35.4,33.8135
23:01:50.211 > 6956,111,95860505,95846110,8086.43,-80.50,-88.14,34.4,33.7666
23:01:50.264 > 7009,112,95860482,95846084,8086.72,-81.08,-88.31,34.4,33.7760
23:01:50.316 > 7062,113,95860482,95846079,8083.71,-79.53,-86.89,34.4,33.7854
23:01:50.370 > 7115,114,95860455,95846043,8083.93,-81.38,-88.06,34.4,33.8089
23:01:50.423 > 7168,115,95860449,95846044,8087.53,-79.22,-85.32,35.4,33.7901
23:01:50.475 > 7221,116,95860427,95846026,8083.64,-79.39,-87.17,34.4,33.7807
23:01:50.529 > 7274,117,95860417,95846019,8088.04,-79.63,-85.78,34.4,33.7760
23:01:50.582 > 7327,118,95860408,95846000,8085.91,-78.64,-84.91,35.4,33.7995
23:01:50.634 > 7380,119,95860399,95845991,8088.11,-78.76,-85.37,34.4,33.7995
23:01:50.688 > 7433,120,95860376,95845971,8100.50,-79.09,-84.92,34.4,33.7901
23:01:50.741 > 7486,121,95860370,95845968,8089.65,-78.47,-85.39,34.4,33.7854
23:01:50.794 > 7539,122,95860358,95845946,8082.47,-78.49,-85.81,34.4,33.8089
23:01:50.847 > 7592,123,95860346,95845943,8086.57,-80.45,-87.37,34.4,33.7854
23:01:50.900 > 7645,124,95860337,95845931,8089.58,-78.94,-85.36,34.4,33.7948
23:01:50.953 > 7698,125,95860326,95845912,8086.79,-79.11,-86.22,34.4,33.8135
23:01:51.005 > 7751,126,95860310,95845902,8086.21,-79.14,-85.28,34.4,33.7995
23:01:51.059 > 7804,127,95860309,95845901,8087.31,-80.67,-88.21,34.4,33.7995
23:01:51.112 > 7857,128,95860298,95845902,8088.19,-80.30,-88.21,34.4,33.7713
23:01:51.165 > 7910,129,95860808,95846399,8084.81,-80.06,-86.77,34.4,33.7995
23:01:51.218 > 7963,130,95860792,95846384,8088.33,-80.97,-88.21,35.4,33.7995
23:01:51.271 > 8016,131,95860797,95846388,8082.25,-80.01,-85.46,35.4,33.7995
23:01:51.323 > 8069,132,95860786,95846378,8088.85,-80.19,-88.03,35.4,33.7995
23:01:51.376 > 8122,133,95860783,95846374,8082.47,-79.78,-86.78,35.4,33.7995
23:01:51.430 > 8175,134,95860768,95846375,8083.64,-80.30,-84.99,35.4,33.7619
23:01:51.482 > 8228,135,95860773,95846367,8100.36,-80.67,-86.93,34.4,33.7948
23:01:51.536 > 8281,136,95860766,95846357,8100.72,-79.50,-85.51,35.4,33.7995
23:01:51.589 > 8334,137,95860763,95846355,8086.65,-79.01,-85.16,35.4,33.7995
23:01:51.642 > 8387,138,95860753,95846349,8085.77,-78.94,-85.31,34.4,33.7901
23:01:51.695 > 8440,139,95860762,95846361,8086.65,-79.58,-86.12,35.4,33.7807
23:01:51.747 > 8493,140,95860760,95846348,8086.06,-79.50,-86.04,35.4,33.8089
23:01:51.800 > 8546,141,95860755,95846348,8084.89,-79.90,-85.58,34.4,33.7948
23:01:51.853 > 8599,142,95860752,95846345,8085.40,-77.51,-86.30,34.4,33.7948
23:01:51.907 > 8652,143,95860757,95846349,8084.23,-81.19,-88.14,34.4,33.7995
23:01:51.959 > 8705,144,95860752,95846354,8085.84,-81.03,-88.26,35.4,33.7760
23:01:52.012 > 8758,145,95860761,95846353,8088.70,-79.27,-85.54,35.4,33.7995
23:01:52.066 > 8811,146,95860751,95846352,8085.40,-79.70,-86.55,34.4,33.7760
23:01:52.118 > 8864,147,95860756,95846355,8088.77,-79.53,-86.20,35.4,33.7807
23:01:52.172 > 8917,148,95860749,95846353,8082.17,-80.68,-88.16,35.4,33.7713
23:01:52.225 > 8970,149,95860765,95846360,8087.01,-79.51,-87.53,35.4,33.7901
23:01:52.278 > 9023,150,95860758,95846357,8084.45,-77.72,-85.94,35.4,33.7807
23:01:52.330 > 9076,151,95860764,95846366,8084.30,-79.90,-84.99,35.4,33.7760
23:01:52.383 > 9129,152,95860769,95846364,8085.99,-80.01,-86.95,35.4,33.7901
23:01:52.436 > 9182,153,95860774,95846372,8085.40,-79.58,-85.95,35.4,33.7854
23:01:52.489 > 9235,154,95860769,95846371,8085.40,-77.84,-86.04,34.4,33.7760
23:01:52.543 > 9288,155,95860777,95846375,8082.98,-79.37,-86.04,35.4,33.7854
23:01:52.596 > 9341,156,95860785,95846386,8085.84,-79.84,-85.25,34.4,33.7760
23:01:52.649 > 9394,157,95860790,95846390,8088.55,-78.96,-85.98,34.4,33.7807
23:01:52.702 > 9447,158,95860800,95846388,8085.84,-78.22,-87.30,35.4,33.8089
23:01:52.754 > 9500,159,95860804,95846399,8085.33,-77.25,-85.68,34.4,33.7901
23:01:52.807 > 9553,160,95860818,95846397,8087.38,-76.81,-86.77,35.4,33.8276
23:01:52.861 > 9606,161,95860311,95845908,8084.96,-77.16,-86.10,34.4,33.7854
23:01:52.914 > 9659,162,95860309,95845911,8099.48,-77.52,-85.51,34.4,33.7760
23:01:52.966 > 9712,163,95860329,95845922,8089.29,-77.12,-85.79,34.4,33.7948
23:01:53.019 > 9765,164,95860334,95845933,8083.57,-80.50,-88.12,34.4,33.7807
23:01:53.073 > 9818,165,95860354,95845954,8088.92,-79.79,-85.53,34.4,33.7807
23:01:53.126 > 9871,166,95860363,95845959,8087.38,-78.27,-86.38,34.4,33.7901
23:01:53.179 > 9924,167,95860382,95845984,8084.74,-78.76,-85.38,34.4,33.7760
23:01:53.232 > 9977,168,95860394,95845983,8087.09,-79.47,-84.89,35.4,33.8042
23:01:53.285 > 10030,169,95860418,95845994,8082.47,-77.84,-85.63,34.4,33.8370
23:01:53.342 > 10083,170,95860414,95846007,8085.91,-79.42,-85.62,34.4,33.7948
23:01:53.390 > 10136,171,95860439,95846031,8087.23,-77.52,-86.38,34.4,33.7995
23:01:53.444 > 10189,172,95860444,95846040,8087.60,-79.01,-85.18,34.4,33.7901
23:01:53.496 > 10242,173,95860465,95846057,8086.28,-79.11,-85.43,34.4,33.7995
23:01:53.550 > 10295,174,95860477,95846071,8087.53,-78.51,-85.42,35.4,33.7948
23:01:53.602 > 10348,175,95860500,95846093,8084.89,-80.62,-88.05,34.4,33.7948
23:01:53.655 > 10401,176,95860507,95846104,8085.25,-79.32,-85.34,35.4,33.7854
23:01:53.709 > 10454,177,95860535,95846120,8086.06,-79.84,-85.48,34.4,33.8135
23:01:53.761 > 10507,178,95860541,95846142,8082.69,-79.79,-85.95,35.4,33.7760
23:01:53.814 > 10560,179,95860565,95846151,8083.93,-79.58,-85.97,35.4,33.8135
23:01:53.867 > 10613,180,95860575,95846170,8085.03,-79.68,-88.23,35.4,33.7901
23:01:53.921 > 10666,181,95860603,95846184,8087.38,-79.27,-85.24,35.4,33.8229
23:01:53.973 > 10719,182,95860624,95846210,8083.27,-79.22,-85.83,35.4,33.8135
23:01:54.026 > 10772,183,95860636,95846231,8087.97,-79.42,-87.18,35.4,33.7901
23:01:54.080 > 10825,184,95860649,95846254,8087.53,-79.53,-85.73,35.4,33.7666
23:01:54.133 > 10878,185,95860682,95846277,8085.25,-78.03,-87.12,35.4,33.7901
23:01:54.185 > 10931,186,95860692,95846284,8085.40,-79.42,-86.75,35.4,33.7995
23:01:54.239 > 10984,187,95860717,95846307,8085.33,-79.06,-86.27,35.4,33.8042
23:01:54.292 > 11037,188,95860737,95846322,8085.69,-80.90,-88.08,35.4,33.8135
23:01:54.353 > 11090,189,95860757,95846365,8089.73,-79.35,-85.65,34.4,33.7619
23:01:54.397 > 11143,190,95860763,95846371,8087.38,-77.94,-86.92,35.4,33.7619
23:01:54.450 > 11196,191,95860798,95846395,8084.15,-77.12,-85.46,35.4,33.7854
23:01:54.503 > 11249,192,95860307,95845896,8099.26,-79.32,-86.00,35.4,33.8042
23:01:54.557 > 11302,193,95860330,95845925,8082.61,-81.67,-86.88,35.4,33.7901
23:01:54.610 > 11355,194,95860353,95845945,8089.21,-80.28,-85.07,35.4,33.7995
23:01:54.663 > 11408,195,95860381,95845977,8084.45,-80.62,-85.66,34.4,33.7901
23:01:54.716 > 11461,196,95860399,95845998,8087.67,-80.62,-85.38,35.4,33.7807
23:01:54.769 > 11514,197,95860430,95846024,8083.05,-80.56,-87.46,34.4,33.7948
23:01:54.821 > 11567,198,95860455,95846048,8082.03,-80.45,-86.25,35.4,33.7948
23:01:54.874 > 11620,199,95860487,95846071,8085.55,-79.42,-85.49,35.4,33.8182
23:01:54.927 > 11673,200,95860500,95846105,8085.47,-79.32,-85.70,34.4,33.7666
23:01:54.981 > 11726,201,95860536,95846126,8083.57,-79.06,-85.78,35.4,33.8042
23:01:55.033 > 11779,202,95860560,95846155,8085.40,-78.86,-86.53,34.4,33.7901
23:01:55.087 > 11832,203,95860590,95846178,8084.96,-78.86,-85.45,34.4,33.8089
23:01:55.140 > 11885,204,95860618,95846210,8082.91,-79.95,-88.52,34.4,33.7995
23:01:55.193 > 11938,205,95860668,95846249,8087.45,-79.42,-85.27,34.4,33.8229
23:01:55.246 > 11991,206,95860679,95846278,8082.10,-80.68,-88.27,34.4,33.7807
23:01:55.299 > 12044,207,95860715,95846308,8083.42,-78.10,-84.81,34.4,33.7948
23:01:55.351 > 12097,208,95860746,95846341,8087.89,-79.29,-87.26,34.4,33.7901
23:01:55.405 > 12150,209,95860772,95846380,8087.23,-81.55,-88.01,34.4,33.7619
23:01:55.457 > 12203,210,95860805,95846389,8085.11,-79.65,-86.43,34.4,33.8182
23:01:55.510 > 12256,211,95860345,95845926,8085.33,-78.08,-84.94,34.4,33.8229
23:01:55.563 > 12309,212,95860371,95845961,8082.54,-79.44,-88.04,34.4,33.8042
23:01:55.616 > 12362,213,95860405,95845990,8085.91,-78.61,-86.42,34.4,33.8135
23:01:55.670 > 12415,214,95860431,95846027,8087.53,-79.60,-88.23,34.4,33.7901
23:01:55.722 > 12468,215,95860486,95846076,8082.47,-78.42,-85.95,34.4,33.8042
23:01:55.775 > 12521,216,95860512,95846100,8086.13,-78.94,-86.71,34.4,33.8089
23:01:55.828 > 12574,217,95860553,95846150,8083.05,-78.61,-87.46,34.4,33.7854
23:01:55.881 > 12627,218,95860578,95846172,8085.40,-80.68,-88.05,34.4,33.7948
23:01:55.934 > 12680,219,95860620,95846213,8089.29,-78.61,-85.43,35.4,33.7948
23:01:55.987 > 12733,220,95860669,95846249,8081.59,-80.30,-87.17,34.4,33.8276
23:01:56.040 > 12786,221,95860704,95846309,8082.32,-78.91,-84.95,34.4,33.7666
23:01:56.094 > 12839,222,95860744,95846333,8084.37,-79.29,-87.05,34.4,33.8042
23:01:56.146 > 12892,223,95860794,95846380,8084.01,-80.23,-86.70,34.4,33.8135
23:01:56.199 > 12945,224,95860310,95845911,8085.11,-78.64,-85.51,34.4,33.7760
23:01:56.252 > 12998,225,95860364,95845948,8085.18,-81.02,-88.14,34.4,33.8182
23:01:56.305 > 13051,226,95860398,95845986,8085.25,-79.24,-85.45,34.4,33.8089
23:01:56.374 > 13104,227,95860449,95846026,8089.51,-79.27,-85.47,34.4,33.8323
23:01:56.411 > 13157,228,95860481,95846080,8087.45,-80.19,-87.17,34.4,33.7807
23:01:56.464 > 13210,229,95860533,95846132,8083.71,-80.39,-86.09,34.4,33.7807
23:01:56.517 > 13263,230,95860570,95846154,8087.53,-79.58,-85.54,34.4,33.8182
23:01:56.570 > 13316,231,95860626,95846220,8086.13,-79.95,-86.32,34.4,33.7948
23:01:56.624 > 13369,232,95860664,95846268,8099.40,-79.19,-85.51,34.4,33.7713
23:01:56.677 > 13422,233,95860720,95846299,8085.25,-79.27,-85.09,35.4,33.8276
23:01:56.729 > 13475,234,95860761,95846358,8086.72,-80.80,-88.05,34.4,33.7854
23:01:56.783 > 13528,235,95860823,95846399,8084.67,-79.74,-86.24,34.4,33.8370
23:01:56.835 > 13581,236,95860348,95845943,8080.63,-80.46,-88.07,34.4,33.7901
23:01:56.888 > 13634,237,95860404,95845995,8085.99,-80.84,-88.05,34.4,33.7995
23:01:56.942 > 13687,238,95860441,95846038,8081.29,-80.74,-87.70,34.4,33.7854
23:01:56.994 > 13740,239,95860511,95846108,8089.14,-80.34,-88.22,34.4,33.7854
23:01:57.047 > 13793,240,95860556,95846139,8082.98,-78.99,-86.52,35.4,33.8182
23:01:57.100 > 13846,241,95860621,95846197,8081.15,-78.76,-85.63,34.4,33.8370
23:01:57.154 > 13899,242,95860663,95846247,8089.29,-79.24,-86.21,34.4,33.8182
23:01:57.206 > 13952,243,95860729,95846312,8083.86,-78.86,-85.84,35.4,33.8182
23:01:57.259 > 14005,244,95860781,95846364,8085.25,-78.89,-85.28,35.4,33.8182
23:01:57.323 > 14058,245,95860322,95845920,8087.67,-79.16,-84.82,35.4,33.7854
23:01:57.365 > 14111,246,95860381,95845972,8082.91,-80.08,-87.34,34.4,33.7995
23:01:57.419 > 14164,247,95860437,95846037,8084.37,-78.47,-85.48,35.4,33.7807
23:01:57.472 > 14217,248,95860495,95846094,8081.81,-80.02,-88.08,34.4,33.7807
23:01:57.524 > 14270,249,95860567,95846153,8084.15,-80.01,-88.13,34.4,33.8135
23:01:57.577 > 14323,250,95860615,95846211,8085.18,-78.06,-85.92,35.4,33.7901
23:01:57.630 > 14376,251,95860695,95846279,8083.57,-78.81,-86.73,34.4,33.8182
23:01:57.684 > 14429,252,95860739,95846338,8085.99,-79.39,-88.16,34.4,33.7807
23:01:57.736 > 14482,253,95860299,95845889,8085.84,-79.53,-88.31,34.4,33.8042
23:01:57.790 > 14535,254,95860363,95845956,8080.93,-78.49,-86.97,34.4,33.7948
23:01:57.842 > 14588,255,95860428,95846018,8086.65,-79.06,-88.02,34.4,33.8042
23:01:57.895 > 14641,256,95860490,95846077,8084.45,-78.79,-87.95,34.4,33.8089
23:01:57.948 > 14694,257,95860557,95846153,8082.76,-79.32,-87.65,34.4,33.7901
23:01:58.001 > 14747,258,95860622,95846213,8084.81,-78.94,-86.76,34.4,33.7995
23:01:58.054 > 14800,259,95860687,95846283,8088.33,-78.66,-86.30,34.4,33.7901
23:01:58.107 > 14853,260,95860756,95846342,8087.53,-78.40,-86.06,34.4,33.8135
23:01:58.160 > 14906,261,95860318,95845911,8081.88,-78.27,-85.60,34.4,33.7948
23:01:58.213 > 14959,262,95860373,95845969,8083.57,-78.54,-85.13,34.4,33.7901
23:01:58.266 > 15012,263,95860448,95846038,8085.25,-80.17,-87.91,34.4,33.8042
23:01:58.319 > 15065,264,95860520,95846108,8082.61,-77.88,-85.05,34.4,33.8089
23:01:58.374 > 15118,265,95860597,95846177,8082.69,-79.74,-87.75,34.4,33.8276
23:01:58.426 > 15171,266,95860654,95846240,8082.69,-80.35,-88.15,34.4,33.8135
23:01:58.478 > 15224,267,95860737,95846333,8083.42,-80.34,-88.26,34.4,33.7901
23:01:58.531 > 15277,268,95860804,95846397,8084.89,-78.59,-85.43,34.4,33.7948
23:01:58.584 > 15330,269,95860366,95845964,8083.49,-78.91,-86.91,34.4,33.7854
23:01:58.637 > 15383,270,95860432,95846026,8083.79,-78.69,-86.77,34.4,33.7948
23:01:58.690 > 15436,271,95860506,95846103,8085.55,-80.28,-88.01,34.4,33.7854
23:01:58.743 > 15489,272,95860571,95846172,8082.69,-80.57,-88.15,34.4,33.7760
23:01:58.796 > 15542,273,95860665,95846248,8089.21,-79.68,-86.93,34.4,33.8182
23:01:58.849 > 15595,274,95860723,95846319,8082.54,-80.96,-88.17,34.4,33.7901
23:01:58.902 > 15648,275,95860294,95845892,8083.57,-79.01,-85.56,34.4,33.7854
23:01:58.955 > 15701,276,95860362,95845960,8086.21,-79.60,-87.46,34.4,33.7854
23:01:59.008 > 15754,277,95860444,95846037,8088.19,-79.58,-86.50,34.4,33.7948
23:01:59.061 > 15807,278,95860509,95846106,8081.15,-80.97,-88.27,34.4,33.7854
23:01:59.114 > 15860,279,95860602,95846192,8085.40,-79.68,-86.02,34.4,33.8042
23:01:59.167 > 15913,280,95860678,95846258,8081.88,-78.99,-85.71,34.4,33.8276
23:01:59.220 > 15966,281,95860748,95846349,8080.71,-80.17,-87.85,34.4,33.7760
23:01:59.273 > 16019,282,95860307,95845905,8082.25,-79.19,-85.28,34.4,33.7854
23:01:59.327 > 16072,283,95860401,95845994,8089.21,-79.74,-85.78,35.4,33.7948
23:01:59.379 > 16125,284,95860471,95846063,8083.71,-79.14,-85.11,34.4,33.7995
23:01:59.432 > 16178,285,95860564,95846153,8085.62,-78.96,-86.62,34.4,33.8042
23:01:59.485 > 16231,286,95860627,95846227,8085.03,-78.44,-85.34,34.4,33.7807
23:01:59.538 > 16284,287,95860726,95846317,8088.48,-79.24,-85.41,34.4,33.7995
23:01:59.591 > 16337,288,95860793,95846385,8082.98,-79.09,-85.68,34.4,33.7995
23:01:59.644 > 16390,289,95860364,95845958,8082.32,-79.42,-86.78,34.4,33.7948
23:01:59.697 > 16443,290,95860437,95846032,8081.37,-79.42,-86.77,35.4,33.7901
23:01:59.750 > 16496,291,95860527,95846120,8082.03,-78.91,-85.40,34.4,33.7948
23:01:59.803 > 16549,292,95860614,95846204,8080.63,-78.86,-85.50,34.4,33.8042
23:01:59.856 > 16602,293,95860691,95846291,8089.07,-79.37,-86.55,35.4,33.7807
23:01:59.909 > 16655,294,95860776,95846371,8089.73,-79.27,-85.56,35.4,33.7901
23:01:59.962 > 16708,295,95860352,95845952,8082.17,-79.16,-85.99,35.4,33.7807
23:02:00.015 > 16761,296,95860437,95846025,8089.14,-78.89,-85.82,35.4,33.8089
23:02:00.068 > 16814,297,95860530,95846114,8080.93,-80.10,-86.83,35.4,33.8182
23:02:00.121 > 16867,298,95860612,95846201,8081.66,-79.50,-85.74,35.4,33.8042
23:02:00.174 > 16920,299,95860705,95846306,8085.62,-79.22,-85.34,35.4,33.7760
23:02:00.227 > 16973,300,95860799,95846375,8082.32,-78.99,-85.46,35.4,33.8370
23:02:00.280 > 17026,301,95860368,95845966,8087.60,-79.47,-86.49,34.4,33.7854
23:02:00.348 > 17079,302,95860451,95846051,8088.70,-79.44,-85.15,34.4,33.7807
23:02:00.386 > 17132,303,95860562,95846141,8089.80,-80.12,-88.20,34.4,33.8276
23:02:00.439 > 17185,304,95860643,95846229,8085.77,-79.81,-86.60,34.4,33.8135
23:02:00.492 > 17238,305,95860739,95846342,8082.98,-79.68,-86.00,35.4,33.7713
23:02:00.545 > 17291,306,95860312,95845919,8081.15,-79.24,-85.58,35.4,33.7619
23:02:00.598 > 17344,307,95860423,95846008,8082.83,-79.84,-86.49,34.4,33.8135
23:02:00.651 > 17397,308,95860504,95846108,8081.07,-80.08,-87.09,35.4,33.7713
23:02:00.704 > 17450,309,95860608,95846208,8082.17,-79.11,-85.78,34.4,33.7807
23:02:00.757 > 17503,310,95860690,95846293,8082.98,-80.30,-88.17,34.4,33.7713
23:02:00.810 > 17556,311,95860300,95845895,8087.97,-79.06,-85.73,35.4,33.7901
23:02:00.863 > 17609,312,95860388,95845983,8083.64,-79.04,-85.25,35.4,33.7901
23:02:00.916 > 17662,313,95860499,95846083,8081.00,-79.27,-86.42,34.4,33.8182
23:02:00.969 > 17715,314,95860588,95846175,8082.76,-79.65,-85.84,34.4,33.8089
23:02:01.022 > 17768,315,95860697,95846292,8085.18,-78.56,-86.10,35.4,33.7901
23:02:01.075 > 17821,316,95860791,95846388,8081.51,-78.54,-85.17,34.4,33.7854
23:02:01.128 > 17874,317,95860387,95845976,8087.75,-78.81,-85.23,34.4,33.8042
23:02:01.181 > 17927,318,95860479,95846064,8088.99,-79.14,-85.92,34.4,33.8135
23:02:01.234 > 17980,319,95860586,95846177,8082.98,-79.27,-85.03,35.4,33.7995
23:02:01.287 > 18033,320,95860689,95846279,8081.51,-78.84,-85.93,34.4,33.8042
23:02:01.342 > 18086,321,95860797,95846378,8084.89,-79.11,-85.59,34.4,33.8229
23:02:01.393 > 18139,322,95860383,95845968,8080.71,-79.76,-85.69,35.4,33.8135
23:02:01.446 > 18192,323,95860485,95846077,8083.64,-78.96,-85.99,34.4,33.7995
23:02:01.499 > 18245,324,95860591,95846181,8081.00,-79.39,-85.31,34.4,33.8042
23:02:01.552 > 18298,325,95860704,95846287,8080.93,-80.01,-86.62,34.4,33.8182
23:02:01.605 > 18351,326,95860795,95846390,8084.45,-79.65,-85.81,34.4,33.7901
23:02:01.658 > 18404,327,95860393,95845989,8083.20,-79.27,-85.26,34.4,33.7901
23:02:01.711 > 18457,328,95860488,95846086,8082.25,-80.80,-88.26,34.4,33.7854
23:02:01.764 > 18510,329,95860610,95846198,8083.49,-79.95,-86.26,34.4,33.8089
23:02:01.817 > 18563,330,95860704,95846289,8088.19,-78.99,-85.02,35.4,33.8135
23:02:01.870 > 18616,331,95860311,95845901,8084.52,-80.34,-87.87,34.4,33.8042
23:02:01.923 > 18669,332,95860408,95846003,8085.18,-79.26,-85.55,34.4,33.7901
23:02:01.976 > 18722,333,95860521,95846120,8089.58,-80.23,-86.54,35.4,33.7807
23:02:02.029 > 18775,334,95860633,95846216,8081.81,-78.99,-86.10,34.4,33.8182
23:02:02.082 > 18828,335,95860747,95846342,8083.49,-81.13,-88.37,35.4,33.7901
23:02:02.135 > 18881,336,95860336,95845925,8088.99,-79.55,-85.32,34.4,33.8042
23:02:02.188 > 18934,337,95860447,95846034,8082.61,-79.42,-85.15,34.4,33.8089
23:02:02.241 > 18987,338,95860561,95846153,8082.83,-79.39,-86.11,34.4,33.7995
23:02:02.294 > 19040,339,95860680,95846262,8083.57,-80.90,-88.07,34.4,33.8229
23:02:02.358 > 19093,340,95860778,95846367,8089.73,-81.50,-88.15,34.4,33.8042
23:02:02.400 > 19146,341,95860378,95845968,8081.29,-79.47,-85.35,34.4,33.8042
23:02:02.453 > 19199,342,95860486,95846076,8088.55,-79.04,-86.07,34.4,33.8042
23:02:02.506 > 19252,343,95860605,95846204,8083.13,-79.47,-85.81,35.4,33.7807
23:02:02.559 > 19305,344,95860718,95846307,8088.04,-79.55,-85.08,34.4,33.8042
23:02:02.612 > 19358,345,95860326,95845914,8081.59,-79.32,-85.88,34.4,33.8089
23:02:02.665 > 19411,346,95860433,95846025,8080.78,-78.84,-86.24,34.4,33.7995
23:02:02.718 > 19464,347,95860559,95846145,8082.54,-78.91,-86.45,34.4,33.8135
23:02:02.771 > 19517,348,95860665,95846253,8089.29,-79.34,-85.62,34.4,33.8089
23:02:02.824 > 19570,349,95860794,95846377,8087.09,-79.63,-86.58,34.4,33.8182
23:02:02.877 > 19623,350,95860381,95845973,8084.15,-79.50,-86.36,35.4,33.7995
23:02:02.930 > 19676,351,95860510,95846107,8080.49,-78.37,-85.00,34.4,33.7854
23:02:02.983 > 19729,352,95860623,95846220,8089.58,-79.09,-86.09,35.4,33.7854
23:02:03.036 > 19782,353,95860748,95846329,8088.77,-78.61,-86.14,35.4,33.8229
23:02:03.089 > 19835,354,95860350,95845934,8088.99,-79.65,-85.52,35.4,33.8182
23:02:03.142 > 19888,355,95860476,95846070,8089.58,-79.53,-84.96,34.4,33.7948
23:02:03.195 > 19941,356,95860587,95846179,8081.51,-79.34,-85.29,35.4,33.7995
23:02:03.248 > 19994,357,95860710,95846305,8080.63,-79.22,-85.57,34.4,33.7901
23:02:03.301 > 20047,358,95860312,95845907,8089.80,-80.08,-86.36,35.4,33.7901
23:02:03.354 > 20100,359,95860445,95846031,8086.43,-79.84,-85.45,35.4,33.8135
23:02:03.407 > 20153,360,95860557,95846144,8082.61,-81.44,-88.25,34.4,33.8089
23:02:03.460 > 20206,361,95860691,95846270,8086.35,-79.37,-86.96,34.4,33.8276
23:02:03.513 > 20259,362,95860298,95845897,8080.49,-79.47,-85.83,35.4,33.7807
23:02:03.566 > 20312,363,95860425,95846017,8082.10,-80.50,-86.89,35.4,33.7995
23:02:03.619 > 20365,364,95860542,95846136,8083.13,-80.08,-85.62,34.4,33.7948
23:02:03.672 > 20418,365,95860668,95846264,8089.65,-79.68,-85.79,34.4,33.7901
23:02:03.725 > 20471,366,95860789,95846377,8084.08,-78.94,-85.10,34.4,33.8089
23:02:03.778 > 20524,367,95860411,95846001,8080.63,-79.90,-85.51,34.4,33.8042
23:02:03.831 > 20577,368,95860532,95846117,8082.47,-79.34,-85.08,34.4,33.8135
23:02:03.884 > 20630,369,95860664,95846255,8089.36,-79.16,-84.77,34.4,33.7995
23:02:03.937 > 20683,370,95860781,95846369,8083.79,-79.39,-85.09,35.4,33.8089
23:02:03.990 > 20736,371,95860394,95845992,8081.22,-80.45,-86.69,34.4,33.7854
23:02:04.043 > 20789,372,95860526,95846115,8084.59,-80.68,-87.34,34.4,33.8042
23:02:04.096 > 20842,373,95860655,95846254,8083.20,-79.74,-85.55,34.4,33.7807
23:02:04.149 > 20895,374,95860794,95846373,8088.04,-79.50,-84.83,34.4,33.8276
23:02:04.202 > 20948,375,95860408,95845997,8085.99,-81.13,-87.64,34.4,33.8042
23:02:04.255 > 21001,376,95860533,95846121,8082.69,-79.19,-85.21,34.4,33.8089
23:02:04.308 > 21054,377,95860667,95846265,8083.93,-79.47,-85.68,34.4,33.7854
23:02:04.375 > 21107,378,95860803,95846388,8089.29,-79.60,-85.71,34.4,33.8135
23:02:04.414 > 21160,379,95860419,95846006,8082.54,-79.42,-86.17,35.4,33.8089
23:02:04.467 > 21213,380,95860548,95846141,8089.58,-79.50,-85.50,34.4,33.7948
23:02:04.520 > 21266,381,95860692,95846276,8081.81,-81.13,-88.41,34.4,33.8182
23:02:04.573 > 21319,382,95860302,95845891,8086.57,-81.14,-88.45,34.4,33.8042
23:02:04.626 > 21372,383,95860435,95846038,8080.93,-79.01,-85.48,35.4,33.7713
23:02:04.679 > 21425,384,95860565,95846167,8080.71,-79.39,-86.15,34.4,33.7760
23:02:04.732 > 21478,385,95860721,95846296,8082.69,-79.11,-85.12,34.4,33.8370
23:02:04.785 > 21531,386,95860333,95845925,8083.64,-79.09,-85.25,34.4,33.7995
23:02:04.838 > 21584,387,95860474,95846067,8089.58,-80.67,-87.79,34.4,33.7948
23:02:04.891 > 21637,388,95860611,95846205,8087.53,-79.44,-86.66,34.4,33.7948
23:02:04.944 > 21690,389,95860756,95846345,8080.93,-79.47,-86.24,34.4,33.8042
23:02:04.997 > 21743,390,95860372,95845966,8082.83,-79.09,-85.41,34.4,33.7948
23:02:05.050 > 21796,391,95860520,95846115,8087.53,-79.74,-85.41,35.4,33.7901
23:02:05.103 > 21849,392,95860651,95846249,8082.25,-79.29,-84.88,34.4,33.7854
23:02:05.156 > 21902,393,95860800,95846383,8086.57,-80.39,-88.11,34.4,33.8182
23:02:05.209 > 21955,394,95860435,95846023,8081.59,-80.01,-88.08,34.4,33.8089
23:02:05.262 > 22008,395,95860569,95846170,8081.66,-80.56,-87.58,34.4,33.7760
23:02:05.322 > 22061,396,95860717,95846310,8080.56,-79.29,-84.94,34.4,33.7948
23:02:05.368 > 22114,397,95860344,95845940,8082.69,-79.53,-85.57,34.4,33.7901
23:02:05.421 > 22167,398,95860492,95846083,8083.93,-79.34,-86.48,34.4,33.7995
23:02:05.474 > 22220,399,95860632,95846227,8080.56,-79.27,-85.36,34.4,33.7901
23:02:05.527 > 22273,400,95860786,95846369,8082.76,-80.85,-87.88,34.4,33.8182
23:02:05.580 > 22326,401,95860416,95846011,8084.67,-80.01,-86.05,34.4,33.7901
23:02:05.633 > 22379,402,95860563,95846159,8081.00,-79.09,-85.69,34.4,33.7901
23:02:05.686 > 22432,403,95860714,95846300,8083.13,-79.68,-85.83,34.4,33.8135
23:02:05.739 > 22485,404,95860344,95845941,8082.91,-80.24,-86.91,34.4,33.7854
23:02:05.792 > 22538,405,95860498,95846101,8084.01,-79.95,-87.14,35.4,33.7713
23:02:05.845 > 22591,406,95860637,95846238,8081.44,-80.85,-88.00,35.4,33.7760
23:02:05.898 > 22644,407,95860810,95846385,8087.23,-79.95,-86.58,34.4,33.8370
23:02:05.951 > 22697,408,95860437,95846030,8080.63,-79.16,-85.74,34.4,33.7948
23:02:06.004 > 22750,409,95860585,95846188,8080.85,-80.06,-86.15,34.4,33.7713
23:02:06.057 > 22803,410,95860740,95846336,8089.58,-79.74,-85.63,34.4,33.7901
23:02:06.110 > 22856,411,95860382,95845974,8088.19,-79.90,-86.45,34.4,33.7995
23:02:06.163 > 22909,412,95860530,95846116,8083.20,-79.55,-85.13,34.4,33.8135
23:02:06.216 > 22962,413,95860687,95846276,8082.54,-79.53,-86.23,34.4,33.8042
23:02:06.269 > 23015,414,95860317,95845913,8086.28,-80.57,-87.71,34.4,33.7901
23:02:06.322 > 23068,415,95860472,95846071,8086.94,-79.95,-87.12,34.4,33.7807
23:02:06.375 > 23121,416,95860624,95846215,8085.55,-79.55,-87.16,34.4,33.7995
23:02:06.428 > 23174,417,95860780,95846373,8081.44,-81.08,-88.12,35.4,33.7948
23:02:06.481 > 23227,418,95860430,95846013,8080.93,-79.60,-86.31,35.4,33.8182
23:02:06.534 > 23280,419,95860590,95846179,8081.37,-79.53,-85.66,34.4,33.8042
23:02:06.587 > 23333,420,95860739,95846320,8088.85,-80.41,-88.07,34.4,33.8229
23:02:06.640 > 23386,421,95860382,95845970,8080.85,-79.22,-85.20,34.4,33.8089
23:02:06.693 > 23439,422,95860534,95846116,8086.21,-78.99,-85.16,35.4,33.8229
23:02:06.746 > 23492,423,95860693,95846296,8080.63,-80.90,-88.14,34.4,33.7713
23:02:06.799 > 23545,424,95860339,95845916,8084.08,-79.50,-85.91,34.4,33.8323
23:02:06.852 > 23598,425,95860498,95846085,8088.19,-80.56,-88.12,34.4,33.8089
23:02:06.905 > 23651,426,95860648,95846237,8082.10,-80.91,-87.81,35.4,33.8042
23:02:06.958 > 23704,427,95860301,95845900,8088.19,-79.37,-86.46,34.4,33.7807
23:02:07.011 > 23757,428,95860458,95846048,8083.79,-79.29,-85.72,34.4,33.8042
23:02:07.064 > 23810,429,95860621,95846207,8089.07,-81.19,-88.35,35.4,33.8135
23:02:07.117 > 23863,430,95860778,95846362,8082.83,-79.97,-85.65,34.4,33.8182
23:02:07.170 > 23916,431,95860435,95846019,8082.32,-79.79,-86.83,34.4,33.8182
23:02:07.223 > 23969,432,95860598,95846181,8087.67,-79.95,-85.79,35.4,33.8182
23:02:07.276 > 24022,433,95860760,95846346,8085.03,-78.96,-85.87,34.4,33.8135
23:02:07.341 > 24075,434,95860392,95845992,8088.99,-80.96,-87.91,34.4,33.7807
23:02:07.382 > 24128,435,95860564,95846159,8081.15,-80.84,-88.04,34.4,33.7901
23:02:07.435 > 24181,436,95860727,95846308,8088.19,-79.86,-85.47,35.4,33.8229
23:02:07.488 > 24234,437,95860384,95845971,8089.43,-79.27,-85.75,34.4,33.8089
23:02:07.541 > 24287,438,95860542,95846127,8081.22,-79.50,-85.28,34.4,33.8135
23:02:07.594 > 24340,439,95860701,95846293,8088.55,-79.90,-85.64,34.4,33.7995
23:02:07.647 > 24393,440,95860353,95845939,8088.04,-80.57,-86.82,34.4,33.8135
23:02:07.700 > 24446,441,95860526,95846107,8082.83,-79.63,-84.96,34.4,33.8229
23:02:07.753 > 24499,442,95860683,95846266,8087.89,-79.47,-85.56,34.4,33.8182
23:02:07.806 > 24552,443,95860341,95845929,8083.71,-80.34,-86.34,34.4,33.8089
23:02:07.859 > 24605,444,95860498,95846089,8085.40,-80.02,-87.74,34.4,33.7995
23:02:07.912 > 24658,445,95860668,95846260,8089.29,-79.58,-86.06,34.4,33.7995
23:02:07.965 > 24711,446,95860309,95845901,8081.22,-79.14,-85.64,34.4,33.7995
23:02:08.018 > 24764,447,95860491,95846085,8082.32,-79.27,-86.10,34.4,33.7948
23:02:08.071 > 24817,448,95860642,95846242,8085.11,-80.41,-86.99,34.4,33.7807
23:02:08.124 > 24870,449,95860315,95845905,8085.55,-79.63,-86.19,34.4,33.8042
23:02:08.177 > 24923,450,95860476,95846055,8086.13,-80.97,-88.12,34.4,33.8276
23:02:08.230 > 24976,451,95860645,95846241,8088.99,-78.91,-85.25,34.4,33.7901
23:02:08.283 > 25029,452,95860810,95846391,8081.59,-78.84,-86.64,34.4,33.8229
23:02:08.352 > 25082,453,95860476,95846068,8081.29,-78.86,-84.97,34.4,33.7995
23:02:08.389 > 25135,454,95860632,95846220,8081.95,-80.08,-87.22,34.4,33.8089
23:02:08.442 > 25188,455,95860804,95846397,8088.70,-79.90,-86.29,34.4,33.7948
23:02:08.495 > 25241,456,95860462,95846048,8083.86,-78.64,-84.89,34.4,33.8135
23:02:08.548 > 25294,457,95860628,95846219,8089.80,-79.63,-85.49,34.4,33.7995
23:02:08.601 > 25347,458,95860799,95846387,8089.36,-79.34,-85.50,34.4,33.8089
23:02:08.654 > 25400,459,95860459,95846061,8088.77,-79.22,-84.99,34.4,33.7760
23:02:08.707 > 25453,460,95860624,95846218,8087.16,-78.84,-85.54,34.4,33.7948
23:02:08.760 > 25506,461,95860299,95845898,8087.45,-80.01,-87.36,34.4,33.7807
23:02:08.813 > 25559,462,95860463,95846060,8089.07,-79.24,-85.39,34.4,33.7854
23:02:08.866 > 25612,463,95860651,95846234,8089.29,-79.63,-85.08,34.4,33.8182
23:02:08.919 > 25665,464,95860818,95846400,8082.25,-80.85,-87.95,34.4,33.8229
23:02:08.972 > 25718,465,95860483,95846081,8088.04,-78.84,-85.21,34.4,33.7854
23:02:09.025 > 25771,466,95860658,95846241,8083.71,-79.97,-85.77,34.4,33.8182
23:02:09.078 > 25824,467,95860333,95845924,8089.51,-80.90,-87.54,34.4,33.7995
23:02:09.131 > 25877,468,95860509,95846096,8083.49,-79.34,-85.44,35.4,33.8089
23:02:09.184 > 25930,469,95860696,95846281,8085.99,-79.47,-86.52,34.4,33.8135
23:02:09.237 > 25983,470,95860351,95845948,8086.35,-79.60,-86.24,34.4,33.7854
23:02:09.290 > 26036,471,95860543,95846128,8089.65,-81.19,-87.79,34.4,33.8135
23:02:09.345 > 26089,472,95860723,95846297,8086.94,-80.19,-85.14,35.4,33.8417
23:02:09.396 > 26142,473,95860391,95845985,8081.73,-79.95,-85.24,34.4,33.7948
23:02:09.449 > 26195,474,95860567,95846158,8088.63,-79.44,-85.51,35.4,33.7995
23:02:09.502 > 26248,475,95860751,95846350,8086.28,-79.79,-85.94,34.4,33.7807
23:02:09.555 > 26301,476,95860421,95846010,8083.57,-80.46,-88.01,34.4,33.8042
23:02:09.608 > 26354,477,95860618,95846205,8085.18,-80.01,-86.53,34.4,33.8089
23:02:09.661 > 26407,478,95860795,95846380,8084.30,-80.46,-87.05,34.4,33.8135
23:02:09.714 > 26460,479,95860487,95846058,8087.75,-81.02,-88.17,35.4,33.8464
23:02:09.767 > 26513,480,95860658,95846246,8082.03,-79.39,-84.88,34.4,33.8089
23:02:09.820 > 26566,481,95860346,95845931,8087.31,-79.47,-85.35,34.4,33.8135
23:02:09.873 > 26619,482,95860523,95846108,8089.07,-79.50,-85.30,35.4,33.8135
23:02:09.926 > 26672,483,95860722,95846301,8085.47,-79.74,-86.36,34.4,33.8276
23:02:09.979 > 26725,484,95860395,95845981,8085.91,-79.44,-85.68,34.4,33.8135
23:02:10.032 > 26778,485,95860592,95846176,8086.94,-78.81,-85.17,34.4,33.8182
23:02:10.085 > 26831,486,95860776,95846357,8088.70,-78.79,-85.02,34.4,33.8229
23:02:10.138 > 26884,487,95860459,95846049,8084.01,-79.42,-85.15,34.4,33.8042
23:02:10.191 > 26937,488,95860648,95846235,8088.11,-79.34,-86.05,34.4,33.8089
23:02:10.244 > 26990,489,95860333,95845926,8086.28,-79.53,-85.11,34.4,33.7948
23:02:10.297 > 27043,490,95860537,95846113,8089.73,-80.85,-87.91,34.4,33.8370
23:02:10.350 > 27096,491,95860721,95846308,8084.89,-81.13,-88.18,34.4,33.8089
23:02:10.403 > 27149,492,95860405,95845989,8087.89,-79.09,-85.38,35.4,33.8182
23:02:10.456 > 27202,493,95860611,95846198,8083.49,-79.42,-85.57,34.4,33.8089
23:02:10.509 > 27255,494,95860793,95846380,8085.11,-79.39,-85.76,35.4,33.8089
23:02:10.562 > 27308,495,95860489,95846079,8081.88,-79.22,-86.10,34.4,33.8042
23:02:10.615 > 27361,496,95860677,95846279,8089.65,-78.79,-85.68,35.4,33.7760
23:02:10.668 > 27414,497,95860375,95845958,8087.60,-79.84,-86.39,34.4,33.8182
23:02:10.721 > 27467,498,95860565,95846155,8087.31,-80.08,-86.85,34.4,33.8042
23:02:10.774 > 27520,499,95860768,95846362,8088.63,-79.90,-85.42,34.4,33.7948
23:02:10.827 > 27573,500,95860441,95846038,8085.33,-80.97,-87.67,34.4,33.7854
23:02:10.880 > 27626,501,95860658,95846251,8089.36,-79.53,-85.22,34.4,33.7948
23:02:10.933 > 27679,502,95860341,95845936,8085.69,-80.13,-85.71,34.4,33.7901
23:02:10.986 > 27732,503,95860548,95846124,8089.07,-80.79,-87.44,35.4,33.8370
23:02:11.039 > 27785,504,95860740,95846333,8088.04,-81.38,-88.22,34.4,33.7948
23:02:11.092 > 27838,505,95860432,95846021,8080.63,-81.49,-88.28,34.4,33.8042
23:02:11.145 > 27891,506,95860625,95846216,8082.76,-79.86,-85.96,34.4,33.7995
23:02:11.198 > 27944,507,95860313,95845915,8087.75,-79.53,-85.39,35.4,33.7760
23:02:11.251 > 27997,508,95860526,95846113,8088.55,-79.19,-85.34,35.4,33.8089
23:02:11.304 > 28050,509,95860732,95846322,8082.91,-82.04,-88.23,34.4,33.8042
23:02:11.357 > 28103,510,95860417,95846001,8082.47,-79.76,-85.43,34.4,33.8182
23:02:11.410 > 28156,511,95860619,95846218,8081.95,-79.74,-85.93,34.4,33.7807
23:02:11.463 > 28209,512,95860314,95845907,8081.22,-80.35,-86.84,34.4,33.7948
23:02:11.516 > 28262,513,95860523,95846116,8086.94,-80.06,-85.20,34.4,33.7948
23:02:11.569 > 28315,514,95860723,95846316,8088.11,-80.85,-87.89,35.4,33.7948
23:02:11.622 > 28368,515,95860416,95846002,8086.57,-79.22,-85.48,35.4,33.8135
23:02:11.675 > 28421,516,95860620,95846202,8088.48,-79.76,-86.54,34.4,33.8229
23:02:11.728 > 28474,517,95860316,95845903,8085.03,-80.01,-86.34,34.4,33.8089
23:02:11.781 > 28527,518,95860514,95846105,8088.92,-79.92,-85.82,34.4,33.7995
23:02:11.834 > 28580,519,95860735,95846315,8088.48,-79.42,-85.54,34.4,33.8276
23:02:11.888 > 28633,520,95860424,95846006,8087.53,-80.91,-87.94,34.4,33.8229
23:02:11.940 > 28686,521,95860633,95846217,8081.51,-79.63,-86.23,34.4,33.8182
23:02:11.993 > 28739,522,95860317,95845903,8082.39,-79.95,-87.58,34.4,33.8135
23:02:12.046 > 28792,523,95860542,95846113,8085.03,-78.86,-85.43,34.4,33.8464
23:02:12.099 > 28845,524,95860735,95846327,8088.48,-78.99,-85.30,34.4,33.7995
23:02:12.152 > 28898,525,95860445,95846030,8084.15,-81.67,-88.56,34.4,33.8135
23:02:12.205 > 28951,526,95860640,95846232,8084.52,-78.96,-85.34,35.4,33.7995
23:02:12.258 > 29004,527,95860342,95845928,8086.06,-79.58,-85.95,35.4,33.8135
23:02:12.311 > 29057,528,95860553,95846124,8088.63,-80.24,-87.59,34.4,33.8464
23:02:12.375 > 29110,529,95860756,95846344,8086.87,-79.32,-85.60,35.4,33.8089
23:02:12.417 > 29163,530,95860456,95846027,8087.31,-79.04,-85.16,34.4,33.8464
23:02:12.470 > 29216,531,95860670,95846255,8087.31,-79.58,-85.76,34.4,33.8135
23:02:12.523 > 29269,532,95860368,95845958,8085.25,-79.34,-86.53,34.4,33.8042
23:02:12.576 > 29322,533,95860584,95846168,8085.77,-79.63,-86.05,34.4,33.8182
23:02:12.629 > 29375,534,95860788,95846380,8083.93,-79.14,-85.69,34.4,33.7995
23:02:12.682 > 29428,535,95860493,95846079,8082.91,-79.22,-87.15,34.4,33.8135
23:02:12.735 > 29481,536,95860696,95846285,8088.04,-80.52,-88.08,35.4,33.8042
23:02:12.788 > 29534,537,95860414,95846006,8087.67,-78.81,-85.99,34.4,33.7995
23:02:12.841 > 29587,538,95860621,95846216,8083.64,-79.04,-86.96,35.4,33.7901
23:02:12.894 > 29640,539,95860325,95845912,8084.15,-78.71,-85.10,34.4,33.8089
23:02:12.947 > 29693,540,95860535,95846116,8085.40,-78.44,-84.95,34.4,33.8229
23:02:13.000 > 29746,541,95860755,95846346,8083.71,-79.27,-87.48,34.4,33.7995
23:02:13.053 > 29799,542,95860454,95846044,8084.23,-78.74,-85.30,35.4,33.8042
23:02:13.106 > 29852,543,95860681,95846267,8080.49,-78.08,-85.56,34.4,33.8135
23:02:13.159 > 29905,544,95860372,95845969,8086.65,-78.11,-85.39,34.4,33.7854
23:02:13.212 > 29958,545,95860609,95846189,8084.89,-78.18,-85.20,34.4,33.8276
23:02:13.265 > 30011,546,95860293,95845892,8081.29,-78.89,-86.16,34.4,33.7807
23:02:13.322 > 30064,547,95860530,95846116,8085.62,-78.96,-85.69,34.4,33.8135
23:02:13.371 > 30117,548,95860737,95846337,8080.71,-79.04,-87.63,35.4,33.7807
23:02:13.424 > 30170,549,95860451,95846043,8084.30,-78.42,-85.40,35.4,33.7995
23:02:13.477 > 30223,550,95860668,95846257,8084.67,-78.74,-86.28,35.4,33.8042
23:02:13.530 > 30276,551,95860381,95845967,8084.08,-78.96,-85.53,35.4,33.8135
23:02:13.583 > 30329,552,95860600,95846197,8084.89,-79.34,-87.32,35.4,33.7854
23:02:13.636 > 30382,553,95860318,95845908,8087.53,-78.56,-85.35,34.4,33.8042
23:02:13.689 > 30435,554,95860540,95846119,8084.67,-78.59,-85.51,35.4,33.8276
23:02:13.742 > 30488,555,95860758,95846344,8089.07,-78.51,-85.90,35.4,33.8135
23:02:13.795 > 30541,556,95860463,95846046,8085.99,-79.81,-88.05,35.4,33.8182
23:02:13.848 > 30594,557,95860696,95846276,8085.03,-79.06,-86.93,34.4,33.8276
23:02:13.901 > 30647,558,95860406,95845985,8081.07,-78.64,-85.14,34.4,33.8276
23:02:13.954 > 30700,559,95860627,95846213,8089.07,-78.37,-85.38,34.4,33.8135
23:02:14.007 > 30753,560,95860354,95845928,8080.63,-78.11,-85.43,34.4,33.8417
23:02:14.060 > 30806,561,95860566,95846165,8083.79,-80.39,-88.13,35.4,33.7807
23:02:14.113 > 30859,562,95860793,95846378,8086.57,-78.64,-85.65,34.4,33.8135
23:02:14.166 > 30912,563,95860517,95846102,8085.55,-78.37,-85.43,34.4,33.8135
23:02:14.219 > 30965,564,95860732,95846324,8084.74,-79.19,-86.29,35.4,33.7995
23:02:14.272 > 31018,565,95860457,95846047,8082.32,-79.01,-85.57,34.4,33.8042
23:02:14.325 > 31071,566,95860683,95846269,8089.36,-78.44,-87.38,34.4,33.8135
23:02:14.378 > 31124,567,95860401,95845990,8086.72,-79.22,-86.81,34.4,33.8042
23:02:14.431 > 31177,568,95860621,95846218,8087.01,-78.40,-86.28,34.4,33.7854
23:02:14.484 > 31230,569,95860344,95845935,8088.99,-78.91,-85.73,34.4,33.7995
23:02:14.537 > 31283,570,95860574,95846162,8084.01,-78.59,-85.50,35.4,33.8089
23:02:14.590 > 31336,571,95860811,95846399,8085.91,-78.56,-86.86,34.4,33.8089
23:02:14.643 > 31389,572,95860528,95846111,8088.55,-79.65,-87.91,34.4,33.8182
23:02:14.696 > 31442,573,95860756,95846353,8085.99,-79.58,-88.16,35.4,33.7854
23:02:14.749 > 31495,574,95860472,95846063,8082.10,-79.76,-88.27,34.4,33.7995
23:02:14.802 > 31548,575,95860716,95846302,8084.96,-78.66,-85.61,35.4,33.8135
23:02:14.855 > 31601,576,95860428,95846017,8087.31,-78.89,-87.29,35.4,33.8042
23:02:14.908 > 31654,577,95860671,95846262,8081.66,-79.68,-87.61,34.4,33.7995
23:02:14.961 > 31707,578,95860380,95845964,8081.88,-80.02,-88.04,35.4,33.8182
23:02:15.014 > 31760,579,95860628,95846220,8080.56,-79.37,-87.45,34.4,33.7995
23:02:15.067 > 31813,580,95860341,95845930,8087.82,-78.44,-85.43,35.4,33.8042
23:02:15.120 > 31866,581,95860586,95846162,8085.91,-78.96,-85.83,34.4,33.8370
23:02:15.173 > 31919,582,95860812,95846400,8081.15,-79.70,-88.25,34.4,33.8089
23:02:15.226 > 31972,583,95860558,95846134,8087.60,-79.47,-87.55,34.4,33.8370
23:02:15.279 > 32025,584,95860774,95846368,8084.52,-78.35,-85.32,34.4,33.7948
23:02:15.344 > 32078,585,95860504,95846088,8089.73,-78.56,-86.15,35.4,33.8182
23:02:15.385 > 32131,586,95860740,95846325,8086.21,-79.70,-88.25,34.4,33.8135
23:02:15.438 > 32184,587,95860471,95846062,8087.60,-78.37,-85.15,34.4,33.7995
23:02:15.491 > 32237,588,95860705,95846294,8081.88,-79.55,-87.46,34.4,33.8042
23:02:15.544 > 32290,589,95860439,95846025,8081.37,-78.81,-85.98,34.4,33.8135
23:02:15.597 > 32343,590,95860685,95846269,8089.43,-78.40,-85.70,35.4,33.8182
23:02:15.650 > 32396,591,95860418,95845998,8086.79,-78.22,-85.27,34.4,33.8276
23:02:15.703 > 32449,592,95860658,95846234,8082.91,-79.06,-86.52,34.4,33.8370
23:02:15.756 > 32502,593,95860380,95845972,8087.16,-80.01,-88.19,35.4,33.7995
23:02:15.809 > 32555,594,95860622,95846216,8081.15,-79.70,-88.20,34.4,33.7948
23:02:15.862 > 32608,595,95860362,95845954,8088.19,-79.11,-87.47,34.4,33.7995
23:02:15.915 > 32661,596,95860610,95846188,8084.74,-78.40,-85.15,34.4,33.8323
23:02:15.968 > 32714,597,95860343,95845930,8081.44,-78.56,-85.29,34.4,33.8089
23:02:16.021 > 32767,598,95860589,95846175,8086.13,-78.40,-85.49,35.4,33.8135
23:02:16.074 > 32820,599,95860321,95845915,8088.41,-78.81,-85.23,34.4,33.7948
23:02:16.127 > 32873,600,95860564,95846153,8081.00,-78.40,-85.69,34.4,33.8042
23:02:16.180 > 32926,601,95860311,95845901,8084.74,-78.81,-86.35,34.4,33.8042
23:02:16.233 > 32979,602,95860561,95846143,8085.33,-79.24,-87.95,34.4,33.8229
23:02:16.286 > 33032,603,95860805,95846396,8086.87,-80.06,-88.34,35.4,33.7995
23:02:16.352 > 33085,604,95860542,95846130,8085.25,-78.79,-85.65,35.4,33.8089
23:02:16.392 > 33138,605,95860794,95846386,8088.11,-78.81,-86.10,35.4,33.7995
23:02:16.445 > 33191,606,95860542,95846112,8084.74,-78.94,-86.61,34.4,33.8511
23:02:16.498 > 33244,607,95860791,95846375,8086.87,-80.56,-88.12,34.4,33.8182
23:02:16.551 > 33297,608,95860528,95846111,8089.58,-79.34,-86.21,34.4,33.8182
23:02:16.604 > 33350,609,95860794,95846368,8089.36,-79.06,-85.53,34.4,33.8417
23:02:16.657 > 33403,610,95860528,95846109,8087.38,-79.55,-85.89,35.4,33.8229
23:02:16.710 > 33456,611,95860780,95846359,8087.60,-79.42,-86.50,34.4,33.8276
23:02:16.763 > 33509,612,95860516,95846095,8082.25,-79.29,-86.25,34.4,33.8276
23:02:16.816 > 33562,613,95860781,95846375,8087.23,-80.17,-87.44,34.4,33.7948
23:02:16.869 > 33615,614,95860518,95846111,8085.18,-79.50,-86.08,34.4,33.7948
23:02:16.922 > 33668,615,95860782,95846364,8081.07,-79.95,-87.25,35.4,33.8229
23:02:16.975 > 33721,616,95860521,95846103,8085.47,-79.22,-85.30,35.4,33.8229
23:02:17.028 > 33774,617,95860788,95846370,8088.26,-79.16,-85.61,34.4,33.8229
23:02:17.081 > 33827,618,95860520,95846110,8085.11,-80.30,-87.74,34.4,33.8042
23:02:17.134 > 33880,619,95860796,95846374,8084.30,-78.81,-85.17,34.4,33.8323
23:02:17.187 > 33933,620,95860529,95846116,8086.35,-79.34,-85.48,34.4,33.8089
23:02:17.240 > 33986,621,95860792,95846379,8086.06,-79.01,-85.83,34.4,33.8089
23:02:17.293 > 34039,622,95860543,95846123,8089.58,-79.72,-88.01,34.4,33.8276
23:02:17.346 > 34092,623,95860800,95846388,8084.67,-78.86,-86.18,34.4,33.8089
23:02:17.399 > 34145,624,95860552,95846128,8085.47,-80.19,-88.27,34.4,33.8370
23:02:17.452 > 34198,625,95860299,95845890,8088.55,-79.47,-87.96,34.4,33.7995
23:02:17.505 > 34251,626,95860559,95846145,8081.95,-78.30,-86.18,34.4,33.8135
23:02:17.558 > 34304,627,95860314,95845910,8088.63,-78.94,-85.43,34.4,33.7901
23:02:17.611 > 34357,628,95860575,95846169,8087.38,-79.04,-85.88,34.4,33.7948
23:02:17.664 > 34410,629,95860335,95845917,8084.96,-79.11,-85.63,35.4,33.8229
23:02:17.717 > 34463,630,95860601,95846177,8083.05,-79.27,-85.66,34.4,33.8370
23:02:17.770 > 34516,631,95860356,95845937,8087.45,-79.22,-85.31,35.4,33.8229
23:02:17.823 > 34569,632,95860608,95846202,8080.63,-79.01,-86.76,34.4,33.7948
23:02:17.876 > 34622,633,95860371,95845966,8089.65,-80.39,-88.18,35.4,33.7901
23:02:17.929 > 34675,634,95860623,95846219,8081.59,-78.91,-86.61,35.4,33.7901
23:02:17.982 > 34728,635,95860384,95845981,8086.79,-79.37,-85.35,35.4,33.7854
23:02:18.035 > 34781,636,95860650,95846240,8087.75,-79.58,-86.02,34.4,33.8042
23:02:18.088 > 34834,637,95860416,95845994,8086.35,-79.47,-85.57,34.4,33.8323
23:02:18.141 > 34887,638,95860678,95846265,8087.31,-79.95,-87.51,34.4,33.8089
23:02:18.194 > 34940,639,95860444,95846021,8084.23,-79.84,-86.69,34.4,33.8323
23:02:18.247 > 34993,640,95860703,95846289,8087.01,-78.66,-85.12,34.4,33.8135
23:02:18.300 > 35046,641,95860463,95846057,8087.23,-78.61,-85.57,35.4,33.7948
23:02:18.354 > 35099,642,95860737,95846321,8085.11,-78.76,-85.28,35.4,33.8182
23:02:18.406 > 35152,643,95860500,95846076,8085.55,-79.84,-87.49,34.4,33.8370
23:02:18.459 > 35205,644,95860760,95846356,8087.45,-79.01,-86.03,34.4,33.7901
23:02:18.512 > 35258,645,95860529,95846120,8087.82,-78.81,-85.16,34.4,33.7995
23:02:18.565 > 35311,646,95860802,95846381,8089.14,-79.58,-86.57,35.4,33.8276
23:02:18.617 > 35364,647,95860561,95846153,8086.06,-79.47,-86.65,34.4,33.7995
23:02:18.671 > 35417,648,95860320,95845902,8088.55,-79.63,-86.87,34.4,33.8229
23:02:18.724 > 35470,649,95860606,95846190,8088.77,-79.04,-85.79,34.4,33.8182
23:02:18.777 > 35523,650,95860355,95845952,8086.57,-79.79,-86.90,35.4,33.7854
23:02:18.830 > 35576,651,95860632,95846224,8084.59,-79.32,-85.36,35.4,33.7995
23:02:18.883 > 35629,652,95860395,95845982,8087.45,-79.74,-86.61,34.4,33.8089
23:02:18.936 > 35682,653,95860687,95846260,8089.14,-78.96,-85.59,35.4,33.8417
23:02:18.988 > 35735,654,95860438,95846027,8084.59,-78.13,-85.55,34.4,33.8042
23:02:19.042 > 35788,655,95860725,95846306,8081.59,-79.32,-85.42,34.4,33.8229
23:02:19.095 > 35841,656,95860483,95846066,8082.47,-80.34,-88.23,34.4,33.8182
23:02:19.148 > 35894,657,95860764,95846352,8088.99,-80.45,-88.12,34.4,33.8089
23:02:19.201 > 35947,658,95860522,95846112,8083.05,-79.32,-85.54,34.4,33.8042
23:02:19.253 > 36000,659,95860310,95845890,8083.64,-79.11,-86.33,34.4,33.8276
23:02:19.322 > 36053,660,95860573,95846166,8083.35,-79.50,-87.38,34.4,33.7948
23:02:19.359 > 36106,661,95860354,95845930,8086.35,-80.10,-87.14,35.4,33.8370
23:02:19.413 > 36159,662,95860612,95846205,8086.79,-79.44,-86.75,34.4,33.7948
23:02:19.466 > 36212,663,95860402,95845977,8085.62,-79.27,-85.46,35.4,33.8370
23:02:19.519 > 36265,664,95860673,95846245,8084.96,-79.24,-85.38,35.4,33.8464
23:02:19.572 > 36318,665,95860445,95846032,8088.85,-79.22,-85.38,35.4,33.8089
23:02:19.624 > 36371,666,95860722,95846309,8082.69,-80.35,-87.74,35.4,33.8089
23:02:19.678 > 36424,667,95860500,95846094,8087.16,-79.22,-85.88,34.4,33.7948
23:02:19.731 > 36477,668,95860778,95846365,8084.96,-80.35,-88.12,34.4,33.8089
23:02:19.784 > 36530,669,95860557,95846134,8082.10,-78.86,-86.15,35.4,33.8323
23:02:19.837 > 36583,670,95860332,95845906,8085.99,-80.12,-87.39,34.4,33.8417
23:02:19.890 > 36636,671,95860616,95846187,8088.33,-79.90,-87.69,34.4,33.8464
23:02:19.943 > 36689,672,95860375,95845954,8085.77,-81.03,-88.38,34.4,33.8276
23:02:19.996 > 36742,673,95860675,95846253,8085.99,-80.62,-88.04,34.4,33.8323
23:02:20.049 > 36795,674,95860428,95846017,8085.99,-80.24,-88.07,35.4,33.8042
23:02:20.102 > 36848,675,95860728,95846308,8085.69,-79.84,-85.66,34.4,33.8276
23:02:20.155 > 36901,676,95860497,95846084,8088.41,-79.47,-86.57,35.4,33.8089
23:02:20.208 > 36954,677,95860788,95846370,8080.78,-78.61,-85.02,35.4,33.8229
23:02:20.261 > 37007,678,95860565,95846145,8085.11,-79.44,-86.29,35.4,33.8276
23:02:20.313 > 37060,679,95860343,95845928,8085.47,-79.06,-85.10,34.4,33.8135
23:02:20.373 > 37113,680,95860620,95846204,8082.91,-79.55,-86.30,34.4,33.8182
23:02:20.420 > 37166,681,95860408,95845987,8085.40,-81.08,-88.25,35.4,33.8276
23:02:20.473 > 37219,682,95860687,95846286,8086.94,-79.34,-85.72,34.4,33.7807
23:02:20.526 > 37272,683,95860473,95846051,8069.56,-79.27,-85.17,34.4,33.8323
23:02:20.579 > 37325,684,95860758,95846349,8086.28,-78.89,-84.85,35.4,33.7995
23:02:20.631 > 37378,685,95860548,95846127,8085.33,-80.01,-87.98,35.4,33.8276
23:02:20.685 > 37431,686,95860313,95845904,8086.43,-79.24,-86.53,34.4,33.7995
23:02:20.738 > 37484,687,95860621,95846213,8085.40,-78.56,-85.87,35.4,33.7995
23:02:20.790 > 37537,688,95860376,95845970,8083.93,-79.39,-87.26,35.4,33.7948
23:02:20.844 > 37590,689,95860687,95846277,8086.87,-80.06,-88.36,35.4,33.8042
23:02:20.896 > 37643,690,95860469,95846042,8085.18,-78.94,-85.64,34.4,33.8417
23:02:20.950 > 37696,691,95860757,95846353,8082.03,-79.42,-85.74,34.4,33.7901
23:02:21.003 > 37749,692,95860541,95846123,8083.42,-79.14,-85.31,34.4,33.8229
23:02:21.056 > 37802,693,95860329,95845912,8084.59,-78.81,-85.87,35.4,33.8182
23:02:21.108 > 37855,694,95860626,95846200,8087.09,-79.29,-87.00,35.4,33.8417
23:02:21.161 > 37908,695,95860413,95845988,8082.39,-79.47,-84.99,35.4,33.8370
23:02:21.215 > 37961,696,95860699,95846295,8085.33,-80.56,-88.10,35.4,33.7901
23:02:21.268 > 38014,697,95860493,95846065,8086.57,-80.23,-86.88,35.4,33.8464
23:02:21.323 > 38067,698,95860776,95846375,8082.32,-80.63,-87.10,34.4,33.7807
23:02:21.373 > 38120,699,95860565,95846168,8084.45,-79.01,-85.36,35.4,33.7713
23:02:21.426 > 38173,700,95860361,95845940,8088.92,-78.54,-86.55,35.4,33.8276
23:02:21.480 > 38226,701,95860657,95846245,8080.56,-80.01,-86.01,35.4,33.8089
23:02:21.533 > 38279,702,95860436,95846030,8085.62,-79.97,-85.60,35.4,33.7948
23:02:21.586 > 38332,703,95860751,95846342,8083.49,-79.79,-86.27,35.4,33.7995
23:02:21.638 > 38385,704,95860536,95846117,8083.20,-82.23,-88.25,35.4,33.8229
23:02:21.692 > 38438,705,95860313,95845911,8087.75,-80.23,-85.48,35.4,33.7854
23:02:21.745 > 38491,706,95860616,95846207,8084.67,-80.19,-85.80,35.4,33.7995
23:02:21.798 > 38544,707,95860412,95846003,8081.22,-79.95,-87.16,35.4,33.7995
23:02:21.850 > 38597,708,95860713,95846296,8081.00,-79.97,-86.59,35.4,33.8182
23:02:21.904 > 38650,709,95860509,95846090,8086.06,-80.50,-88.10,35.4,33.8229
23:02:21.956 > 38703,710,95860811,95846382,8084.37,-78.74,-86.28,35.4,33.8464
23:02:22.009 > 38756,711,95860610,95846190,8086.13,-79.79,-85.80,35.4,33.8276
23:02:22.063 > 38809,712,95860389,95845977,8082.76,-79.47,-85.42,35.4,33.8089
23:02:22.115 > 38862,713,95860693,95846286,8070.22,-79.90,-87.52,35.4,33.7948
23:02:22.169 > 38915,714,95860499,95846067,8088.85,-79.19,-87.06,35.4,33.8558
23:02:22.222 > 38968,715,95860797,95846382,8086.43,-79.63,-87.41,35.4,33.8135
23:02:22.275 > 39021,716,95860579,95846159,8088.11,-79.76,-87.42,34.4,33.8276
23:02:22.327 > 39074,717,95860373,95845968,8085.11,-80.50,-88.20,34.4,33.7901
23:02:22.380 > 39127,718,95860682,95846270,8085.91,-80.74,-88.44,34.4,33.8089
23:02:22.433 > 39180,719,95860485,95846067,8082.17,-78.56,-85.25,34.4,33.8229
23:02:22.487 > 39233,720,95860785,95846375,8085.25,-79.53,-85.86,34.4,33.8042
23:02:22.540 > 39286,721,95860577,95846171,8084.37,-79.63,-86.35,34.4,33.7948
23:02:22.593 > 39339,722,95860369,95845955,8082.76,-79.55,-86.33,35.4,33.8135
23:02:22.645 > 39392,723,95860684,95846275,8087.89,-78.71,-85.86,35.4,33.7995
23:02:22.699 > 39445,724,95860477,95846051,8084.08,-80.08,-86.57,35.4,33.8417
23:02:22.752 > 39498,725,95860780,95846364,8085.62,-81.19,-88.19,35.4,33.8182
23:02:22.805 > 39551,726,95860564,95846158,8082.54,-79.39,-85.71,34.4,33.7948
23:02:22.857 > 39604,727,95860376,95845958,8084.01,-81.25,-88.29,35.4,33.8229
23:02:22.911 > 39657,728,95860677,95846266,8082.10,-79.92,-86.76,34.4,33.8042
23:02:22.964 > 39710,729,95860483,95846066,8084.01,-80.28,-87.34,34.4,33.8182
23:02:23.017 > 39763,730,95860781,95846369,8085.69,-80.19,-85.88,34.4,33.8089
23:02:23.070 > 39816,731,95860587,95846174,8084.67,-79.47,-84.94,34.4,33.8089
23:02:23.122 > 39869,732,95860381,95845967,8083.86,-80.19,-85.76,34.4,33.8135
23:02:23.176 > 39922,733,95860699,95846275,8084.67,-79.58,-85.85,34.4,33.8370
23:02:23.229 > 39975,734,95860491,95846073,8081.44,-79.60,-85.04,35.4,33.8229
23:02:23.282 > 40028,735,95860806,95846392,8080.93,-80.79,-85.62,34.4,33.8135
23:02:23.342 > 40081,736,95860598,95846183,8081.37,-80.19,-85.14,35.4,33.8135
23:02:23.387 > 40134,737,95860416,95846000,8081.51,-81.31,-86.90,34.4,33.8182
23:02:23.441 > 40187,738,95860720,95846303,8082.32,-79.97,-85.21,34.4,33.8182
23:02:23.494 > 40240,739,95860526,95846115,8088.41,-79.90,-85.71,34.4,33.8042
23:02:23.547 > 40293,740,95860328,95845925,8084.37,-81.38,-87.45,35.4,33.7854
23:02:23.600 > 40346,741,95860653,95846237,8083.42,-79.16,-85.09,34.4,33.8182
23:02:23.652 > 40399,742,95860447,95846027,8086.06,-78.94,-84.92,35.4,33.8276
23:02:23.706 > 40452,743,95860769,95846352,8083.20,-79.27,-86.39,34.4,33.8182
23:02:23.759 > 40505,744,95860572,95846159,8085.99,-78.69,-85.48,35.4,33.8089
23:02:23.812 > 40558,745,95860384,95845973,8085.25,-79.06,-85.01,34.4,33.8042
23:02:23.864 > 40611,746,95860697,95846285,8085.69,-79.65,-87.30,34.4,33.8089
23:02:23.917 > 40664,747,95860507,95846092,8084.74,-80.56,-88.15,34.4,33.8135
23:02:23.971 > 40717,748,95860310,95845908,8083.79,-80.02,-87.98,35.4,33.7854
23:02:24.024 > 40770,749,95860641,95846224,8070.15,-78.32,-85.55,34.4,33.8182
23:02:24.077 > 40823,750,95860435,95846029,8082.25,-78.54,-85.15,34.4,33.7948
23:02:24.129 > 40876,751,95860768,95846362,8085.69,-78.61,-86.00,35.4,33.7948
23:02:24.183 > 40929,752,95860573,95846165,8083.27,-78.40,-86.39,34.4,33.7995
23:02:24.236 > 40982,753,95860392,95845971,8080.56,-77.94,-85.20,35.4,33.8276
23:02:24.289 > 41035,754,95860701,95846294,8082.10,-78.44,-85.14,34.4,33.7948
23:02:24.341 > 41088,755,95860527,95846102,8083.71,-78.42,-85.76,34.4,33.8370
23:02:24.394 > 41141,756,95860318,95845910,8083.93,-80.35,-88.13,35.4,33.7995
23:02:24.448 > 41194,757,95860655,95846242,8084.52,-77.94,-84.80,34.4,33.8089
23:02:24.501 > 41247,758,95860467,95846044,8080.93,-78.40,-85.04,35.4,33.8323
23:02:24.554 > 41300,759,95860790,95846386,8084.81,-78.66,-85.01,34.4,33.7901
23:02:24.607 > 41353,760,95860600,95846180,8084.01,-79.92,-87.54,34.4,33.8276
23:02:24.659 > 41406,761,95860415,95845999,8082.91,-79.58,-85.58,34.4,33.8182
23:02:24.713 > 41459,762,95860738,95846319,8068.90,-79.86,-85.55,34.4,33.8229
23:02:24.766 > 41512,763,95860552,95846138,8086.35,-79.53,-86.15,35.4,33.8135
23:02:24.819 > 41565,764,95860358,95845956,8070.52,-80.24,-86.51,35.4,33.7854
23:02:24.871 > 41618,765,95860686,95846296,8070.81,-79.74,-85.82,34.4,33.7572
23:02:24.925 > 41671,766,95860509,95846086,8085.25,-80.35,-88.02,35.4,33.8323
23:02:24.978 > 41724,767,95860326,95845919,8080.56,-79.32,-85.60,34.4,33.7948
23:02:25.031 > 41777,768,95860652,95846230,8080.78,-79.55,-85.38,35.4,33.8323
23:02:25.084 > 41830,769,95860480,95846061,8082.10,-79.27,-85.41,35.4,33.8229
23:02:25.136 > 41883,770,95860798,95846379,8081.44,-80.08,-85.80,35.4,33.8229
23:02:25.190 > 41936,771,95860628,95846203,8083.49,-78.76,-86.27,35.4,33.8370
23:02:25.243 > 41989,772,95860435,95846019,8083.49,-78.30,-85.91,35.4,33.8182
23:02:25.296 > 42042,773,95860777,95846373,8083.71,-79.77,-85.19,35.4,33.7901
23:02:25.348 > 42095,774,95860594,95846177,8081.81,-79.99,-85.65,34.4,33.8182
23:02:25.402 > 42148,775,95860415,95845999,8080.85,-81.02,-88.00,34.4,33.8182
23:02:25.455 > 42201,776,95860736,95846318,8083.64,-78.81,-85.06,34.4,33.8229
23:02:25.508 > 42254,777,95860567,95846157,8085.99,-78.66,-85.94,35.4,33.8042
23:02:25.560 > 42307,778,95860379,95845960,8084.15,-80.67,-86.09,34.4,33.8229
23:02:25.614 > 42360,779,95860717,95846296,8086.94,-79.67,-84.88,35.4,33.8276
23:02:25.666 > 42413,780,95860533,95846111,8081.59,-79.42,-86.02,34.4,33.8323
23:02:25.720 > 42466,781,95860360,95845941,8085.18,-78.56,-86.23,34.4,33.8229
23:02:25.773 > 42519,782,95860690,95846267,8070.44,-78.18,-86.79,34.4,33.8323
23:02:25.825 > 42572,783,95860516,95846089,8085.69,-78.81,-85.39,35.4,33.8417
23:02:25.878 > 42625,784,95860329,95845919,8084.67,-79.32,-85.13,34.4,33.8042
23:02:25.931 > 42678,785,95860673,95846263,8081.51,-79.42,-85.62,34.4,33.8042
23:02:25.985 > 42731,786,95860492,95846076,8070.88,-79.68,-86.50,35.4,33.8182
23:02:26.038 > 42784,787,95860317,95845901,8085.03,-79.01,-85.04,35.4,33.8182
23:02:26.091 > 42837,788,95860656,95846237,8082.10,-79.14,-85.49,34.4,33.8229
23:02:26.143 > 42890,789,95860489,95846064,8083.42,-79.04,-86.09,34.4,33.8370
23:02:26.197 > 42943,790,95860304,95845894,8085.69,-80.80,-88.47,35.4,33.8042
23:02:26.249 > 42996,791,95860648,95846238,8083.20,-78.76,-85.27,35.4,33.8042
23:02:26.303 > 43049,792,95860476,95846052,8084.67,-78.64,-85.28,34.4,33.8370
23:02:26.372 > 43102,793,95860814,95846397,8086.13,-78.66,-86.34,35.4,33.8182
23:02:26.408 > 43155,794,95860643,95846224,8083.71,-80.12,-88.21,34.4,33.8229
23:02:26.462 > 43208,795,95860469,95846058,8068.76,-80.06,-88.17,34.4,33.8042
23:02:26.515 > 43261,796,95860819,95846397,8084.23,-79.09,-88.02,35.4,33.8323
23:02:26.568 > 43314,797,95860640,95846234,8081.29,-79.74,-87.45,35.4,33.7948
23:02:26.621 > 43367,798,95860474,95846045,8070.81,-78.74,-86.19,34.4,33.8464
23:02:26.673 > 43420,799,95860298,95845902,8082.98,-79.84,-88.29,35.4,33.7713
23:02:26.727 > 43473,800,95860641,95846238,8086.21,-78.02,-85.02,34.4,33.7854
23:02:26.779 > 43526,801,95860485,95846073,8070.30,-78.91,-86.33,34.4,33.8089
23:02:26.833 > 43579,802,95860308,95845889,8082.17,-77.83,-85.32,34.4,33.8229
23:02:26.885 > 43632,803,95860668,95846246,8084.23,-78.61,-85.70,35.4,33.8323
23:02:26.939 > 43685,804,95860493,95846075,8083.64,-79.24,-88.12,34.4,33.8229
23:02:26.991 > 43738,805,95860322,95845921,8070.52,-77.80,-85.15,35.4,33.7807
23:02:27.045 > 43791,806,95860675,95846250,8081.37,-78.54,-85.74,34.4,33.8370
23:02:27.097 > 43844,807,95860506,95846086,8081.37,-78.66,-85.74,34.4,33.8276
23:02:27.150 > 43897,808,95860338,95845920,8082.17,-79.50,-87.78,34.4,33.8229
23:02:27.203 > 43950,809,95860680,95846277,8086.21,-80.17,-88.43,35.4,33.7854
23:02:27.257 > 44003,810,95860516,95846099,8070.44,-78.16,-85.50,34.4,33.8182
23:02:27.323 > 44056,811,95860368,95845945,8081.51,-79.53,-88.18,34.4,33.8323
23:02:27.362 > 44109,812,95860706,95846276,8080.78,-79.14,-87.61,35.4,33.8511
23:02:27.416 > 44162,813,95860553,95846125,8083.20,-78.56,-85.48,35.4,33.8464
23:02:27.468 > 44215,814,95860372,95845964,8068.98,-78.49,-86.61,35.4,33.7995
23:02:27.521 > 44268,815,95860732,95846305,8084.08,-78.91,-86.74,34.4,33.8417
23:02:27.575 > 44321,816,95860561,95846133,8087.67,-79.70,-88.09,35.4,33.8464
23:02:27.627 > 44374,817,95860409,95845984,8082.47,-78.96,-86.13,35.4,33.8370
23:02:27.680 > 44427,818,95860750,95846328,8081.07,-78.49,-87.40,34.4,33.8323
23:02:27.733 > 44480,819,95860594,95846182,8082.61,-79.51,-87.99,34.4,33.8089
23:02:27.786 > 44533,820,95860434,95846012,8082.47,-79.77,-88.29,34.4,33.8323
23:02:27.840 > 44586,821,95860778,95846364,8084.67,-80.06,-88.08,34.4,33.8135
23:02:27.893 > 44639,822,95860618,95846199,8082.76,-79.47,-88.31,34.4,33.8229
23:02:27.945 > 44692,823,95860472,95846049,8071.03,-77.67,-85.09,34.4,33.8323
23:02:27.998 > 44745,824,95860817,95846400,8080.85,-79.37,-88.07,34.4,33.8182
23:02:28.051 > 44798,825,95860665,95846246,8083.05,-78.49,-85.85,34.4,33.8229
23:02:28.104 > 44851,826,95860499,95846089,8082.61,-78.32,-86.31,35.4,33.8042
23:02:28.157 > 44904,827,95860350,95845933,8084.89,-78.32,-85.19,35.4,33.8182
23:02:28.210 > 44957,828,95860700,95846280,8081.00,-78.03,-85.80,34.4,33.8276
23:02:28.263 > 45010,829,95860554,95846138,8082.10,-78.15,-85.99,34.4,33.8182
23:02:28.316 > 45063,830,95860385,95845969,8081.73,-78.86,-86.01,34.4,33.8182
23:02:28.370 > 45116,831,95860750,95846337,8084.01,-78.68,-85.92,34.4,33.8089
23:02:28.423 > 45169,832,95860591,95846175,8081.15,-79.79,-88.13,34.4,33.8182
23:02:28.475 > 45222,833,95860438,95846019,8081.15,-78.37,-85.66,34.4,33.8229
23:02:28.528 > 45275,834,95860791,95846373,8083.86,-79.22,-86.85,34.4,33.8229
23:02:28.581 > 45328,835,95860638,95846218,8069.27,-78.27,-85.50,35.4,33.8276
23:02:28.634 > 45381,836,95860476,95846075,8082.61,-78.91,-86.02,34.4,33.7807
23:02:28.687 > 45434,837,95860337,95845914,8087.45,-79.04,-85.88,35.4,33.8323
23:02:28.740 > 45487,838,95860695,95846272,8081.73,-78.86,-87.46,35.4,33.8323
23:02:28.794 > 45540,839,95860540,95846125,8084.08,-79.84,-88.20,35.4,33.8135
23:02:28.847 > 45593,840,95860374,95845964,8069.56,-78.16,-85.27,34.4,33.8042
23:02:28.900 > 45646,841,95860746,95846328,8066.85,-78.39,-86.12,35.4,33.8229
23:02:28.952 > 45699,842,95860583,95846160,8080.63,-78.69,-86.59,34.4,33.8323
23:02:29.005 > 45752,843,95860434,95846023,8083.20,-78.71,-86.11,35.4,33.8042
23:02:29.059 > 45805,844,95860792,95846368,8081.88,-78.54,-85.85,35.4,33.8370
23:02:29.112 > 45858,845,95860651,95846236,8081.73,-78.86,-86.23,35.4,33.8135
23:02:29.164 > 45911,846,95860490,95846070,8070.00,-78.44,-86.07,34.4,33.8276
23:02:29.217 > 45964,847,95860354,95845930,8083.20,-78.22,-85.34,34.4,33.8370
23:02:29.270 > 46017,848,95860702,95846274,8081.88,-78.71,-85.60,35.4,33.8464
23:02:29.325 > 46070,849,95860563,95846146,8087.16,-78.66,-86.45,35.4,33.8182
23:02:29.376 > 46123,850,95860404,95845981,8083.13,-78.89,-85.42,35.4,33.8323
23:02:29.429 > 46176,851,95860771,95846352,8081.37,-79.06,-86.29,35.4,33.8229
23:02:29.482 > 46229,852,95860619,95846201,8067.95,-79.14,-87.46,35.4,33.8229
23:02:29.535 > 46282,853,95860479,95846055,8083.13,-78.22,-85.52,35.4,33.8370
23:02:29.588 > 46335,854,95860318,95845900,8080.85,-78.30,-85.33,35.4,33.8229
23:02:29.641 > 46388,855,95860695,95846279,8081.81,-80.06,-88.09,34.4,33.8182
23:02:29.694 > 46441,856,95860536,95846120,8086.35,-79.60,-87.92,34.4,33.8182
23:02:29.747 > 46494,857,95860395,95845981,8082.91,-77.99,-85.10,35.4,33.8135
23:02:29.800 > 46547,858,95860756,95846345,8081.95,-79.97,-88.25,35.4,33.8042
23:02:29.853 > 46600,859,95860617,95846201,8067.66,-78.66,-86.93,35.4,33.8182
23:02:29.907 > 46653,860,95860468,95846047,8082.91,-78.79,-85.67,35.4,33.8276
23:02:29.959 > 46706,861,95860324,95845914,8070.44,-78.56,-85.78,35.4,33.8042
23:02:30.013 > 46759,862,95860688,95846262,8083.93,-78.84,-86.21,35.4,33.8417
23:02:30.065 > 46812,863,95860549,95846136,8069.71,-78.56,-85.42,35.4,33.8089
23:02:30.118 > 46865,864,95860405,95845977,8081.00,-78.54,-85.32,35.4,33.8464
23:02:30.171 > 46918,865,95860781,95846359,8069.49,-78.91,-85.83,35.4,33.8323
23:02:30.224 > 46971,866,95860626,95846213,8082.25,-80.19,-88.19,35.4,33.8089
23:02:30.277 > 47024,867,95860481,95846067,8084.45,-79.53,-88.04,35.4,33.8135
23:02:30.330 > 47077,868,95860352,95845920,8083.57,-79.39,-85.49,35.4,33.8558
23:02:30.383 > 47130,869,95860724,95846317,8084.15,-78.66,-85.77,35.4,33.7948
23:02:30.436 > 47183,870,95860581,95846151,8087.53,-77.92,-85.04,35.4,33.8511
23:02:30.489 > 47236,871,95860438,95846020,8070.96,-78.42,-85.38,35.4,33.8229
23:02:30.542 > 47289,872,95860813,95846395,8069.12,-78.99,-86.92,35.4,33.8229
23:02:30.595 > 47342,873,95860677,95846267,8086.57,-80.01,-88.28,35.4,33.8042
23:02:30.648 > 47395,874,95860542,95846114,8085.91,-79.04,-85.96,35.4,33.8464
23:02:30.701 > 47448,875,95860402,95845989,8081.51,-78.47,-85.09,35.4,33.8089
23:02:30.754 > 47501,876,95860767,95846351,8081.00,-78.49,-85.61,35.4,33.8182
23:02:30.807 > 47554,877,95860633,95846218,8080.56,-78.61,-86.15,35.4,33.8135
23:02:30.860 > 47607,878,95860500,95846080,8081.15,-78.76,-86.88,34.4,33.8276
23:02:30.913 > 47660,879,95860363,95845939,8080.49,-78.76,-86.32,35.4,33.8370
23:02:30.966 > 47713,880,95860728,95846311,8070.66,-78.25,-85.31,35.4,33.8182
23:02:31.019 > 47766,881,95860599,95846179,8085.99,-79.11,-86.46,35.4,33.8276
23:02:31.072 > 47819,882,95860462,95846034,8083.35,-78.44,-85.12,35.4,33.8464
23:02:31.125 > 47872,883,95860321,95845904,8081.59,-78.18,-85.22,34.4,33.8182
23:02:31.178 > 47925,884,95860699,95846287,8071.03,-79.24,-86.02,35.4,33.8089
23:02:31.231 > 47978,885,95860565,95846152,8082.32,-80.34,-88.28,34.4,33.8089
23:02:31.284 > 48031,886,95860433,95846016,8082.17,-79.92,-88.04,35.4,33.8182
23:02:31.342 > 48084,887,95860811,95846398,8068.83,-80.67,-88.42,34.4,33.8089
23:02:31.390 > 48137,888,95860669,95846262,8069.56,-78.94,-86.85,34.4,33.7948
23:02:31.443 > 48190,889,95860554,95846129,8081.95,-80.01,-88.25,35.4,33.8370
23:02:31.496 > 48243,890,95860410,95845995,8080.93,-80.02,-87.49,34.4,33.8135
23:02:31.549 > 48296,891,95860802,95846374,8080.49,-77.84,-85.00,34.4,33.8464
23:02:31.602 > 48349,892,95860664,95846239,8083.20,-78.54,-84.95,34.4,33.8370
23:02:31.655 > 48402,893,95860533,95846115,8066.19,-79.90,-88.06,35.4,33.8229
23:02:31.708 > 48455,894,95860390,95845980,8081.73,-79.92,-88.12,35.4,33.8042
23:02:31.761 > 48508,895,95860776,95846362,8070.81,-78.51,-85.67,34.4,33.8135
23:02:31.814 > 48561,896,95860635,95846233,8086.94,-79.39,-87.17,34.4,33.7854
23:02:31.867 > 48614,897,95860515,95846097,8083.13,-79.42,-87.34,35.4,33.8229
23:02:31.920 > 48667,898,95860374,95845964,8083.71,-78.02,-85.46,35.4,33.8042
23:02:31.973 > 48720,899,95860760,95846356,8082.83,-78.18,-85.66,35.4,33.7901
23:02:32.026 > 48773,900,95860635,95846206,8086.72,-78.44,-86.10,35.4,33.8464
23:02:32.079 > 48826,901,95860510,95846096,8081.81,-79.01,-87.29,34.4,33.8135
23:02:32.132 > 48879,902,95860374,95845966,8081.15,-79.76,-88.13,35.4,33.7995
23:02:32.185 > 48932,903,95860768,95846353,8082.69,-78.37,-85.61,35.4,33.8135
23:02:32.238 > 48985,904,95860629,95846217,8080.85,-79.09,-85.98,35.4,33.8089
23:02:32.291 > 49038,905,95860519,95846097,8081.88,-79.79,-85.59,35.4,33.8323
23:02:32.350 > 49091,906,95860380,95845962,8070.08,-79.74,-88.02,35.4,33.8229
23:02:32.397 > 49144,907,95860772,95846357,8084.01,-78.71,-85.94,34.4,33.8135
23:02:32.450 > 49197,908,95860648,95846216,8070.52,-78.94,-85.48,35.4,33.8558
23:02:32.503 > 49250,909,95860534,95846109,8083.20,-78.18,-85.43,35.4,33.8370
23:02:32.556 > 49303,910,95860404,95845981,8069.93,-78.69,-85.23,34.4,33.8323
23:02:32.609 > 49356,911,95860801,95846378,8070.22,-79.53,-85.36,35.4,33.8323
23:02:32.662 > 49409,912,95860674,95846250,8067.36,-79.39,-85.73,35.4,33.8370
23:02:32.715 > 49462,913,95860555,95846130,8083.71,-80.90,-88.45,35.4,33.8370
23:02:32.768 > 49515,914,95860430,95846016,8067.58,-79.27,-86.73,34.4,33.8135
23:02:32.821 > 49568,915,95860308,95845892,8082.39,-78.37,-86.09,34.4,33.8182
23:02:32.874 > 49621,916,95860692,95846279,8070.52,-79.76,-87.28,35.4,33.8089
23:02:32.927 > 49674,917,95860574,95846167,8068.98,-80.84,-88.15,34.4,33.7948
23:02:32.980 > 49727,918,95860453,95846030,8069.93,-79.65,-85.58,34.4,33.8323
23:02:33.033 > 49780,919,95860346,95845919,8084.45,-79.68,-85.42,35.4,33.8417
23:02:33.086 > 49833,920,95860727,95846304,8082.25,-79.50,-85.76,35.4,33.8323
23:02:33.139 > 49886,921,95860617,95846201,8070.37,-79.95,-86.41,35.4,33.8182
23:02:33.192 > 49939,922,95860487,95846076,8068.90,-79.24,-85.86,35.4,33.8042
23:02:33.245 > 49992,923,95860369,95845954,8084.74,-80.62,-87.44,35.4,33.8135
23:02:33.298 > 50045,924,95860762,95846343,8082.32,-79.09,-85.56,34.4,33.8229
23:02:33.351 > 50098,925,95860651,95846230,8086.13,-79.42,-84.97,35.4,33.8276
23:02:33.404 > 50151,926,95860535,95846112,8081.00,-80.08,-85.39,35.4,33.8323
23:02:33.457 > 50204,927,95860418,95846008,8069.34,-79.95,-86.30,35.4,33.8042
23:02:33.510 > 50257,928,95860802,95846397,8080.93,-80.97,-88.35,34.4,33.7901
23:02:33.563 > 50310,929,95860695,95846279,8081.07,-79.68,-87.37,34.4,33.8182
23:02:33.616 > 50363,930,95860582,95846159,8068.24,-78.89,-86.10,34.4,33.8323
23:02:33.669 > 50416,931,95860467,95846055,8080.49,-79.27,-85.70,35.4,33.8089
23:02:33.722 > 50469,932,95860343,95845924,8069.71,-79.34,-85.17,35.4,33.8229
23:02:33.775 > 50522,933,95860744,95846329,8083.42,-81.08,-88.50,35.4,33.8135
23:02:33.828 > 50575,934,95860619,95846208,8084.59,-79.34,-85.94,34.4,33.8042
23:02:33.881 > 50628,935,95860519,95846093,8082.91,-79.84,-85.63,35.4,33.8417
23:02:33.934 > 50681,936,95860396,95845978,8081.81,-80.52,-88.24,35.4,33.8229
23:02:33.987 > 50734,937,95860803,95846387,8085.25,-79.47,-85.89,34.4,33.8182
23:02:34.040 > 50787,938,95860692,95846272,8070.74,-80.62,-87.30,35.4,33.8276
23:02:34.093 > 50840,939,95860580,95846167,8084.23,-79.42,-85.67,35.4,33.8089
23:02:34.146 > 50893,940,95860465,95846049,8069.42,-79.09,-85.41,34.4,33.8182
23:02:34.199 > 50946,941,95860360,95845941,8082.32,-78.61,-85.28,35.4,33.8229
23:02:34.252 > 50999,942,95860752,95846344,8069.93,-79.58,-86.72,34.4,33.7995
23:02:34.305 > 51052,943,95860652,95846234,8068.98,-79.37,-85.76,35.4,33.8229
23:02:34.372 > 51105,944,95860531,95846112,8070.30,-79.09,-85.46,34.4,33.8229
23:02:34.411 > 51158,945,95860433,95846011,8080.56,-80.34,-88.20,35.4,33.8323
23:02:34.464 > 51211,946,95860310,95845894,8080.71,-79.09,-85.65,34.4,33.8182
23:02:34.517 > 51264,947,95860726,95846292,8083.49,-79.47,-85.15,35.4,33.8605
23:02:34.570 > 51317,948,95860605,95846196,8068.90,-80.46,-87.58,35.4,33.7995
23:02:34.623 > 51370,949,95860499,95846093,8070.96,-79.16,-85.35,35.4,33.7948
23:02:34.676 > 51423,950,95860376,95845970,8082.54,-80.63,-87.76,35.4,33.7948
23:02:34.729 > 51476,951,95860801,95846379,8068.76,-81.49,-88.18,35.4,33.8323
